[10-Mar-2026 00:58:26 Africa/Lagos] ROUTER END: Successfully served /home/academixsuite/public_html/tenant/{school-slug}/admin/profile.php
[10-Mar-2026 00:59:36 Africa/Lagos] ROUTER END: Successfully served /home/academixsuite/public_html/tenant/{school-slug}/admin/profile.php
[10-Mar-2026 01:07:59 Africa/Lagos] ROUTER END: Successfully served /home/academixsuite/public_html/tenant/{school-slug}/admin/profile.php
[10-Mar-2026 01:08:10 Africa/Lagos] ROUTER END: Successfully served /home/academixsuite/public_html/tenant/{school-slug}/admin/profile.php
[10-Mar-2026 01:13:35 Africa/Lagos] ROUTER END: Successfully served /home/academixsuite/public_html/tenant/{school-slug}/admin/profile.php
[10-Mar-2026 01:14:57 Africa/Lagos] ROUTER END: Successfully served /home/academixsuite/public_html/tenant/{school-slug}/admin/profile.php
[10-Mar-2026 01:24:02 Africa/Lagos] === ADMIN PROFILE PAGE START ===
[10-Mar-2026 01:24:02 Africa/Lagos] Request URI: /tenant/bitflux-wallet-1771434696/admin/profile.php
[10-Mar-2026 01:24:02 Africa/Lagos] School database connection successful
[10-Mar-2026 01:24:02 Africa/Lagos] === ADMIN PROFILE PAGE END ===
[10-Mar-2026 01:24:02 Africa/Lagos] ROUTER END: Successfully served /home/academixsuite/public_html/tenant/{school-slug}/admin/profile.php
[10-Mar-2026 01:24:36 Africa/Lagos] === ADMIN PROFILE PAGE START ===
[10-Mar-2026 01:24:36 Africa/Lagos] Request URI: /tenant/bitflux-wallet-1771434696/admin/profile.php
[10-Mar-2026 01:24:36 Africa/Lagos] School database connection successful
[10-Mar-2026 01:24:45 Africa/Lagos] === ADMIN PROFILE PAGE START ===
[10-Mar-2026 01:24:45 Africa/Lagos] Request URI: /tenant/bitflux-wallet-1771434696/admin/profile.php
[10-Mar-2026 01:24:45 Africa/Lagos] School database connection successful
[10-Mar-2026 01:24:45 Africa/Lagos] === ADMIN PROFILE PAGE END ===
[10-Mar-2026 01:24:45 Africa/Lagos] ROUTER END: Successfully served /home/academixsuite/public_html/tenant/{school-slug}/admin/profile.php
[10-Mar-2026 01:25:20 Africa/Lagos] === ADMIN PROFILE PAGE START ===
[10-Mar-2026 01:25:20 Africa/Lagos] Request URI: /tenant/bitflux-wallet-1771434696/admin/profile.php
[10-Mar-2026 01:25:20 Africa/Lagos] School database connection successful
[10-Mar-2026 01:25:20 Africa/Lagos] === ADMIN PROFILE PAGE END ===
[10-Mar-2026 01:25:20 Africa/Lagos] ROUTER END: Successfully served /home/academixsuite/public_html/tenant/{school-slug}/admin/profile.php
[10-Mar-2026 01:36:17 Africa/Lagos] === ADMIN PROFILE PAGE START ===
[10-Mar-2026 01:36:17 Africa/Lagos] Request URI: /tenant/bitflux-wallet-1771434696/admin/profile.php
[10-Mar-2026 01:36:17 Africa/Lagos] School database connection successful
[10-Mar-2026 01:36:17 Africa/Lagos] === ADMIN PROFILE PAGE END ===
[10-Mar-2026 01:36:17 Africa/Lagos] ROUTER END: Successfully served /home/academixsuite/public_html/tenant/{school-slug}/admin/profile.php
[10-Mar-2026 06:23:51 Africa/Lagos] === ADMIN PROFILE PAGE START ===
[10-Mar-2026 06:23:51 Africa/Lagos] Request URI: /tenant/bitflux-wallet-1771434696/admin/profile.php
[10-Mar-2026 06:23:51 Africa/Lagos] School database connection successful
[10-Mar-2026 06:23:51 Africa/Lagos] === ADMIN PROFILE PAGE END ===
[10-Mar-2026 06:23:51 Africa/Lagos] ROUTER END: Successfully served /home/academixsuite/public_html/tenant/{school-slug}/admin/profile.php
[10-Mar-2026 06:24:30 Africa/Lagos] === ADMIN PROFILE PAGE START ===
[10-Mar-2026 06:24:30 Africa/Lagos] Request URI: /tenant/bitflux-wallet-1771434696/admin/profile.php
[10-Mar-2026 06:24:30 Africa/Lagos] School database connection successful
[10-Mar-2026 06:24:50 Africa/Lagos] === ADMIN PROFILE PAGE START ===
[10-Mar-2026 06:24:50 Africa/Lagos] Request URI: /tenant/bitflux-wallet-1771434696/admin/profile.php
[10-Mar-2026 06:24:50 Africa/Lagos] School database connection successful
[10-Mar-2026 06:24:55 Africa/Lagos] === ADMIN PROFILE PAGE START ===
[10-Mar-2026 06:24:55 Africa/Lagos] Request URI: /tenant/bitflux-wallet-1771434696/admin/profile.php
[10-Mar-2026 06:24:55 Africa/Lagos] School database connection successful
[10-Mar-2026 06:24:55 Africa/Lagos] === ADMIN PROFILE PAGE END ===
[10-Mar-2026 06:24:55 Africa/Lagos] ROUTER END: Successfully served /home/academixsuite/public_html/tenant/{school-slug}/admin/profile.php
[10-Mar-2026 06:25:04 Africa/Lagos] === ADMIN PROFILE PAGE START ===
[10-Mar-2026 06:25:04 Africa/Lagos] Request URI: /tenant/bitflux-wallet-1771434696/admin/profile.php
[10-Mar-2026 06:25:04 Africa/Lagos] School database connection successful
[10-Mar-2026 06:25:39 Africa/Lagos] === ADMIN PROFILE PAGE START ===
[10-Mar-2026 06:25:39 Africa/Lagos] Request URI: /tenant/bitflux-wallet-1771434696/admin/profile.php
[10-Mar-2026 06:25:39 Africa/Lagos] School database connection successful
[10-Mar-2026 12:08:36 Africa/Lagos] === ADMIN PROFILE PAGE START ===
[10-Mar-2026 12:08:36 Africa/Lagos] Request URI: /tenant/bitflux-wallet-1771434696/admin/profile.php
[10-Mar-2026 12:08:36 Africa/Lagos] School database connection successful
[10-Mar-2026 12:08:36 Africa/Lagos] === ADMIN PROFILE PAGE END ===
[10-Mar-2026 12:08:36 Africa/Lagos] ROUTER END: Successfully served /home/academixsuite/public_html/tenant/{school-slug}/admin/profile.php
[10-Mar-2026 12:08:58 Africa/Lagos] === ADMIN PROFILE PAGE START ===
[10-Mar-2026 12:08:58 Africa/Lagos] Request URI: /tenant/bitflux-wallet-1771434696/admin/profile.php
[10-Mar-2026 12:08:58 Africa/Lagos] School database connection successful
[10-Mar-2026 12:09:20 Africa/Lagos] === ADMIN PROFILE PAGE START ===
[10-Mar-2026 12:09:20 Africa/Lagos] Request URI: /tenant/bitflux-wallet-1771434696/admin/profile.php
[10-Mar-2026 12:09:20 Africa/Lagos] School database connection successful
[10-Mar-2026 12:10:42 Africa/Lagos] === ADMIN PROFILE PAGE START ===
[10-Mar-2026 12:10:42 Africa/Lagos] Request URI: /tenant/bitflux-wallet-1771434696/admin/profile.php
[10-Mar-2026 12:10:42 Africa/Lagos] School database connection successful
[10-Mar-2026 12:10:42 Africa/Lagos] === ADMIN PROFILE PAGE END ===
[10-Mar-2026 12:10:42 Africa/Lagos] ROUTER END: Successfully served /home/academixsuite/public_html/tenant/{school-slug}/admin/profile.php
[11-Mar-2026 04:29:51 Africa/Lagos] === ADMIN PROFILE PAGE START ===
[11-Mar-2026 04:29:51 Africa/Lagos] Request URI: /tenant/bitflux-wallet-1771434696/admin/profile.php
[11-Mar-2026 04:29:51 Africa/Lagos] School database connection successful
[11-Mar-2026 04:29:51 Africa/Lagos] === ADMIN PROFILE PAGE END ===
[11-Mar-2026 04:29:51 Africa/Lagos] ROUTER END: Successfully served /home/academixsuite/public_html/tenant/{school-slug}/admin/profile.php
[12-Mar-2026 14:09:19 Africa/Lagos] === ADMIN PROFILE PAGE START ===
[12-Mar-2026 14:09:19 Africa/Lagos] Request URI: /tenant/bitflux-wallet-1771434696/admin/profile.php
[12-Mar-2026 14:09:19 Africa/Lagos] School database connection successful
[12-Mar-2026 14:09:19 Africa/Lagos] === ADMIN PROFILE PAGE END ===
[12-Mar-2026 14:09:19 Africa/Lagos] ROUTER END: Successfully served /home/academixsuite/public_html/tenant/{school-slug}/admin/profile.php
[12-Mar-2026 14:10:32 Africa/Lagos] === ADMIN PROFILE PAGE START ===
[12-Mar-2026 14:10:32 Africa/Lagos] Request URI: /tenant/bitflux-wallet-1771434696/admin/profile.php
[12-Mar-2026 14:10:32 Africa/Lagos] School database connection successful
[12-Mar-2026 14:10:32 Africa/Lagos] === ADMIN PROFILE PAGE END ===
[12-Mar-2026 14:10:32 Africa/Lagos] ROUTER END: Successfully served /home/academixsuite/public_html/tenant/{school-slug}/admin/profile.php
[17-Mar-2026 11:10:10 Africa/Lagos] === ADMIN PROFILE PAGE START ===
[17-Mar-2026 11:10:10 Africa/Lagos] Request URI: /tenant/bitflux-wallet-1771434696/admin/profile.php
[17-Mar-2026 11:10:10 Africa/Lagos] School database connection successful
[17-Mar-2026 11:10:10 Africa/Lagos] === ADMIN PROFILE PAGE END ===
[17-Mar-2026 11:10:10 Africa/Lagos] ROUTER END: Successfully served /home/academixsuite/public_html/tenant/{school-slug}/admin/profile.php
[24-Mar-2026 09:57:41 Africa/Lagos] === ADMIN PROFILE PAGE START ===
[24-Mar-2026 09:57:41 Africa/Lagos] Request URI: /tenant/bitflux-wallet-1771434696/admin/profile.php
[24-Mar-2026 09:57:41 Africa/Lagos] School database connection successful
[24-Mar-2026 09:57:41 Africa/Lagos] === ADMIN PROFILE PAGE END ===
[24-Mar-2026 09:57:41 Africa/Lagos] ROUTER END: Successfully served /home/academixsuite/public_html/tenant/{school-slug}/admin/profile.php
[05-Apr-2026 04:57:31 Africa/Lagos] === ADMIN PROFILE PAGE START ===
[05-Apr-2026 04:57:31 Africa/Lagos] Request URI: /tenant/bitflux-wallet-1771434696/admin/profile.php
[05-Apr-2026 04:57:31 Africa/Lagos] School database connection successful
[05-Apr-2026 04:57:31 Africa/Lagos] === ADMIN PROFILE PAGE END ===
[05-Apr-2026 04:57:31 Africa/Lagos] ROUTER END: Successfully served /home/academixsuite/public_html/tenant/{school-slug}/admin/profile.php
