[02-Feb-2026 03:31:18 UTC] ========== BULK EMAIL SENDER START ==========
[02-Feb-2026 03:31:18 UTC] Timestamp: 2026-02-02 03:31:18
[02-Feb-2026 03:31:18 UTC] PHP Version: 8.4.16
[02-Feb-2026 03:31:18 UTC] Script: /home/academixsuite/public_html/platform/admin/schools/send-email.php
[02-Feb-2026 03:31:18 UTC] Method: POST
[02-Feb-2026 03:31:18 UTC] Session ID: b8e88051a1ca588fbd92fb85e9ca62ec
[02-Feb-2026 03:31:18 UTC] Session data exists: YES
[02-Feb-2026 03:31:18 UTC] Autoload path (realpath): /home/academixsuite/public_html/includes/autoload.php
[02-Feb-2026 03:31:18 UTC] Using autoload file: /home/academixsuite/public_html/includes/autoload.php
[02-Feb-2026 03:43:10 UTC] ========== BULK EMAIL SENDER START ==========
[02-Feb-2026 03:43:10 UTC] Timestamp: 2026-02-02 03:43:10
[02-Feb-2026 03:43:10 UTC] PHP Version: 8.4.16
[02-Feb-2026 03:43:10 UTC] Script: /home/academixsuite/public_html/platform/admin/schools/send-email.php
[02-Feb-2026 03:43:10 UTC] Method: POST
[02-Feb-2026 03:43:10 UTC] Session ID: b8e88051a1ca588fbd92fb85e9ca62ec
[02-Feb-2026 03:43:10 UTC] Session data exists: YES
[02-Feb-2026 03:43:10 UTC] Autoload path (realpath): /home/academixsuite/public_html/includes/autoload.php
[02-Feb-2026 03:43:10 UTC] Using autoload file: /home/academixsuite/public_html/includes/autoload.php
[02-Feb-2026 03:43:16 UTC] ========== BULK EMAIL SENDER START ==========
[02-Feb-2026 03:43:16 UTC] Timestamp: 2026-02-02 03:43:16
[02-Feb-2026 03:43:16 UTC] PHP Version: 8.4.16
[02-Feb-2026 03:43:16 UTC] Script: /home/academixsuite/public_html/platform/admin/schools/send-email.php
[02-Feb-2026 03:43:16 UTC] Method: POST
[02-Feb-2026 03:43:16 UTC] Session ID: b8e88051a1ca588fbd92fb85e9ca62ec
[02-Feb-2026 03:43:16 UTC] Session data exists: YES
[02-Feb-2026 03:43:16 UTC] Autoload path (realpath): /home/academixsuite/public_html/includes/autoload.php
[02-Feb-2026 03:43:16 UTC] Using autoload file: /home/academixsuite/public_html/includes/autoload.php
[02-Feb-2026 03:43:22 UTC] ========== BULK EMAIL SENDER START ==========
[02-Feb-2026 03:43:22 UTC] Timestamp: 2026-02-02 03:43:22
[02-Feb-2026 03:43:22 UTC] PHP Version: 8.4.16
[02-Feb-2026 03:43:22 UTC] Script: /home/academixsuite/public_html/platform/admin/schools/send-email.php
[02-Feb-2026 03:43:22 UTC] Method: POST
[02-Feb-2026 03:43:22 UTC] Session ID: b8e88051a1ca588fbd92fb85e9ca62ec
[02-Feb-2026 03:43:22 UTC] Session data exists: YES
[02-Feb-2026 03:43:22 UTC] Autoload path (realpath): /home/academixsuite/public_html/includes/autoload.php
[02-Feb-2026 03:43:22 UTC] Using autoload file: /home/academixsuite/public_html/includes/autoload.php
[02-Feb-2026 03:43:45 UTC] ========== BULK EMAIL SENDER START ==========
[02-Feb-2026 03:43:45 UTC] Timestamp: 2026-02-02 03:43:45
[02-Feb-2026 03:43:45 UTC] PHP Version: 8.4.16
[02-Feb-2026 03:43:45 UTC] Script: /home/academixsuite/public_html/platform/admin/schools/send-email.php
[02-Feb-2026 03:43:45 UTC] Method: POST
[02-Feb-2026 03:43:45 UTC] Session ID: b8e88051a1ca588fbd92fb85e9ca62ec
[02-Feb-2026 03:43:45 UTC] Session data exists: YES
[02-Feb-2026 03:43:45 UTC] Autoload path (realpath): /home/academixsuite/public_html/includes/autoload.php
[02-Feb-2026 03:43:45 UTC] Using autoload file: /home/academixsuite/public_html/includes/autoload.php
[02-Feb-2026 03:47:23 UTC] ========== BULK EMAIL SENDER START ==========
[02-Feb-2026 03:47:23 UTC] Timestamp: 2026-02-02 03:47:23
[02-Feb-2026 03:47:23 UTC] PHP Version: 8.4.16
[02-Feb-2026 03:47:23 UTC] Script: /home/academixsuite/public_html/platform/admin/schools/send-email.php
[02-Feb-2026 03:47:23 UTC] Method: POST
[02-Feb-2026 03:47:23 UTC] Session ID: b8e88051a1ca588fbd92fb85e9ca62ec
[02-Feb-2026 03:47:23 UTC] Session data exists: YES
[02-Feb-2026 03:47:23 UTC] Autoload path (realpath): /home/academixsuite/public_html/includes/autoload.php
[02-Feb-2026 03:47:23 UTC] Using autoload file: /home/academixsuite/public_html/includes/autoload.php
[02-Feb-2026 03:47:31 UTC] ========== BULK EMAIL SENDER START ==========
[02-Feb-2026 03:47:31 UTC] Timestamp: 2026-02-02 03:47:31
[02-Feb-2026 03:47:31 UTC] PHP Version: 8.4.16
[02-Feb-2026 03:47:31 UTC] Script: /home/academixsuite/public_html/platform/admin/schools/send-email.php
[02-Feb-2026 03:47:31 UTC] Method: POST
[02-Feb-2026 03:47:31 UTC] Session ID: b8e88051a1ca588fbd92fb85e9ca62ec
[02-Feb-2026 03:47:31 UTC] Session data exists: YES
[02-Feb-2026 03:47:31 UTC] Autoload path (realpath): /home/academixsuite/public_html/includes/autoload.php
[02-Feb-2026 03:47:31 UTC] Using autoload file: /home/academixsuite/public_html/includes/autoload.php
[02-Feb-2026 03:47:43 UTC] ========== BULK EMAIL SENDER START ==========
[02-Feb-2026 03:47:43 UTC] Timestamp: 2026-02-02 03:47:43
[02-Feb-2026 03:47:43 UTC] PHP Version: 8.4.16
[02-Feb-2026 03:47:43 UTC] Script: /home/academixsuite/public_html/platform/admin/schools/send-email.php
[02-Feb-2026 03:47:43 UTC] Method: POST
[02-Feb-2026 03:47:43 UTC] Session ID: b8e88051a1ca588fbd92fb85e9ca62ec
[02-Feb-2026 03:47:43 UTC] Session data exists: YES
[02-Feb-2026 03:47:43 UTC] Autoload path (realpath): /home/academixsuite/public_html/includes/autoload.php
[02-Feb-2026 03:47:43 UTC] Using autoload file: /home/academixsuite/public_html/includes/autoload.php
[02-Feb-2026 03:51:11 UTC] ========== BULK EMAIL SENDER START ==========
[02-Feb-2026 03:51:11 UTC] Timestamp: 2026-02-02 03:51:11
[02-Feb-2026 03:51:11 UTC] PHP Version: 8.4.16
[02-Feb-2026 03:51:11 UTC] Script: /home/academixsuite/public_html/platform/admin/schools/send-email.php
[02-Feb-2026 03:51:11 UTC] Method: POST
[02-Feb-2026 03:51:11 UTC] Session ID: b8e88051a1ca588fbd92fb85e9ca62ec
[02-Feb-2026 03:51:11 UTC] Session data exists: YES
[02-Feb-2026 03:51:11 UTC] Autoload path (realpath): /home/academixsuite/public_html/includes/autoload.php
[02-Feb-2026 03:51:11 UTC] Using autoload file: /home/academixsuite/public_html/includes/autoload.php
[02-Feb-2026 03:51:22 UTC] ========== BULK EMAIL SENDER START ==========
[02-Feb-2026 03:51:22 UTC] Timestamp: 2026-02-02 03:51:22
[02-Feb-2026 03:51:22 UTC] PHP Version: 8.4.16
[02-Feb-2026 03:51:22 UTC] Script: /home/academixsuite/public_html/platform/admin/schools/send-email.php
[02-Feb-2026 03:51:22 UTC] Method: POST
[02-Feb-2026 03:51:22 UTC] Session ID: b8e88051a1ca588fbd92fb85e9ca62ec
[02-Feb-2026 03:51:22 UTC] Session data exists: YES
[02-Feb-2026 03:51:22 UTC] Autoload path (realpath): /home/academixsuite/public_html/includes/autoload.php
[02-Feb-2026 03:51:22 UTC] Using autoload file: /home/academixsuite/public_html/includes/autoload.php
[02-Feb-2026 03:52:00 UTC] ========== BULK EMAIL SENDER START ==========
[02-Feb-2026 03:52:00 UTC] Timestamp: 2026-02-02 03:52:00
[02-Feb-2026 03:52:00 UTC] PHP Version: 8.4.16
[02-Feb-2026 03:52:00 UTC] Script: /home/academixsuite/public_html/platform/admin/schools/send-email.php
[02-Feb-2026 03:52:00 UTC] Method: POST
[02-Feb-2026 03:52:00 UTC] Session ID: b8e88051a1ca588fbd92fb85e9ca62ec
[02-Feb-2026 03:52:00 UTC] Session data exists: YES
[02-Feb-2026 03:52:00 UTC] Autoload path (realpath): /home/academixsuite/public_html/includes/autoload.php
[02-Feb-2026 03:52:00 UTC] Using autoload file: /home/academixsuite/public_html/includes/autoload.php
[02-Feb-2026 03:52:09 UTC] ========== BULK EMAIL SENDER START ==========
[02-Feb-2026 03:52:09 UTC] Timestamp: 2026-02-02 03:52:09
[02-Feb-2026 03:52:09 UTC] PHP Version: 8.4.16
[02-Feb-2026 03:52:09 UTC] Script: /home/academixsuite/public_html/platform/admin/schools/send-email.php
[02-Feb-2026 03:52:09 UTC] Method: POST
[02-Feb-2026 03:52:09 UTC] Session ID: b8e88051a1ca588fbd92fb85e9ca62ec
[02-Feb-2026 03:52:09 UTC] Session data exists: YES
[02-Feb-2026 03:52:09 UTC] Autoload path (realpath): /home/academixsuite/public_html/includes/autoload.php
[02-Feb-2026 03:52:09 UTC] Using autoload file: /home/academixsuite/public_html/includes/autoload.php
[02-Feb-2026 03:57:31 UTC] ========== BULK EMAIL SENDER START ==========
[02-Feb-2026 03:57:31 UTC] Timestamp: 2026-02-02 03:57:31
[02-Feb-2026 03:57:31 UTC] PHP Version: 8.4.16
[02-Feb-2026 03:57:31 UTC] Script: /home/academixsuite/public_html/platform/admin/schools/send-email.php
[02-Feb-2026 03:57:31 UTC] Method: POST
[02-Feb-2026 03:57:31 UTC] Session ID: b8e88051a1ca588fbd92fb85e9ca62ec
[02-Feb-2026 03:57:31 UTC] Session data exists: YES
[02-Feb-2026 03:57:31 UTC] Autoload path (realpath): /home/academixsuite/public_html/includes/autoload.php
[02-Feb-2026 03:57:31 UTC] Using autoload file: /home/academixsuite/public_html/includes/autoload.php
[02-Feb-2026 04:00:16 UTC] ========== BULK EMAIL SENDER START ==========
[02-Feb-2026 04:00:16 UTC] Timestamp: 2026-02-02 04:00:16
[02-Feb-2026 04:00:16 UTC] PHP Version: 8.4.16
[02-Feb-2026 04:00:16 UTC] Script: /home/academixsuite/public_html/platform/admin/schools/send-email.php
[02-Feb-2026 04:00:16 UTC] Method: GET
[02-Feb-2026 04:00:16 UTC] Session ID: e437af77b472c06014905829dd3a9445
[02-Feb-2026 04:00:16 UTC] Session data exists: YES
[02-Feb-2026 04:00:16 UTC] Autoload path (realpath): /home/academixsuite/public_html/includes/autoload.php
[02-Feb-2026 04:00:16 UTC] Using autoload file: /home/academixsuite/public_html/includes/autoload.php
[02-Feb-2026 04:00:46 UTC] ========== BULK EMAIL SENDER START ==========
[02-Feb-2026 04:00:46 UTC] Timestamp: 2026-02-02 04:00:46
[02-Feb-2026 04:00:46 UTC] PHP Version: 8.4.16
[02-Feb-2026 04:00:46 UTC] Script: /home/academixsuite/public_html/platform/admin/schools/send-email.php
[02-Feb-2026 04:00:46 UTC] Method: POST
[02-Feb-2026 04:00:46 UTC] Session ID: e437af77b472c06014905829dd3a9445
[02-Feb-2026 04:00:46 UTC] Session data exists: YES
[02-Feb-2026 04:00:46 UTC] Autoload path (realpath): /home/academixsuite/public_html/includes/autoload.php
[02-Feb-2026 04:00:46 UTC] Using autoload file: /home/academixsuite/public_html/includes/autoload.php
[02-Feb-2026 05:14:51 UTC] ========== BULK EMAIL SENDER START ==========
[02-Feb-2026 05:14:51 UTC] Timestamp: 2026-02-02 05:14:51
[02-Feb-2026 05:14:51 UTC] PHP Version: 8.4.16
[02-Feb-2026 05:14:51 UTC] Script: /home/academixsuite/public_html/platform/admin/schools/send-email.php
[02-Feb-2026 05:14:51 UTC] Method: GET
[02-Feb-2026 05:14:51 UTC] Session ID: 45abfefc3486b3abdbc64a25b89b8949
[02-Feb-2026 05:14:51 UTC] Session data exists: YES
[02-Feb-2026 05:14:51 UTC] Autoload path (realpath): /home/academixsuite/public_html/includes/autoload.php
[02-Feb-2026 05:14:51 UTC] Using autoload file: /home/academixsuite/public_html/includes/autoload.php
[02-Feb-2026 05:14:56 UTC] ========== BULK EMAIL SENDER START ==========
[02-Feb-2026 05:14:56 UTC] Timestamp: 2026-02-02 05:14:56
[02-Feb-2026 05:14:56 UTC] PHP Version: 8.4.16
[02-Feb-2026 05:14:56 UTC] Script: /home/academixsuite/public_html/platform/admin/schools/send-email.php
[02-Feb-2026 05:14:56 UTC] Method: POST
[02-Feb-2026 05:14:56 UTC] Session ID: 45abfefc3486b3abdbc64a25b89b8949
[02-Feb-2026 05:14:56 UTC] Session data exists: YES
[02-Feb-2026 05:14:56 UTC] Autoload path (realpath): /home/academixsuite/public_html/includes/autoload.php
[02-Feb-2026 05:14:56 UTC] Using autoload file: /home/academixsuite/public_html/includes/autoload.php
[02-Feb-2026 05:16:54 UTC] ========== BULK EMAIL SENDER START ==========
[02-Feb-2026 05:16:54 UTC] Timestamp: 2026-02-02 05:16:54
[02-Feb-2026 05:16:54 UTC] PHP Version: 8.4.16
[02-Feb-2026 05:16:54 UTC] Script: /home/academixsuite/public_html/platform/admin/schools/send-email.php
[02-Feb-2026 05:16:54 UTC] Method: GET
[02-Feb-2026 05:16:54 UTC] Session ID: 45abfefc3486b3abdbc64a25b89b8949
[02-Feb-2026 05:16:54 UTC] Session data exists: YES
[02-Feb-2026 05:16:54 UTC] Autoload path (realpath): /home/academixsuite/public_html/includes/autoload.php
[02-Feb-2026 05:16:54 UTC] Using autoload file: /home/academixsuite/public_html/includes/autoload.php
[02-Feb-2026 07:08:47 UTC] ========== BULK EMAIL SENDER START ==========
[02-Feb-2026 07:08:47 UTC] Timestamp: 2026-02-02 07:08:47
[02-Feb-2026 07:08:47 UTC] PHP Version: 8.4.16
[02-Feb-2026 07:08:47 UTC] Script: /home/academixsuite/public_html/platform/admin/schools/send-email.php
[02-Feb-2026 07:08:47 UTC] Method: GET
[02-Feb-2026 07:08:47 UTC] Session ID: 45abfefc3486b3abdbc64a25b89b8949
[02-Feb-2026 07:08:47 UTC] Session data exists: YES
[02-Feb-2026 07:08:47 UTC] Autoload path (realpath): /home/academixsuite/public_html/includes/autoload.php
[02-Feb-2026 07:08:47 UTC] Using autoload file: /home/academixsuite/public_html/includes/autoload.php
[02-Feb-2026 08:34:18 UTC] ========== BULK EMAIL SENDER START ==========
[02-Feb-2026 08:34:18 UTC] Timestamp: 2026-02-02 08:34:18
[02-Feb-2026 08:34:18 UTC] PHP Version: 8.4.16
[02-Feb-2026 08:34:18 UTC] Script: /home/academixsuite/public_html/platform/admin/schools/send-email.php
[02-Feb-2026 08:34:18 UTC] Method: GET
[02-Feb-2026 08:34:18 UTC] Session ID: ad084f6bb52d2479ec4fd41c48336406
[02-Feb-2026 08:34:18 UTC] Session data exists: YES
[02-Feb-2026 08:34:18 UTC] Autoload path (realpath): /home/academixsuite/public_html/includes/autoload.php
[02-Feb-2026 08:34:18 UTC] Using autoload file: /home/academixsuite/public_html/includes/autoload.php
[02-Feb-2026 11:18:37 UTC] ========== BULK EMAIL SENDER START ==========
[02-Feb-2026 11:18:37 UTC] Timestamp: 2026-02-02 11:18:37
[02-Feb-2026 11:18:37 UTC] PHP Version: 8.4.16
[02-Feb-2026 11:18:37 UTC] Script: /home/academixsuite/public_html/platform/admin/schools/send-email.php
[02-Feb-2026 11:18:37 UTC] Method: GET
[02-Feb-2026 11:18:37 UTC] Session ID: ad084f6bb52d2479ec4fd41c48336406
[02-Feb-2026 11:18:37 UTC] Session data exists: YES
[02-Feb-2026 11:18:37 UTC] Autoload path (realpath): /home/academixsuite/public_html/includes/autoload.php
[02-Feb-2026 11:18:37 UTC] Using autoload file: /home/academixsuite/public_html/includes/autoload.php
[02-Feb-2026 14:50:24 UTC] ========== BULK EMAIL SENDER START ==========
[02-Feb-2026 14:50:24 UTC] Timestamp: 2026-02-02 14:50:24
[02-Feb-2026 14:50:24 UTC] PHP Version: 8.4.16
[02-Feb-2026 14:50:24 UTC] Script: /home/academixsuite/public_html/platform/admin/schools/send-email.php
[02-Feb-2026 14:50:24 UTC] Method: GET
[02-Feb-2026 14:50:24 UTC] Session ID: b8e88051a1ca588fbd92fb85e9ca62ec
[02-Feb-2026 14:50:24 UTC] Session data exists: YES
[02-Feb-2026 14:50:24 UTC] Autoload path (realpath): /home/academixsuite/public_html/includes/autoload.php
[02-Feb-2026 14:50:24 UTC] Using autoload file: /home/academixsuite/public_html/includes/autoload.php
[03-Feb-2026 00:28:58 UTC] ========== BULK EMAIL SENDER START ==========
[03-Feb-2026 00:28:58 UTC] Timestamp: 2026-02-03 00:28:58
[03-Feb-2026 00:28:58 UTC] PHP Version: 8.4.16
[03-Feb-2026 00:28:58 UTC] Script: /home/academixsuite/public_html/platform/admin/schools/send-email.php
[03-Feb-2026 00:28:58 UTC] Method: GET
[03-Feb-2026 00:28:58 UTC] Session ID: b8e88051a1ca588fbd92fb85e9ca62ec
[03-Feb-2026 00:28:58 UTC] Session data exists: YES
[03-Feb-2026 00:28:58 UTC] Autoload path (realpath): /home/academixsuite/public_html/includes/autoload.php
[03-Feb-2026 00:28:58 UTC] Using autoload file: /home/academixsuite/public_html/includes/autoload.php
[06-Feb-2026 09:58:17 UTC] ========== BULK EMAIL SENDER START ==========
[06-Feb-2026 09:58:17 UTC] Timestamp: 2026-02-06 09:58:17
[06-Feb-2026 09:58:17 UTC] PHP Version: 8.4.16
[06-Feb-2026 09:58:17 UTC] Script: /home/academixsuite/public_html/platform/admin/schools/send-email.php
[06-Feb-2026 09:58:17 UTC] Method: GET
[06-Feb-2026 09:58:17 UTC] Session ID: f3010de3fc89f35119fc387f96b7a4fc
[06-Feb-2026 09:58:17 UTC] Session data exists: YES
[06-Feb-2026 09:58:17 UTC] Autoload path (realpath): /home/academixsuite/public_html/includes/autoload.php
[06-Feb-2026 09:58:17 UTC] Using autoload file: /home/academixsuite/public_html/includes/autoload.php
[12-Feb-2026 09:34:40 UTC] ========== BULK EMAIL SENDER START ==========
[12-Feb-2026 09:34:40 UTC] Timestamp: 2026-02-12 09:34:40
[12-Feb-2026 09:34:40 UTC] PHP Version: 8.4.16
[12-Feb-2026 09:34:40 UTC] Script: /home/academixsuite/public_html/platform/admin/schools/send-email.php
[12-Feb-2026 09:34:40 UTC] Method: GET
[12-Feb-2026 09:34:40 UTC] Session ID: 978af764c6185872c486685200e7dc92
[12-Feb-2026 09:34:40 UTC] Session data exists: YES
[12-Feb-2026 09:34:40 UTC] Autoload path (realpath): /home/academixsuite/public_html/includes/autoload.php
[12-Feb-2026 09:34:40 UTC] Using autoload file: /home/academixsuite/public_html/includes/autoload.php
[12-Feb-2026 09:35:03 UTC] ========== BULK EMAIL SENDER START ==========
[12-Feb-2026 09:35:03 UTC] Timestamp: 2026-02-12 09:35:03
[12-Feb-2026 09:35:03 UTC] PHP Version: 8.4.16
[12-Feb-2026 09:35:03 UTC] Script: /home/academixsuite/public_html/platform/admin/schools/send-email.php
[12-Feb-2026 09:35:03 UTC] Method: POST
[12-Feb-2026 09:35:03 UTC] Session ID: 978af764c6185872c486685200e7dc92
[12-Feb-2026 09:35:03 UTC] Session data exists: YES
[12-Feb-2026 09:35:03 UTC] Autoload path (realpath): /home/academixsuite/public_html/includes/autoload.php
[12-Feb-2026 09:35:03 UTC] Using autoload file: /home/academixsuite/public_html/includes/autoload.php
[04-Mar-2026 17:10:02 UTC] ========== BULK EMAIL SENDER START ==========
[04-Mar-2026 17:10:02 UTC] Timestamp: 2026-03-04 17:10:02
[04-Mar-2026 17:10:02 UTC] PHP Version: 8.4.16
[04-Mar-2026 17:10:02 UTC] Script: /home/academixsuite/public_html/platform/admin/schools/send-email.php
[04-Mar-2026 17:10:02 UTC] Method: GET
[04-Mar-2026 17:10:02 UTC] Session ID: 7c5d026663d6fa21c6bc337c4e01e601
[04-Mar-2026 17:10:02 UTC] Session data exists: YES
[04-Mar-2026 17:10:02 UTC] Autoload path (realpath): /home/academixsuite/public_html/includes/autoload.php
[04-Mar-2026 17:10:02 UTC] Using autoload file: /home/academixsuite/public_html/includes/autoload.php
[04-Mar-2026 17:10:27 UTC] ========== BULK EMAIL SENDER START ==========
[04-Mar-2026 17:10:27 UTC] Timestamp: 2026-03-04 17:10:27
[04-Mar-2026 17:10:27 UTC] PHP Version: 8.4.16
[04-Mar-2026 17:10:27 UTC] Script: /home/academixsuite/public_html/platform/admin/schools/send-email.php
[04-Mar-2026 17:10:27 UTC] Method: POST
[04-Mar-2026 17:10:27 UTC] Session ID: 7c5d026663d6fa21c6bc337c4e01e601
[04-Mar-2026 17:10:27 UTC] Session data exists: YES
[04-Mar-2026 17:10:27 UTC] Autoload path (realpath): /home/academixsuite/public_html/includes/autoload.php
[04-Mar-2026 17:10:27 UTC] Using autoload file: /home/academixsuite/public_html/includes/autoload.php
[17-Mar-2026 16:18:32 UTC] ========== BULK EMAIL SENDER START ==========
[17-Mar-2026 16:18:32 UTC] Timestamp: 2026-03-17 16:18:32
[17-Mar-2026 16:18:32 UTC] PHP Version: 8.4.16
[17-Mar-2026 16:18:32 UTC] Script: /home/academixsuite/public_html/platform/admin/schools/send-email.php
[17-Mar-2026 16:18:32 UTC] Method: GET
[17-Mar-2026 16:18:32 UTC] Session ID: 3edde614247231b08e94fbaded1d3f29
[17-Mar-2026 16:18:32 UTC] Session data exists: YES
[17-Mar-2026 16:18:32 UTC] Autoload path (realpath): /home/academixsuite/public_html/includes/autoload.php
[17-Mar-2026 16:18:32 UTC] Using autoload file: /home/academixsuite/public_html/includes/autoload.php
[19-Mar-2026 08:25:57 UTC] ========== BULK EMAIL SENDER START ==========
[19-Mar-2026 08:25:57 UTC] Timestamp: 2026-03-19 08:25:57
[19-Mar-2026 08:25:57 UTC] PHP Version: 8.4.16
[19-Mar-2026 08:25:57 UTC] Script: /home/academixsuite/public_html/platform/admin/schools/send-email.php
[19-Mar-2026 08:25:57 UTC] Method: GET
[19-Mar-2026 08:25:57 UTC] Session ID: c665db35f7928325aedb853ee50f7b1f
[19-Mar-2026 08:25:57 UTC] Session data exists: YES
[19-Mar-2026 08:25:57 UTC] Autoload path (realpath): /home/academixsuite/public_html/includes/autoload.php
[19-Mar-2026 08:25:57 UTC] Using autoload file: /home/academixsuite/public_html/includes/autoload.php
[19-Mar-2026 08:26:08 UTC] ========== BULK EMAIL SENDER START ==========
[19-Mar-2026 08:26:08 UTC] Timestamp: 2026-03-19 08:26:08
[19-Mar-2026 08:26:08 UTC] PHP Version: 8.4.16
[19-Mar-2026 08:26:08 UTC] Script: /home/academixsuite/public_html/platform/admin/schools/send-email.php
[19-Mar-2026 08:26:08 UTC] Method: GET
[19-Mar-2026 08:26:08 UTC] Session ID: c665db35f7928325aedb853ee50f7b1f
[19-Mar-2026 08:26:08 UTC] Session data exists: YES
[19-Mar-2026 08:26:08 UTC] Autoload path (realpath): /home/academixsuite/public_html/includes/autoload.php
[19-Mar-2026 08:26:08 UTC] Using autoload file: /home/academixsuite/public_html/includes/autoload.php
