[24-Feb-2026 13:14:57 Africa/Lagos] === INVOICE VIEW PAGE START ===
[24-Feb-2026 13:14:57 Africa/Lagos] Platform database connection successful
[24-Feb-2026 13:14:57 Africa/Lagos] School database connection successful
[24-Feb-2026 13:14:57 Africa/Lagos] Error fetching school data: SQLSTATE[42S22]: Column not found: 1054 Unknown column 'u.role_id' in 'ON'
[24-Feb-2026 13:14:57 Africa/Lagos] === INVOICE VIEW PAGE END ===
[24-Feb-2026 13:14:57 Africa/Lagos] PHP Warning:  Undefined array key "email" in /home/academixsuite/public_html/tenant/{school-slug}/admin/invoice-details.php on line 499
[24-Feb-2026 13:14:57 Africa/Lagos] ROUTER END: Successfully served /home/academixsuite/public_html/tenant/{school-slug}/admin/invoice-details.php
[24-Feb-2026 19:19:44 Africa/Lagos] === INVOICE VIEW PAGE START ===
[24-Feb-2026 19:19:44 Africa/Lagos] Platform database connection successful
[24-Feb-2026 19:19:44 Africa/Lagos] School database connection successful
[24-Feb-2026 19:19:44 Africa/Lagos] Error fetching school data: SQLSTATE[42S22]: Column not found: 1054 Unknown column 'u.role_id' in 'ON'
[24-Feb-2026 19:19:44 Africa/Lagos] === INVOICE VIEW PAGE END ===
[24-Feb-2026 19:19:44 Africa/Lagos] PHP Warning:  Undefined array key "email" in /home/academixsuite/public_html/tenant/{school-slug}/admin/invoice-details.php on line 499
[24-Feb-2026 19:19:44 Africa/Lagos] ROUTER END: Successfully served /home/academixsuite/public_html/tenant/{school-slug}/admin/invoice-details.php
[25-Feb-2026 22:04:26 Africa/Lagos] === INVOICE VIEW PAGE START ===
[25-Feb-2026 22:04:26 Africa/Lagos] Platform database connection successful
[25-Feb-2026 22:04:26 Africa/Lagos] School database connection successful
[25-Feb-2026 22:04:26 Africa/Lagos] Error fetching school data: SQLSTATE[42S22]: Column not found: 1054 Unknown column 'u.role_id' in 'ON'
[25-Feb-2026 22:04:26 Africa/Lagos] === INVOICE VIEW PAGE END ===
[25-Feb-2026 22:04:26 Africa/Lagos] PHP Warning:  Undefined array key "email" in /home/academixsuite/public_html/tenant/{school-slug}/admin/invoice-details.php on line 499
[25-Feb-2026 22:04:26 Africa/Lagos] ROUTER END: Successfully served /home/academixsuite/public_html/tenant/{school-slug}/admin/invoice-details.php
[10-Mar-2026 13:05:42 Africa/Lagos] === INVOICE VIEW PAGE START ===
[10-Mar-2026 13:05:42 Africa/Lagos] Platform database connection successful
[10-Mar-2026 13:05:42 Africa/Lagos] School database connection successful
[10-Mar-2026 13:05:42 Africa/Lagos] Error fetching school data: SQLSTATE[42S22]: Column not found: 1054 Unknown column 'u.role_id' in 'ON'
[10-Mar-2026 13:05:42 Africa/Lagos] === INVOICE VIEW PAGE END ===
[10-Mar-2026 13:05:42 Africa/Lagos] PHP Warning:  Undefined array key "email" in /home/academixsuite/public_html/tenant/{school-slug}/admin/invoice-details.php on line 499
[10-Mar-2026 13:05:42 Africa/Lagos] ROUTER END: Successfully served /home/academixsuite/public_html/tenant/{school-slug}/admin/invoice-details.php
[14-Mar-2026 05:13:06 Africa/Lagos] === INVOICE VIEW PAGE START ===
[14-Mar-2026 05:13:06 Africa/Lagos] Platform database connection successful
[14-Mar-2026 05:13:06 Africa/Lagos] School database connection successful
[14-Mar-2026 05:13:06 Africa/Lagos] Error fetching school data: SQLSTATE[42S22]: Column not found: 1054 Unknown column 'u.role_id' in 'ON'
[14-Mar-2026 05:13:06 Africa/Lagos] === INVOICE VIEW PAGE END ===
[14-Mar-2026 05:13:06 Africa/Lagos] PHP Warning:  Undefined array key "email" in /home/academixsuite/public_html/tenant/{school-slug}/admin/invoice-details.php on line 499
[14-Mar-2026 05:13:06 Africa/Lagos] ROUTER END: Successfully served /home/academixsuite/public_html/tenant/{school-slug}/admin/invoice-details.php
