[09-Mar-2026 22:31:40 Africa/Lagos] === LEAVE REQUESTS PAGE START ===
[09-Mar-2026 22:31:40 Africa/Lagos] Request URI: /tenant/bitflux-wallet-1771434696/admin/leave-requests.php
[09-Mar-2026 22:31:40 Africa/Lagos] School database connection successful
[09-Mar-2026 22:31:40 Africa/Lagos] === LEAVE REQUESTS PAGE END ===
[09-Mar-2026 22:31:40 Africa/Lagos] ROUTER END: Successfully served /home/academixsuite/public_html/tenant/{school-slug}/admin/leave-requests.php
[09-Mar-2026 23:14:28 Africa/Lagos] === LEAVE REQUESTS PAGE START ===
[09-Mar-2026 23:14:28 Africa/Lagos] Request URI: /tenant/bitflux-wallet-1771434696/admin/leave-requests.php
[09-Mar-2026 23:14:28 Africa/Lagos] School database connection successful
[09-Mar-2026 23:14:28 Africa/Lagos] === LEAVE REQUESTS PAGE END ===
[09-Mar-2026 23:14:28 Africa/Lagos] ROUTER END: Successfully served /home/academixsuite/public_html/tenant/{school-slug}/admin/leave-requests.php
[09-Mar-2026 23:21:01 Africa/Lagos] === LEAVE REQUESTS PAGE START ===
[09-Mar-2026 23:21:01 Africa/Lagos] Request URI: /tenant/bitflux-wallet-1771434696/admin/leave-requests.php
[09-Mar-2026 23:21:01 Africa/Lagos] School database connection successful
[09-Mar-2026 23:21:01 Africa/Lagos] === LEAVE REQUESTS PAGE END ===
[09-Mar-2026 23:21:01 Africa/Lagos] ROUTER END: Successfully served /home/academixsuite/public_html/tenant/{school-slug}/admin/leave-requests.php
[09-Mar-2026 23:21:11 Africa/Lagos] === LEAVE REQUESTS PAGE START ===
[09-Mar-2026 23:21:11 Africa/Lagos] Request URI: /tenant/bitflux-wallet-1771434696/admin/leave-requests.php
[09-Mar-2026 23:21:11 Africa/Lagos] School database connection successful
[09-Mar-2026 23:21:11 Africa/Lagos] === LEAVE REQUESTS PAGE END ===
[09-Mar-2026 23:21:11 Africa/Lagos] ROUTER END: Successfully served /home/academixsuite/public_html/tenant/{school-slug}/admin/leave-requests.php
[09-Mar-2026 23:21:26 Africa/Lagos] === LEAVE REQUESTS PAGE START ===
[09-Mar-2026 23:21:26 Africa/Lagos] Request URI: /tenant/bitflux-wallet-1771434696/admin/leave-requests.php
[09-Mar-2026 23:21:26 Africa/Lagos] School database connection successful
[09-Mar-2026 23:21:26 Africa/Lagos] === LEAVE REQUESTS PAGE END ===
[09-Mar-2026 23:21:26 Africa/Lagos] ROUTER END: Successfully served /home/academixsuite/public_html/tenant/{school-slug}/admin/leave-requests.php
[12-Mar-2026 06:05:29 Africa/Lagos] === LEAVE REQUESTS PAGE START ===
[12-Mar-2026 06:05:29 Africa/Lagos] Request URI: /tenant/bitflux-wallet-1771434696/admin/leave-requests.php
[12-Mar-2026 06:05:29 Africa/Lagos] School database connection successful
[12-Mar-2026 06:05:29 Africa/Lagos] === LEAVE REQUESTS PAGE END ===
[12-Mar-2026 06:05:29 Africa/Lagos] ROUTER END: Successfully served /home/academixsuite/public_html/tenant/{school-slug}/admin/leave-requests.php
[12-Mar-2026 08:04:43 Africa/Lagos] === LEAVE REQUESTS PAGE START ===
[12-Mar-2026 08:04:43 Africa/Lagos] Request URI: /tenant/bitflux-wallet-1771434696/admin/leave-requests.php
[12-Mar-2026 08:04:43 Africa/Lagos] School database connection successful
[12-Mar-2026 08:04:43 Africa/Lagos] === LEAVE REQUESTS PAGE END ===
[12-Mar-2026 08:04:43 Africa/Lagos] ROUTER END: Successfully served /home/academixsuite/public_html/tenant/{school-slug}/admin/leave-requests.php
