[09-Mar-2026 22:23:34 Africa/Lagos] === LEAVE TYPES PAGE START ===
[09-Mar-2026 22:23:34 Africa/Lagos] Request URI: /tenant/bitflux-wallet-1771434696/admin/leave-types.php
[09-Mar-2026 22:23:34 Africa/Lagos] School database connection successful
[09-Mar-2026 22:23:34 Africa/Lagos] === LEAVE TYPES PAGE END ===
[09-Mar-2026 22:23:34 Africa/Lagos] ROUTER END: Successfully served /home/academixsuite/public_html/tenant/{school-slug}/admin/leave-types.php
[09-Mar-2026 22:24:17 Africa/Lagos] === LEAVE TYPES PAGE START ===
[09-Mar-2026 22:24:17 Africa/Lagos] Request URI: /tenant/bitflux-wallet-1771434696/admin/leave-types.php
[09-Mar-2026 22:24:17 Africa/Lagos] School database connection successful
[09-Mar-2026 22:24:19 Africa/Lagos] === LEAVE TYPES PAGE START ===
[09-Mar-2026 22:24:19 Africa/Lagos] Request URI: /tenant/bitflux-wallet-1771434696/admin/leave-types.php
[09-Mar-2026 22:24:19 Africa/Lagos] School database connection successful
[09-Mar-2026 22:24:19 Africa/Lagos] === LEAVE TYPES PAGE END ===
[09-Mar-2026 22:24:19 Africa/Lagos] ROUTER END: Successfully served /home/academixsuite/public_html/tenant/{school-slug}/admin/leave-types.php
[09-Mar-2026 22:24:26 Africa/Lagos] === LEAVE TYPES PAGE START ===
[09-Mar-2026 22:24:26 Africa/Lagos] Request URI: /tenant/bitflux-wallet-1771434696/admin/leave-types.php
[09-Mar-2026 22:24:26 Africa/Lagos] School database connection successful
[09-Mar-2026 22:24:36 Africa/Lagos] === LEAVE TYPES PAGE START ===
[09-Mar-2026 22:24:36 Africa/Lagos] Request URI: /tenant/bitflux-wallet-1771434696/admin/leave-types.php
[09-Mar-2026 22:24:36 Africa/Lagos] School database connection successful
[09-Mar-2026 22:24:50 Africa/Lagos] === LEAVE TYPES PAGE START ===
[09-Mar-2026 22:24:50 Africa/Lagos] Request URI: /tenant/bitflux-wallet-1771434696/admin/leave-types.php
[09-Mar-2026 22:24:50 Africa/Lagos] School database connection successful
[09-Mar-2026 22:24:50 Africa/Lagos] === LEAVE TYPES PAGE END ===
[09-Mar-2026 22:24:50 Africa/Lagos] ROUTER END: Successfully served /home/academixsuite/public_html/tenant/{school-slug}/admin/leave-types.php
[09-Mar-2026 23:14:05 Africa/Lagos] === LEAVE TYPES PAGE START ===
[09-Mar-2026 23:14:05 Africa/Lagos] Request URI: /tenant/bitflux-wallet-1771434696/admin/leave-types.php
[09-Mar-2026 23:14:05 Africa/Lagos] School database connection successful
[09-Mar-2026 23:14:05 Africa/Lagos] === LEAVE TYPES PAGE END ===
[09-Mar-2026 23:14:05 Africa/Lagos] ROUTER END: Successfully served /home/academixsuite/public_html/tenant/{school-slug}/admin/leave-types.php
[09-Mar-2026 23:25:07 Africa/Lagos] === LEAVE TYPES PAGE START ===
[09-Mar-2026 23:25:07 Africa/Lagos] Request URI: /tenant/bitflux-wallet-1771434696/admin/leave-types.php
[09-Mar-2026 23:25:07 Africa/Lagos] School database connection successful
[09-Mar-2026 23:25:07 Africa/Lagos] === LEAVE TYPES PAGE END ===
[09-Mar-2026 23:25:07 Africa/Lagos] ROUTER END: Successfully served /home/academixsuite/public_html/tenant/{school-slug}/admin/leave-types.php
[10-Mar-2026 08:31:12 Africa/Lagos] === LEAVE TYPES PAGE START ===
[10-Mar-2026 08:31:12 Africa/Lagos] Request URI: /tenant/bitflux-wallet-1771434696/admin/leave-types.php
[10-Mar-2026 08:31:12 Africa/Lagos] School database connection successful
[10-Mar-2026 08:31:12 Africa/Lagos] === LEAVE TYPES PAGE END ===
[10-Mar-2026 08:31:12 Africa/Lagos] ROUTER END: Successfully served /home/academixsuite/public_html/tenant/{school-slug}/admin/leave-types.php
[10-Mar-2026 08:33:39 Africa/Lagos] === LEAVE TYPES PAGE START ===
[10-Mar-2026 08:33:39 Africa/Lagos] Request URI: /tenant/bitflux-wallet-1771434696/admin/leave-types.php
[10-Mar-2026 08:33:39 Africa/Lagos] School database connection successful
[10-Mar-2026 08:33:41 Africa/Lagos] === LEAVE TYPES PAGE START ===
[10-Mar-2026 08:33:41 Africa/Lagos] Request URI: /tenant/bitflux-wallet-1771434696/admin/leave-types.php
[10-Mar-2026 08:33:41 Africa/Lagos] School database connection successful
[10-Mar-2026 08:33:41 Africa/Lagos] === LEAVE TYPES PAGE END ===
[10-Mar-2026 08:33:41 Africa/Lagos] ROUTER END: Successfully served /home/academixsuite/public_html/tenant/{school-slug}/admin/leave-types.php
[10-Mar-2026 08:33:52 Africa/Lagos] === LEAVE TYPES PAGE START ===
[10-Mar-2026 08:33:52 Africa/Lagos] Request URI: /tenant/bitflux-wallet-1771434696/admin/leave-types.php
[10-Mar-2026 08:33:52 Africa/Lagos] School database connection successful
[11-Mar-2026 04:28:43 Africa/Lagos] === LEAVE TYPES PAGE START ===
[11-Mar-2026 04:28:43 Africa/Lagos] Request URI: /tenant/bitflux-wallet-1771434696/admin/leave-types.php
[11-Mar-2026 04:28:43 Africa/Lagos] School database connection successful
[11-Mar-2026 04:28:43 Africa/Lagos] === LEAVE TYPES PAGE END ===
[11-Mar-2026 04:28:43 Africa/Lagos] ROUTER END: Successfully served /home/academixsuite/public_html/tenant/{school-slug}/admin/leave-types.php
[12-Mar-2026 08:04:40 Africa/Lagos] === LEAVE TYPES PAGE START ===
[12-Mar-2026 08:04:40 Africa/Lagos] Request URI: /tenant/bitflux-wallet-1771434696/admin/leave-types.php
[12-Mar-2026 08:04:40 Africa/Lagos] School database connection successful
[12-Mar-2026 08:04:40 Africa/Lagos] === LEAVE TYPES PAGE END ===
[12-Mar-2026 08:04:40 Africa/Lagos] ROUTER END: Successfully served /home/academixsuite/public_html/tenant/{school-slug}/admin/leave-types.php
[14-Mar-2026 17:40:33 Africa/Lagos] === LEAVE TYPES PAGE START ===
[14-Mar-2026 17:40:33 Africa/Lagos] Request URI: /tenant/bitflux-wallet-1771434696/admin/leave-types.php
[14-Mar-2026 17:40:33 Africa/Lagos] School database connection successful
[14-Mar-2026 17:40:33 Africa/Lagos] === LEAVE TYPES PAGE END ===
[14-Mar-2026 17:40:33 Africa/Lagos] ROUTER END: Successfully served /home/academixsuite/public_html/tenant/{school-slug}/admin/leave-types.php
