[08-Mar-2026 14:42:54 Africa/Lagos] === MESSENGER PAGE START ===
[08-Mar-2026 14:42:54 Africa/Lagos] Request URI: /tenant/bitflux-wallet-1771434696/admin/message.php
[08-Mar-2026 14:42:54 Africa/Lagos] Script: /home/academixsuite/public_html/tenant/{school-slug}/admin/message.php
[08-Mar-2026 14:42:54 Africa/Lagos] School Slug from Router: bitflux-wallet-1771434696
[08-Mar-2026 14:42:54 Africa/Lagos] User Type: admin
[08-Mar-2026 14:42:54 Africa/Lagos] User authenticated for school: bitflux-wallet-1771434696
[08-Mar-2026 14:42:54 Africa/Lagos] User ID: 1, User Type: admin
[08-Mar-2026 14:42:54 Africa/Lagos] Loading autoload.php from: /home/academixsuite/public_html/tenant/{school-slug}/admin/../../../includes/autoload.php
[08-Mar-2026 14:42:54 Africa/Lagos] Autoload loaded successfully
[08-Mar-2026 14:42:54 Africa/Lagos] Connecting to school database: school_6
[08-Mar-2026 14:42:54 Africa/Lagos] School database connection successful
[08-Mar-2026 14:42:54 Africa/Lagos] =================== MESSENGER PAGE END ===================
[08-Mar-2026 14:42:54 Africa/Lagos] ROUTER END: Successfully served /home/academixsuite/public_html/tenant/{school-slug}/admin/message.php
[08-Mar-2026 14:43:46 Africa/Lagos] === MESSENGER PAGE START ===
[08-Mar-2026 14:43:46 Africa/Lagos] Request URI: /tenant/bitflux-wallet-1771434696/admin/message.php
[08-Mar-2026 14:43:46 Africa/Lagos] Script: /home/academixsuite/public_html/tenant/{school-slug}/admin/message.php
[08-Mar-2026 14:43:46 Africa/Lagos] School Slug from Router: bitflux-wallet-1771434696
[08-Mar-2026 14:43:46 Africa/Lagos] User Type: admin
[08-Mar-2026 14:43:46 Africa/Lagos] User authenticated for school: bitflux-wallet-1771434696
[08-Mar-2026 14:43:46 Africa/Lagos] User ID: 1, User Type: admin
[08-Mar-2026 14:43:46 Africa/Lagos] Loading autoload.php from: /home/academixsuite/public_html/tenant/{school-slug}/admin/../../../includes/autoload.php
[08-Mar-2026 14:43:46 Africa/Lagos] Autoload loaded successfully
[08-Mar-2026 14:43:46 Africa/Lagos] Connecting to school database: school_6
[08-Mar-2026 14:43:46 Africa/Lagos] School database connection successful
[08-Mar-2026 14:43:46 Africa/Lagos] =================== MESSENGER PAGE END ===================
[08-Mar-2026 14:43:46 Africa/Lagos] ROUTER END: Successfully served /home/academixsuite/public_html/tenant/{school-slug}/admin/message.php
[08-Mar-2026 14:46:21 Africa/Lagos] === MESSENGER PAGE START ===
[08-Mar-2026 14:46:21 Africa/Lagos] Request URI: /tenant/bitflux-wallet-1771434696/admin/message.php
[08-Mar-2026 14:46:21 Africa/Lagos] Script: /home/academixsuite/public_html/tenant/{school-slug}/admin/message.php
[08-Mar-2026 14:46:21 Africa/Lagos] School Slug from Router: bitflux-wallet-1771434696
[08-Mar-2026 14:46:21 Africa/Lagos] User Type: admin
[08-Mar-2026 14:46:21 Africa/Lagos] User authenticated for school: bitflux-wallet-1771434696
[08-Mar-2026 14:46:21 Africa/Lagos] User ID: 1, User Type: admin
[08-Mar-2026 14:46:21 Africa/Lagos] Loading autoload.php from: /home/academixsuite/public_html/tenant/{school-slug}/admin/../../../includes/autoload.php
[08-Mar-2026 14:46:21 Africa/Lagos] Autoload loaded successfully
[08-Mar-2026 14:46:21 Africa/Lagos] Connecting to school database: school_6
[08-Mar-2026 14:46:21 Africa/Lagos] School database connection successful
[08-Mar-2026 14:46:21 Africa/Lagos] =================== MESSENGER PAGE END ===================
[08-Mar-2026 14:46:21 Africa/Lagos] ROUTER END: Successfully served /home/academixsuite/public_html/tenant/{school-slug}/admin/message.php
[08-Mar-2026 14:48:15 Africa/Lagos] === MESSENGER PAGE START ===
[08-Mar-2026 14:48:15 Africa/Lagos] Request URI: /tenant/bitflux-wallet-1771434696/admin/message.php
[08-Mar-2026 14:48:15 Africa/Lagos] Script: /home/academixsuite/public_html/tenant/{school-slug}/admin/message.php
[08-Mar-2026 14:48:15 Africa/Lagos] School Slug from Router: bitflux-wallet-1771434696
[08-Mar-2026 14:48:15 Africa/Lagos] User Type: admin
[08-Mar-2026 14:48:15 Africa/Lagos] User authenticated for school: bitflux-wallet-1771434696
[08-Mar-2026 14:48:15 Africa/Lagos] User ID: 1, User Type: admin
[08-Mar-2026 14:48:15 Africa/Lagos] Loading autoload.php from: /home/academixsuite/public_html/tenant/{school-slug}/admin/../../../includes/autoload.php
[08-Mar-2026 14:48:15 Africa/Lagos] Autoload loaded successfully
[08-Mar-2026 14:48:15 Africa/Lagos] Connecting to school database: school_6
[08-Mar-2026 14:48:15 Africa/Lagos] School database connection successful
[08-Mar-2026 14:48:15 Africa/Lagos] =================== MESSENGER PAGE END ===================
[08-Mar-2026 14:48:15 Africa/Lagos] ROUTER END: Successfully served /home/academixsuite/public_html/tenant/{school-slug}/admin/message.php
[08-Mar-2026 14:48:31 Africa/Lagos] === MESSENGER PAGE START ===
[08-Mar-2026 14:48:31 Africa/Lagos] Request URI: /tenant/bitflux-wallet-1771434696/admin/message.php
[08-Mar-2026 14:48:31 Africa/Lagos] Script: /home/academixsuite/public_html/tenant/{school-slug}/admin/message.php
[08-Mar-2026 14:48:31 Africa/Lagos] School Slug from Router: bitflux-wallet-1771434696
[08-Mar-2026 14:48:31 Africa/Lagos] User Type: admin
[08-Mar-2026 14:48:31 Africa/Lagos] User authenticated for school: bitflux-wallet-1771434696
[08-Mar-2026 14:48:31 Africa/Lagos] User ID: 1, User Type: admin
[08-Mar-2026 14:48:31 Africa/Lagos] Loading autoload.php from: /home/academixsuite/public_html/tenant/{school-slug}/admin/../../../includes/autoload.php
[08-Mar-2026 14:48:31 Africa/Lagos] Autoload loaded successfully
[08-Mar-2026 14:48:31 Africa/Lagos] Connecting to school database: school_6
[08-Mar-2026 14:48:31 Africa/Lagos] School database connection successful
[08-Mar-2026 14:48:31 Africa/Lagos] =================== MESSENGER PAGE END ===================
[08-Mar-2026 14:48:31 Africa/Lagos] ROUTER END: Successfully served /home/academixsuite/public_html/tenant/{school-slug}/admin/message.php
[08-Mar-2026 14:48:42 Africa/Lagos] === MESSENGER PAGE START ===
[08-Mar-2026 14:48:42 Africa/Lagos] Request URI: /tenant/bitflux-wallet-1771434696/admin/message.php
[08-Mar-2026 14:48:42 Africa/Lagos] Script: /home/academixsuite/public_html/tenant/{school-slug}/admin/message.php
[08-Mar-2026 14:48:42 Africa/Lagos] School Slug from Router: bitflux-wallet-1771434696
[08-Mar-2026 14:48:42 Africa/Lagos] User Type: admin
[08-Mar-2026 14:48:42 Africa/Lagos] User authenticated for school: bitflux-wallet-1771434696
[08-Mar-2026 14:48:42 Africa/Lagos] User ID: 1, User Type: admin
[08-Mar-2026 14:48:42 Africa/Lagos] Loading autoload.php from: /home/academixsuite/public_html/tenant/{school-slug}/admin/../../../includes/autoload.php
[08-Mar-2026 14:48:42 Africa/Lagos] Autoload loaded successfully
[08-Mar-2026 14:48:42 Africa/Lagos] Connecting to school database: school_6
[08-Mar-2026 14:48:42 Africa/Lagos] School database connection successful
[08-Mar-2026 14:48:42 Africa/Lagos] =================== MESSENGER PAGE END ===================
[08-Mar-2026 14:48:42 Africa/Lagos] ROUTER END: Successfully served /home/academixsuite/public_html/tenant/{school-slug}/admin/message.php
[08-Mar-2026 14:48:54 Africa/Lagos] === MESSENGER PAGE START ===
[08-Mar-2026 14:48:54 Africa/Lagos] Request URI: /tenant/bitflux-wallet-1771434696/admin/message.php
[08-Mar-2026 14:48:54 Africa/Lagos] Script: /home/academixsuite/public_html/tenant/{school-slug}/admin/message.php
[08-Mar-2026 14:48:54 Africa/Lagos] School Slug from Router: bitflux-wallet-1771434696
[08-Mar-2026 14:48:54 Africa/Lagos] User Type: admin
[08-Mar-2026 14:48:54 Africa/Lagos] User authenticated for school: bitflux-wallet-1771434696
[08-Mar-2026 14:48:54 Africa/Lagos] User ID: 1, User Type: admin
[08-Mar-2026 14:48:54 Africa/Lagos] Loading autoload.php from: /home/academixsuite/public_html/tenant/{school-slug}/admin/../../../includes/autoload.php
[08-Mar-2026 14:48:54 Africa/Lagos] Autoload loaded successfully
[08-Mar-2026 14:48:54 Africa/Lagos] Connecting to school database: school_6
[08-Mar-2026 14:48:54 Africa/Lagos] School database connection successful
[08-Mar-2026 14:48:54 Africa/Lagos] =================== MESSENGER PAGE END ===================
[08-Mar-2026 14:48:54 Africa/Lagos] ROUTER END: Successfully served /home/academixsuite/public_html/tenant/{school-slug}/admin/message.php
[08-Mar-2026 14:50:34 Africa/Lagos] === MESSENGER PAGE START ===
[08-Mar-2026 14:50:34 Africa/Lagos] Request URI: /tenant/bitflux-wallet-1771434696/admin/message.php
[08-Mar-2026 14:50:34 Africa/Lagos] Script: /home/academixsuite/public_html/tenant/{school-slug}/admin/message.php
[08-Mar-2026 14:50:34 Africa/Lagos] School Slug from Router: bitflux-wallet-1771434696
[08-Mar-2026 14:50:34 Africa/Lagos] User Type: admin
[08-Mar-2026 14:50:34 Africa/Lagos] User authenticated for school: bitflux-wallet-1771434696
[08-Mar-2026 14:50:34 Africa/Lagos] User ID: 1, User Type: admin
[08-Mar-2026 14:50:34 Africa/Lagos] Loading autoload.php from: /home/academixsuite/public_html/tenant/{school-slug}/admin/../../../includes/autoload.php
[08-Mar-2026 14:50:34 Africa/Lagos] Autoload loaded successfully
[08-Mar-2026 14:50:34 Africa/Lagos] Connecting to school database: school_6
[08-Mar-2026 14:50:34 Africa/Lagos] School database connection successful
[08-Mar-2026 14:50:34 Africa/Lagos] =================== MESSENGER PAGE END ===================
[08-Mar-2026 14:50:34 Africa/Lagos] ROUTER END: Successfully served /home/academixsuite/public_html/tenant/{school-slug}/admin/message.php
[08-Mar-2026 14:51:21 Africa/Lagos] === MESSENGER PAGE START ===
[08-Mar-2026 14:51:21 Africa/Lagos] Request URI: /tenant/bitflux-wallet-1771434696/admin/message.php
[08-Mar-2026 14:51:21 Africa/Lagos] Script: /home/academixsuite/public_html/tenant/{school-slug}/admin/message.php
[08-Mar-2026 14:51:21 Africa/Lagos] School Slug from Router: bitflux-wallet-1771434696
[08-Mar-2026 14:51:21 Africa/Lagos] User Type: admin
[08-Mar-2026 14:51:21 Africa/Lagos] User authenticated for school: bitflux-wallet-1771434696
[08-Mar-2026 14:51:21 Africa/Lagos] User ID: 1, User Type: admin
[08-Mar-2026 14:51:21 Africa/Lagos] Loading autoload.php from: /home/academixsuite/public_html/tenant/{school-slug}/admin/../../../includes/autoload.php
[08-Mar-2026 14:51:21 Africa/Lagos] Autoload loaded successfully
[08-Mar-2026 14:51:21 Africa/Lagos] Connecting to school database: school_6
[08-Mar-2026 14:51:21 Africa/Lagos] School database connection successful
[08-Mar-2026 14:51:21 Africa/Lagos] =================== MESSENGER PAGE END ===================
[08-Mar-2026 14:51:21 Africa/Lagos] ROUTER END: Successfully served /home/academixsuite/public_html/tenant/{school-slug}/admin/message.php
[08-Mar-2026 14:55:06 Africa/Lagos] === MESSENGER PAGE START ===
[08-Mar-2026 14:55:06 Africa/Lagos] Request URI: /tenant/bitflux-wallet-1771434696/admin/message.php
[08-Mar-2026 14:55:06 Africa/Lagos] Script: /home/academixsuite/public_html/tenant/{school-slug}/admin/message.php
[08-Mar-2026 14:55:06 Africa/Lagos] School Slug from Router: bitflux-wallet-1771434696
[08-Mar-2026 14:55:06 Africa/Lagos] User Type: admin
[08-Mar-2026 14:55:06 Africa/Lagos] User authenticated for school: bitflux-wallet-1771434696
[08-Mar-2026 14:55:06 Africa/Lagos] User ID: 1, User Type: admin
[08-Mar-2026 14:55:06 Africa/Lagos] Loading autoload.php from: /home/academixsuite/public_html/tenant/{school-slug}/admin/../../../includes/autoload.php
[08-Mar-2026 14:55:06 Africa/Lagos] Autoload loaded successfully
[08-Mar-2026 14:55:06 Africa/Lagos] Connecting to school database: school_6
[08-Mar-2026 14:55:06 Africa/Lagos] School database connection successful
[08-Mar-2026 14:55:06 Africa/Lagos] =================== MESSENGER PAGE END ===================
[08-Mar-2026 14:55:06 Africa/Lagos] ROUTER END: Successfully served /home/academixsuite/public_html/tenant/{school-slug}/admin/message.php
[08-Mar-2026 14:56:06 Africa/Lagos] === MESSENGER PAGE START ===
[08-Mar-2026 14:56:06 Africa/Lagos] Request URI: /tenant/bitflux-wallet-1771434696/admin/message.php
[08-Mar-2026 14:56:06 Africa/Lagos] Script: /home/academixsuite/public_html/tenant/{school-slug}/admin/message.php
[08-Mar-2026 14:56:06 Africa/Lagos] School Slug from Router: bitflux-wallet-1771434696
[08-Mar-2026 14:56:06 Africa/Lagos] User Type: admin
[08-Mar-2026 14:56:06 Africa/Lagos] User authenticated for school: bitflux-wallet-1771434696
[08-Mar-2026 14:56:06 Africa/Lagos] User ID: 1, User Type: admin
[08-Mar-2026 14:56:06 Africa/Lagos] Loading autoload.php from: /home/academixsuite/public_html/tenant/{school-slug}/admin/../../../includes/autoload.php
[08-Mar-2026 14:56:06 Africa/Lagos] Autoload loaded successfully
[08-Mar-2026 14:56:06 Africa/Lagos] Connecting to school database: school_6
[08-Mar-2026 14:56:06 Africa/Lagos] School database connection successful
[08-Mar-2026 14:56:06 Africa/Lagos] =================== MESSENGER PAGE END ===================
[08-Mar-2026 14:56:06 Africa/Lagos] ROUTER END: Successfully served /home/academixsuite/public_html/tenant/{school-slug}/admin/message.php
[08-Mar-2026 14:57:13 Africa/Lagos] === MESSENGER PAGE START ===
[08-Mar-2026 14:57:13 Africa/Lagos] Request URI: /tenant/bitflux-wallet-1771434696/admin/message.php
[08-Mar-2026 14:57:13 Africa/Lagos] Script: /home/academixsuite/public_html/tenant/{school-slug}/admin/message.php
[08-Mar-2026 14:57:13 Africa/Lagos] School Slug from Router: bitflux-wallet-1771434696
[08-Mar-2026 14:57:13 Africa/Lagos] User Type: admin
[08-Mar-2026 14:57:13 Africa/Lagos] User authenticated for school: bitflux-wallet-1771434696
[08-Mar-2026 14:57:13 Africa/Lagos] User ID: 1, User Type: admin
[08-Mar-2026 14:57:13 Africa/Lagos] Loading autoload.php from: /home/academixsuite/public_html/tenant/{school-slug}/admin/../../../includes/autoload.php
[08-Mar-2026 14:57:13 Africa/Lagos] Autoload loaded successfully
[08-Mar-2026 14:57:13 Africa/Lagos] Connecting to school database: school_6
[08-Mar-2026 14:57:13 Africa/Lagos] School database connection successful
[08-Mar-2026 14:57:13 Africa/Lagos] =================== MESSENGER PAGE END ===================
[08-Mar-2026 14:57:13 Africa/Lagos] ROUTER END: Successfully served /home/academixsuite/public_html/tenant/{school-slug}/admin/message.php
[08-Mar-2026 15:00:42 Africa/Lagos] === MESSENGER PAGE START ===
[08-Mar-2026 15:00:42 Africa/Lagos] Request URI: /tenant/bitflux-wallet-1771434696/admin/message.php
[08-Mar-2026 15:00:42 Africa/Lagos] Script: /home/academixsuite/public_html/tenant/{school-slug}/admin/message.php
[08-Mar-2026 15:00:42 Africa/Lagos] School Slug from Router: bitflux-wallet-1771434696
[08-Mar-2026 15:00:42 Africa/Lagos] User Type: admin
[08-Mar-2026 15:00:42 Africa/Lagos] User authenticated for school: bitflux-wallet-1771434696
[08-Mar-2026 15:00:42 Africa/Lagos] User ID: 1, User Type: admin
[08-Mar-2026 15:00:42 Africa/Lagos] Loading autoload.php from: /home/academixsuite/public_html/tenant/{school-slug}/admin/../../../includes/autoload.php
[08-Mar-2026 15:00:42 Africa/Lagos] Autoload loaded successfully
[08-Mar-2026 15:00:42 Africa/Lagos] Connecting to school database: school_6
[08-Mar-2026 15:00:42 Africa/Lagos] School database connection successful
[08-Mar-2026 15:00:42 Africa/Lagos] =================== MESSENGER PAGE END ===================
[08-Mar-2026 15:00:42 Africa/Lagos] ROUTER END: Successfully served /home/academixsuite/public_html/tenant/{school-slug}/admin/message.php
[08-Mar-2026 15:06:10 Africa/Lagos] === MESSENGER PAGE START ===
[08-Mar-2026 15:06:10 Africa/Lagos] Request URI: /tenant/bitflux-wallet-1771434696/admin/message.php
[08-Mar-2026 15:06:10 Africa/Lagos] Script: /home/academixsuite/public_html/tenant/{school-slug}/admin/message.php
[08-Mar-2026 15:06:10 Africa/Lagos] School Slug from Router: bitflux-wallet-1771434696
[08-Mar-2026 15:06:10 Africa/Lagos] User Type: admin
[08-Mar-2026 15:06:10 Africa/Lagos] User authenticated for school: bitflux-wallet-1771434696
[08-Mar-2026 15:06:10 Africa/Lagos] User ID: 1, User Type: admin
[08-Mar-2026 15:06:10 Africa/Lagos] Loading autoload.php from: /home/academixsuite/public_html/tenant/{school-slug}/admin/../../../includes/autoload.php
[08-Mar-2026 15:06:10 Africa/Lagos] Autoload loaded successfully
[08-Mar-2026 15:06:10 Africa/Lagos] Connecting to school database: school_6
[08-Mar-2026 15:06:10 Africa/Lagos] School database connection successful
[08-Mar-2026 15:06:10 Africa/Lagos] =================== MESSENGER PAGE END ===================
[08-Mar-2026 15:06:10 Africa/Lagos] ROUTER END: Successfully served /home/academixsuite/public_html/tenant/{school-slug}/admin/message.php
[08-Mar-2026 15:08:53 Africa/Lagos] === MESSENGER PAGE START ===
[08-Mar-2026 15:08:53 Africa/Lagos] Request URI: /tenant/bitflux-wallet-1771434696/admin/message.php
[08-Mar-2026 15:08:53 Africa/Lagos] Script: /home/academixsuite/public_html/tenant/{school-slug}/admin/message.php
[08-Mar-2026 15:08:53 Africa/Lagos] School Slug from Router: bitflux-wallet-1771434696
[08-Mar-2026 15:08:53 Africa/Lagos] User Type: admin
[08-Mar-2026 15:08:53 Africa/Lagos] User authenticated for school: bitflux-wallet-1771434696
[08-Mar-2026 15:08:53 Africa/Lagos] User ID: 1, User Type: admin
[08-Mar-2026 15:08:53 Africa/Lagos] Loading autoload.php from: /home/academixsuite/public_html/tenant/{school-slug}/admin/../../../includes/autoload.php
[08-Mar-2026 15:08:53 Africa/Lagos] Autoload loaded successfully
[08-Mar-2026 15:08:53 Africa/Lagos] Connecting to school database: school_6
[08-Mar-2026 15:08:53 Africa/Lagos] School database connection successful
[08-Mar-2026 15:08:53 Africa/Lagos] =================== MESSENGER PAGE END ===================
[08-Mar-2026 15:08:53 Africa/Lagos] ROUTER END: Successfully served /home/academixsuite/public_html/tenant/{school-slug}/admin/message.php
[08-Mar-2026 15:13:47 Africa/Lagos] === MESSENGER PAGE START ===
[08-Mar-2026 15:13:47 Africa/Lagos] Request URI: /tenant/bitflux-wallet-1771434696/admin/message.php
[08-Mar-2026 15:13:47 Africa/Lagos] Script: /home/academixsuite/public_html/tenant/{school-slug}/admin/message.php
[08-Mar-2026 15:13:47 Africa/Lagos] School Slug from Router: bitflux-wallet-1771434696
[08-Mar-2026 15:13:47 Africa/Lagos] User Type: admin
[08-Mar-2026 15:13:47 Africa/Lagos] User authenticated for school: bitflux-wallet-1771434696
[08-Mar-2026 15:13:47 Africa/Lagos] User ID: 1, User Type: admin
[08-Mar-2026 15:13:47 Africa/Lagos] Loading autoload.php from: /home/academixsuite/public_html/tenant/{school-slug}/admin/../../../includes/autoload.php
[08-Mar-2026 15:13:47 Africa/Lagos] Autoload loaded successfully
[08-Mar-2026 15:13:47 Africa/Lagos] Connecting to school database: school_6
[08-Mar-2026 15:13:47 Africa/Lagos] School database connection successful
[08-Mar-2026 15:13:47 Africa/Lagos] =================== MESSENGER PAGE END ===================
[08-Mar-2026 15:13:47 Africa/Lagos] ROUTER END: Successfully served /home/academixsuite/public_html/tenant/{school-slug}/admin/message.php
[08-Mar-2026 15:14:05 Africa/Lagos] === MESSENGER PAGE START ===
[08-Mar-2026 15:14:05 Africa/Lagos] Request URI: /tenant/bitflux-wallet-1771434696/admin/message.php
[08-Mar-2026 15:14:05 Africa/Lagos] Script: /home/academixsuite/public_html/tenant/{school-slug}/admin/message.php
[08-Mar-2026 15:14:05 Africa/Lagos] School Slug from Router: bitflux-wallet-1771434696
[08-Mar-2026 15:14:05 Africa/Lagos] User Type: admin
[08-Mar-2026 15:14:05 Africa/Lagos] User authenticated for school: bitflux-wallet-1771434696
[08-Mar-2026 15:14:05 Africa/Lagos] User ID: 1, User Type: admin
[08-Mar-2026 15:14:05 Africa/Lagos] Loading autoload.php from: /home/academixsuite/public_html/tenant/{school-slug}/admin/../../../includes/autoload.php
[08-Mar-2026 15:14:05 Africa/Lagos] Autoload loaded successfully
[08-Mar-2026 15:14:05 Africa/Lagos] Connecting to school database: school_6
[08-Mar-2026 15:14:05 Africa/Lagos] School database connection successful
[08-Mar-2026 15:14:05 Africa/Lagos] =================== MESSENGER PAGE END ===================
[08-Mar-2026 15:14:05 Africa/Lagos] ROUTER END: Successfully served /home/academixsuite/public_html/tenant/{school-slug}/admin/message.php
[08-Mar-2026 15:14:43 Africa/Lagos] === MESSENGER PAGE START ===
[08-Mar-2026 15:14:43 Africa/Lagos] Request URI: /tenant/bitflux-wallet-1771434696/admin/message.php
[08-Mar-2026 15:14:43 Africa/Lagos] Script: /home/academixsuite/public_html/tenant/{school-slug}/admin/message.php
[08-Mar-2026 15:14:43 Africa/Lagos] School Slug from Router: bitflux-wallet-1771434696
[08-Mar-2026 15:14:43 Africa/Lagos] User Type: admin
[08-Mar-2026 15:14:43 Africa/Lagos] User authenticated for school: bitflux-wallet-1771434696
[08-Mar-2026 15:14:43 Africa/Lagos] User ID: 1, User Type: admin
[08-Mar-2026 15:14:43 Africa/Lagos] Loading autoload.php from: /home/academixsuite/public_html/tenant/{school-slug}/admin/../../../includes/autoload.php
[08-Mar-2026 15:14:43 Africa/Lagos] Autoload loaded successfully
[08-Mar-2026 15:14:43 Africa/Lagos] Connecting to school database: school_6
[08-Mar-2026 15:14:43 Africa/Lagos] School database connection successful
[08-Mar-2026 15:14:43 Africa/Lagos] =================== MESSENGER PAGE END ===================
[08-Mar-2026 15:14:43 Africa/Lagos] ROUTER END: Successfully served /home/academixsuite/public_html/tenant/{school-slug}/admin/message.php
[08-Mar-2026 15:21:00 Africa/Lagos] === MESSENGER PAGE START ===
[08-Mar-2026 15:21:00 Africa/Lagos] Request URI: /tenant/bitflux-wallet-1771434696/admin/message.php
[08-Mar-2026 15:21:00 Africa/Lagos] Script: /home/academixsuite/public_html/tenant/{school-slug}/admin/message.php
[08-Mar-2026 15:21:00 Africa/Lagos] School Slug from Router: bitflux-wallet-1771434696
[08-Mar-2026 15:21:00 Africa/Lagos] User Type: admin
[08-Mar-2026 15:21:00 Africa/Lagos] User authenticated for school: bitflux-wallet-1771434696
[08-Mar-2026 15:21:00 Africa/Lagos] User ID: 1, User Type: admin
[08-Mar-2026 15:21:00 Africa/Lagos] Loading autoload.php from: /home/academixsuite/public_html/tenant/{school-slug}/admin/../../../includes/autoload.php
[08-Mar-2026 15:21:00 Africa/Lagos] Autoload loaded successfully
[08-Mar-2026 15:21:00 Africa/Lagos] Connecting to school database: school_6
[08-Mar-2026 15:21:00 Africa/Lagos] School database connection successful
[08-Mar-2026 15:21:00 Africa/Lagos] =================== MESSENGER PAGE END ===================
[08-Mar-2026 15:21:00 Africa/Lagos] ROUTER END: Successfully served /home/academixsuite/public_html/tenant/{school-slug}/admin/message.php
[08-Mar-2026 15:25:43 Africa/Lagos] === MESSENGER PAGE START ===
[08-Mar-2026 15:25:43 Africa/Lagos] Request URI: /tenant/bitflux-wallet-1771434696/admin/message.php
[08-Mar-2026 15:25:43 Africa/Lagos] Script: /home/academixsuite/public_html/tenant/{school-slug}/admin/message.php
[08-Mar-2026 15:25:43 Africa/Lagos] School Slug from Router: bitflux-wallet-1771434696
[08-Mar-2026 15:25:43 Africa/Lagos] User Type: admin
[08-Mar-2026 15:25:43 Africa/Lagos] User authenticated for school: bitflux-wallet-1771434696
[08-Mar-2026 15:25:43 Africa/Lagos] User ID: 1, User Type: admin
[08-Mar-2026 15:25:43 Africa/Lagos] Loading autoload.php from: /home/academixsuite/public_html/tenant/{school-slug}/admin/../../../includes/autoload.php
[08-Mar-2026 15:25:43 Africa/Lagos] Autoload loaded successfully
[08-Mar-2026 15:25:43 Africa/Lagos] Connecting to school database: school_6
[08-Mar-2026 15:25:43 Africa/Lagos] School database connection successful
[08-Mar-2026 15:25:43 Africa/Lagos] =================== MESSENGER PAGE END ===================
[08-Mar-2026 15:25:43 Africa/Lagos] ROUTER END: Successfully served /home/academixsuite/public_html/tenant/{school-slug}/admin/message.php
[08-Mar-2026 15:26:40 Africa/Lagos] === MESSENGER PAGE START ===
[08-Mar-2026 15:26:40 Africa/Lagos] Request URI: /tenant/bitflux-wallet-1771434696/admin/message.php
[08-Mar-2026 15:26:40 Africa/Lagos] Script: /home/academixsuite/public_html/tenant/{school-slug}/admin/message.php
[08-Mar-2026 15:26:40 Africa/Lagos] School Slug from Router: bitflux-wallet-1771434696
[08-Mar-2026 15:26:40 Africa/Lagos] User Type: admin
[08-Mar-2026 15:26:40 Africa/Lagos] User authenticated for school: bitflux-wallet-1771434696
[08-Mar-2026 15:26:40 Africa/Lagos] User ID: 1, User Type: admin
[08-Mar-2026 15:26:40 Africa/Lagos] Loading autoload.php from: /home/academixsuite/public_html/tenant/{school-slug}/admin/../../../includes/autoload.php
[08-Mar-2026 15:26:40 Africa/Lagos] Autoload loaded successfully
[08-Mar-2026 15:26:40 Africa/Lagos] Connecting to school database: school_6
[08-Mar-2026 15:26:40 Africa/Lagos] School database connection successful
[08-Mar-2026 15:26:40 Africa/Lagos] =================== MESSENGER PAGE END ===================
[08-Mar-2026 15:26:40 Africa/Lagos] ROUTER END: Successfully served /home/academixsuite/public_html/tenant/{school-slug}/admin/message.php
[08-Mar-2026 15:27:42 Africa/Lagos] === MESSENGER PAGE START ===
[08-Mar-2026 15:27:42 Africa/Lagos] Request URI: /tenant/bitflux-wallet-1771434696/admin/message.php
[08-Mar-2026 15:27:42 Africa/Lagos] Script: /home/academixsuite/public_html/tenant/{school-slug}/admin/message.php
[08-Mar-2026 15:27:42 Africa/Lagos] School Slug from Router: bitflux-wallet-1771434696
[08-Mar-2026 15:27:42 Africa/Lagos] User Type: admin
[08-Mar-2026 15:27:42 Africa/Lagos] User authenticated for school: bitflux-wallet-1771434696
[08-Mar-2026 15:27:42 Africa/Lagos] User ID: 1, User Type: admin
[08-Mar-2026 15:27:42 Africa/Lagos] Loading autoload.php from: /home/academixsuite/public_html/tenant/{school-slug}/admin/../../../includes/autoload.php
[08-Mar-2026 15:27:42 Africa/Lagos] Autoload loaded successfully
[08-Mar-2026 15:27:42 Africa/Lagos] Connecting to school database: school_6
[08-Mar-2026 15:27:42 Africa/Lagos] School database connection successful
[08-Mar-2026 15:27:42 Africa/Lagos] =================== MESSENGER PAGE END ===================
[08-Mar-2026 15:27:42 Africa/Lagos] ROUTER END: Successfully served /home/academixsuite/public_html/tenant/{school-slug}/admin/message.php
[08-Mar-2026 15:37:06 Africa/Lagos] === MESSENGER PAGE START ===
[08-Mar-2026 15:37:06 Africa/Lagos] Request URI: /tenant/bitflux-wallet-1771434696/admin/message.php
[08-Mar-2026 15:37:06 Africa/Lagos] Script: /home/academixsuite/public_html/tenant/{school-slug}/admin/message.php
[08-Mar-2026 15:37:06 Africa/Lagos] School Slug from Router: bitflux-wallet-1771434696
[08-Mar-2026 15:37:06 Africa/Lagos] User Type: admin
[08-Mar-2026 15:37:06 Africa/Lagos] User authenticated for school: bitflux-wallet-1771434696
[08-Mar-2026 15:37:06 Africa/Lagos] User ID: 1, User Type: admin
[08-Mar-2026 15:37:06 Africa/Lagos] Loading autoload.php from: /home/academixsuite/public_html/tenant/{school-slug}/admin/../../../includes/autoload.php
[08-Mar-2026 15:37:06 Africa/Lagos] Autoload loaded successfully
[08-Mar-2026 15:37:06 Africa/Lagos] Connecting to school database: school_6
[08-Mar-2026 15:37:06 Africa/Lagos] School database connection successful
[08-Mar-2026 15:37:06 Africa/Lagos] =================== MESSENGER PAGE END ===================
[08-Mar-2026 15:37:06 Africa/Lagos] ROUTER END: Successfully served /home/academixsuite/public_html/tenant/{school-slug}/admin/message.php
[08-Mar-2026 15:37:20 Africa/Lagos] === MESSENGER PAGE START ===
[08-Mar-2026 15:37:20 Africa/Lagos] Request URI: /tenant/bitflux-wallet-1771434696/admin/message.php
[08-Mar-2026 15:37:20 Africa/Lagos] Script: /home/academixsuite/public_html/tenant/{school-slug}/admin/message.php
[08-Mar-2026 15:37:20 Africa/Lagos] School Slug from Router: bitflux-wallet-1771434696
[08-Mar-2026 15:37:20 Africa/Lagos] User Type: admin
[08-Mar-2026 15:37:20 Africa/Lagos] User authenticated for school: bitflux-wallet-1771434696
[08-Mar-2026 15:37:20 Africa/Lagos] User ID: 1, User Type: admin
[08-Mar-2026 15:37:20 Africa/Lagos] Loading autoload.php from: /home/academixsuite/public_html/tenant/{school-slug}/admin/../../../includes/autoload.php
[08-Mar-2026 15:37:20 Africa/Lagos] Autoload loaded successfully
[08-Mar-2026 15:37:20 Africa/Lagos] Connecting to school database: school_6
[08-Mar-2026 15:37:20 Africa/Lagos] School database connection successful
[08-Mar-2026 15:37:20 Africa/Lagos] =================== MESSENGER PAGE END ===================
[08-Mar-2026 15:37:20 Africa/Lagos] ROUTER END: Successfully served /home/academixsuite/public_html/tenant/{school-slug}/admin/message.php
[08-Mar-2026 15:40:01 Africa/Lagos] === MESSENGER PAGE START ===
[08-Mar-2026 15:40:01 Africa/Lagos] Request URI: /tenant/bitflux-wallet-1771434696/admin/message.php
[08-Mar-2026 15:40:01 Africa/Lagos] Script: /home/academixsuite/public_html/tenant/{school-slug}/admin/message.php
[08-Mar-2026 15:40:01 Africa/Lagos] School Slug from Router: bitflux-wallet-1771434696
[08-Mar-2026 15:40:01 Africa/Lagos] User Type: admin
[08-Mar-2026 15:40:01 Africa/Lagos] User authenticated for school: bitflux-wallet-1771434696
[08-Mar-2026 15:40:01 Africa/Lagos] User ID: 1, User Type: admin
[08-Mar-2026 15:40:01 Africa/Lagos] Loading autoload.php from: /home/academixsuite/public_html/tenant/{school-slug}/admin/../../../includes/autoload.php
[08-Mar-2026 15:40:01 Africa/Lagos] Autoload loaded successfully
[08-Mar-2026 15:40:01 Africa/Lagos] Connecting to school database: school_6
[08-Mar-2026 15:40:01 Africa/Lagos] School database connection successful
[08-Mar-2026 15:40:01 Africa/Lagos] =================== MESSENGER PAGE END ===================
[08-Mar-2026 15:40:01 Africa/Lagos] ROUTER END: Successfully served /home/academixsuite/public_html/tenant/{school-slug}/admin/message.php
[08-Mar-2026 15:40:18 Africa/Lagos] === MESSENGER PAGE START ===
[08-Mar-2026 15:40:18 Africa/Lagos] Request URI: /tenant/bitflux-wallet-1771434696/admin/message.php
[08-Mar-2026 15:40:18 Africa/Lagos] Script: /home/academixsuite/public_html/tenant/{school-slug}/admin/message.php
[08-Mar-2026 15:40:18 Africa/Lagos] School Slug from Router: bitflux-wallet-1771434696
[08-Mar-2026 15:40:18 Africa/Lagos] User Type: admin
[08-Mar-2026 15:40:18 Africa/Lagos] User authenticated for school: bitflux-wallet-1771434696
[08-Mar-2026 15:40:18 Africa/Lagos] User ID: 1, User Type: admin
[08-Mar-2026 15:40:18 Africa/Lagos] Loading autoload.php from: /home/academixsuite/public_html/tenant/{school-slug}/admin/../../../includes/autoload.php
[08-Mar-2026 15:40:18 Africa/Lagos] Autoload loaded successfully
[08-Mar-2026 15:40:18 Africa/Lagos] Connecting to school database: school_6
[08-Mar-2026 15:40:18 Africa/Lagos] School database connection successful
[08-Mar-2026 15:40:18 Africa/Lagos] =================== MESSENGER PAGE END ===================
[08-Mar-2026 15:40:18 Africa/Lagos] ROUTER END: Successfully served /home/academixsuite/public_html/tenant/{school-slug}/admin/message.php
[08-Mar-2026 17:28:35 Africa/Lagos] === MESSENGER PAGE START ===
[08-Mar-2026 17:28:35 Africa/Lagos] Request URI: /tenant/bitflux-wallet-1771434696/admin/message.php
[08-Mar-2026 17:28:35 Africa/Lagos] Script: /home/academixsuite/public_html/tenant/{school-slug}/admin/message.php
[08-Mar-2026 17:28:35 Africa/Lagos] School Slug from Router: bitflux-wallet-1771434696
[08-Mar-2026 17:28:35 Africa/Lagos] User Type: admin
[08-Mar-2026 17:28:35 Africa/Lagos] User authenticated for school: bitflux-wallet-1771434696
[08-Mar-2026 17:28:35 Africa/Lagos] User ID: 1, User Type: admin
[08-Mar-2026 17:28:35 Africa/Lagos] Loading autoload.php from: /home/academixsuite/public_html/tenant/{school-slug}/admin/../../../includes/autoload.php
[08-Mar-2026 17:28:35 Africa/Lagos] Autoload loaded successfully
[08-Mar-2026 17:28:35 Africa/Lagos] Connecting to school database: school_6
[08-Mar-2026 17:28:35 Africa/Lagos] School database connection successful
[08-Mar-2026 17:28:35 Africa/Lagos] =================== MESSENGER PAGE END ===================
[08-Mar-2026 17:28:35 Africa/Lagos] ROUTER END: Successfully served /home/academixsuite/public_html/tenant/{school-slug}/admin/message.php
[08-Mar-2026 17:40:02 Africa/Lagos] === MESSENGER PAGE START ===
[08-Mar-2026 17:40:02 Africa/Lagos] Request URI: /tenant/bitflux-wallet-1771434696/admin/message.php
[08-Mar-2026 17:40:02 Africa/Lagos] Script: /home/academixsuite/public_html/tenant/{school-slug}/admin/message.php
[08-Mar-2026 17:40:02 Africa/Lagos] School Slug from Router: bitflux-wallet-1771434696
[08-Mar-2026 17:40:02 Africa/Lagos] User Type: admin
[08-Mar-2026 17:40:02 Africa/Lagos] User authenticated for school: bitflux-wallet-1771434696
[08-Mar-2026 17:40:02 Africa/Lagos] User ID: 1, User Type: admin
[08-Mar-2026 17:40:02 Africa/Lagos] Loading autoload.php from: /home/academixsuite/public_html/tenant/{school-slug}/admin/../../../includes/autoload.php
[08-Mar-2026 17:40:02 Africa/Lagos] Autoload loaded successfully
[08-Mar-2026 17:40:02 Africa/Lagos] Connecting to school database: school_6
[08-Mar-2026 17:40:02 Africa/Lagos] School database connection successful
[08-Mar-2026 17:40:02 Africa/Lagos] =================== MESSENGER PAGE END ===================
[08-Mar-2026 17:40:02 Africa/Lagos] ROUTER END: Successfully served /home/academixsuite/public_html/tenant/{school-slug}/admin/message.php
[08-Mar-2026 17:49:50 Africa/Lagos] === MESSENGER PAGE START ===
[08-Mar-2026 17:49:50 Africa/Lagos] Request URI: /tenant/bitflux-wallet-1771434696/admin/message.php
[08-Mar-2026 17:49:50 Africa/Lagos] Script: /home/academixsuite/public_html/tenant/{school-slug}/admin/message.php
[08-Mar-2026 17:49:50 Africa/Lagos] School Slug from Router: bitflux-wallet-1771434696
[08-Mar-2026 17:49:50 Africa/Lagos] User Type: admin
[08-Mar-2026 17:49:50 Africa/Lagos] User authenticated for school: bitflux-wallet-1771434696
[08-Mar-2026 17:49:50 Africa/Lagos] User ID: 1, User Type: admin
[08-Mar-2026 17:49:50 Africa/Lagos] Loading autoload.php from: /home/academixsuite/public_html/tenant/{school-slug}/admin/../../../includes/autoload.php
[08-Mar-2026 17:49:50 Africa/Lagos] Autoload loaded successfully
[08-Mar-2026 17:49:50 Africa/Lagos] Connecting to school database: school_6
[08-Mar-2026 17:49:50 Africa/Lagos] School database connection successful
[08-Mar-2026 17:49:50 Africa/Lagos] =================== MESSENGER PAGE END ===================
[08-Mar-2026 17:49:50 Africa/Lagos] ROUTER END: Successfully served /home/academixsuite/public_html/tenant/{school-slug}/admin/message.php
[08-Mar-2026 17:50:06 Africa/Lagos] === MESSENGER PAGE START ===
[08-Mar-2026 17:50:06 Africa/Lagos] Request URI: /tenant/bitflux-wallet-1771434696/admin/message.php
[08-Mar-2026 17:50:06 Africa/Lagos] Script: /home/academixsuite/public_html/tenant/{school-slug}/admin/message.php
[08-Mar-2026 17:50:06 Africa/Lagos] School Slug from Router: bitflux-wallet-1771434696
[08-Mar-2026 17:50:06 Africa/Lagos] User Type: admin
[08-Mar-2026 17:50:06 Africa/Lagos] User authenticated for school: bitflux-wallet-1771434696
[08-Mar-2026 17:50:06 Africa/Lagos] User ID: 1, User Type: admin
[08-Mar-2026 17:50:06 Africa/Lagos] Loading autoload.php from: /home/academixsuite/public_html/tenant/{school-slug}/admin/../../../includes/autoload.php
[08-Mar-2026 17:50:06 Africa/Lagos] Autoload loaded successfully
[08-Mar-2026 17:50:06 Africa/Lagos] Connecting to school database: school_6
[08-Mar-2026 17:50:06 Africa/Lagos] School database connection successful
[08-Mar-2026 17:50:06 Africa/Lagos] =================== MESSENGER PAGE END ===================
[08-Mar-2026 17:50:06 Africa/Lagos] ROUTER END: Successfully served /home/academixsuite/public_html/tenant/{school-slug}/admin/message.php
[08-Mar-2026 17:53:35 Africa/Lagos] === MESSENGER PAGE START ===
[08-Mar-2026 17:53:35 Africa/Lagos] Request URI: /tenant/bitflux-wallet-1771434696/admin/message.php
[08-Mar-2026 17:53:35 Africa/Lagos] Script: /home/academixsuite/public_html/tenant/{school-slug}/admin/message.php
[08-Mar-2026 17:53:35 Africa/Lagos] School Slug from Router: bitflux-wallet-1771434696
[08-Mar-2026 17:53:35 Africa/Lagos] User Type: admin
[08-Mar-2026 17:53:35 Africa/Lagos] User authenticated for school: bitflux-wallet-1771434696
[08-Mar-2026 17:53:35 Africa/Lagos] User ID: 1, User Type: admin
[08-Mar-2026 17:53:35 Africa/Lagos] Loading autoload.php from: /home/academixsuite/public_html/tenant/{school-slug}/admin/../../../includes/autoload.php
[08-Mar-2026 17:53:35 Africa/Lagos] Autoload loaded successfully
[08-Mar-2026 17:53:35 Africa/Lagos] Connecting to school database: school_6
[08-Mar-2026 17:53:35 Africa/Lagos] School database connection successful
[08-Mar-2026 17:53:35 Africa/Lagos] =================== MESSENGER PAGE END ===================
[08-Mar-2026 17:53:35 Africa/Lagos] ROUTER END: Successfully served /home/academixsuite/public_html/tenant/{school-slug}/admin/message.php
[08-Mar-2026 18:38:03 Africa/Lagos] === MESSENGER PAGE START ===
[08-Mar-2026 18:38:03 Africa/Lagos] Request URI: /tenant/bitflux-wallet-1771434696/admin/message.php
[08-Mar-2026 18:38:03 Africa/Lagos] Script: /home/academixsuite/public_html/tenant/{school-slug}/admin/message.php
[08-Mar-2026 18:38:03 Africa/Lagos] School Slug from Router: bitflux-wallet-1771434696
[08-Mar-2026 18:38:03 Africa/Lagos] User Type: admin
[08-Mar-2026 18:38:03 Africa/Lagos] User authenticated for school: bitflux-wallet-1771434696
[08-Mar-2026 18:38:03 Africa/Lagos] User ID: 1, User Type: admin
[08-Mar-2026 18:38:03 Africa/Lagos] Loading autoload.php from: /home/academixsuite/public_html/tenant/{school-slug}/admin/../../../includes/autoload.php
[08-Mar-2026 18:38:03 Africa/Lagos] Autoload loaded successfully
[08-Mar-2026 18:38:03 Africa/Lagos] Connecting to school database: school_6
[08-Mar-2026 18:38:03 Africa/Lagos] School database connection successful
[08-Mar-2026 18:38:03 Africa/Lagos] =================== MESSENGER PAGE END ===================
[08-Mar-2026 18:38:03 Africa/Lagos] ROUTER END: Successfully served /home/academixsuite/public_html/tenant/{school-slug}/admin/message.php
[09-Mar-2026 02:09:56 Africa/Lagos] === MESSENGER PAGE START ===
[09-Mar-2026 02:09:56 Africa/Lagos] Request URI: /tenant/bitflux-wallet-1771434696/admin/message.php
[09-Mar-2026 02:09:56 Africa/Lagos] Script: /home/academixsuite/public_html/tenant/{school-slug}/admin/message.php
[09-Mar-2026 02:09:56 Africa/Lagos] School Slug from Router: bitflux-wallet-1771434696
[09-Mar-2026 02:09:56 Africa/Lagos] User Type: admin
[09-Mar-2026 02:09:56 Africa/Lagos] User authenticated for school: bitflux-wallet-1771434696
[09-Mar-2026 02:09:56 Africa/Lagos] User ID: 1, User Type: admin
[09-Mar-2026 02:09:56 Africa/Lagos] Loading autoload.php from: /home/academixsuite/public_html/tenant/{school-slug}/admin/../../../includes/autoload.php
[09-Mar-2026 02:09:56 Africa/Lagos] Autoload loaded successfully
[09-Mar-2026 02:09:56 Africa/Lagos] Connecting to school database: school_6
[09-Mar-2026 02:09:56 Africa/Lagos] School database connection successful
[09-Mar-2026 02:09:56 Africa/Lagos] =================== MESSENGER PAGE END ===================
[09-Mar-2026 02:09:56 Africa/Lagos] ROUTER END: Successfully served /home/academixsuite/public_html/tenant/{school-slug}/admin/message.php
[09-Mar-2026 03:36:57 Africa/Lagos] === MESSENGER PAGE START ===
[09-Mar-2026 03:36:57 Africa/Lagos] Request URI: /tenant/bitflux-wallet-1771434696/admin/message.php
[09-Mar-2026 03:36:57 Africa/Lagos] Script: /home/academixsuite/public_html/tenant/{school-slug}/admin/message.php
[09-Mar-2026 03:36:57 Africa/Lagos] School Slug from Router: bitflux-wallet-1771434696
[09-Mar-2026 03:36:57 Africa/Lagos] User Type: admin
[09-Mar-2026 03:36:57 Africa/Lagos] User authenticated for school: bitflux-wallet-1771434696
[09-Mar-2026 03:36:57 Africa/Lagos] User ID: 1, User Type: admin
[09-Mar-2026 03:36:57 Africa/Lagos] Loading autoload.php from: /home/academixsuite/public_html/tenant/{school-slug}/admin/../../../includes/autoload.php
[09-Mar-2026 03:36:57 Africa/Lagos] Autoload loaded successfully
[09-Mar-2026 03:36:57 Africa/Lagos] Connecting to school database: school_6
[09-Mar-2026 03:36:57 Africa/Lagos] School database connection successful
[09-Mar-2026 03:36:57 Africa/Lagos] =================== MESSENGER PAGE END ===================
[09-Mar-2026 03:36:57 Africa/Lagos] ROUTER END: Successfully served /home/academixsuite/public_html/tenant/{school-slug}/admin/message.php
[09-Mar-2026 04:56:36 Africa/Lagos] === MESSENGER PAGE START ===
[09-Mar-2026 04:56:36 Africa/Lagos] Request URI: /tenant/bitflux-wallet-1771434696/admin/message.php
[09-Mar-2026 04:56:36 Africa/Lagos] Script: /home/academixsuite/public_html/tenant/{school-slug}/admin/message.php
[09-Mar-2026 04:56:36 Africa/Lagos] School Slug from Router: bitflux-wallet-1771434696
[09-Mar-2026 04:56:36 Africa/Lagos] User Type: admin
[09-Mar-2026 04:56:36 Africa/Lagos] User authenticated for school: bitflux-wallet-1771434696
[09-Mar-2026 04:56:36 Africa/Lagos] User ID: 1, User Type: admin
[09-Mar-2026 04:56:36 Africa/Lagos] Loading autoload.php from: /home/academixsuite/public_html/tenant/{school-slug}/admin/../../../includes/autoload.php
[09-Mar-2026 04:56:36 Africa/Lagos] Autoload loaded successfully
[09-Mar-2026 04:56:36 Africa/Lagos] Connecting to school database: school_6
[09-Mar-2026 04:56:36 Africa/Lagos] School database connection successful
[09-Mar-2026 04:56:36 Africa/Lagos] =================== MESSENGER PAGE END ===================
[09-Mar-2026 04:56:36 Africa/Lagos] ROUTER END: Successfully served /home/academixsuite/public_html/tenant/{school-slug}/admin/message.php
[09-Mar-2026 12:58:40 Africa/Lagos] === MESSENGER PAGE START ===
[09-Mar-2026 12:58:40 Africa/Lagos] Request URI: /tenant/bitflux-wallet-1771434696/admin/message.php
[09-Mar-2026 12:58:40 Africa/Lagos] Script: /home/academixsuite/public_html/tenant/{school-slug}/admin/message.php
[09-Mar-2026 12:58:40 Africa/Lagos] School Slug from Router: bitflux-wallet-1771434696
[09-Mar-2026 12:58:40 Africa/Lagos] User Type: admin
[09-Mar-2026 12:58:40 Africa/Lagos] User authenticated for school: bitflux-wallet-1771434696
[09-Mar-2026 12:58:40 Africa/Lagos] User ID: 1, User Type: admin
[09-Mar-2026 12:58:40 Africa/Lagos] Loading autoload.php from: /home/academixsuite/public_html/tenant/{school-slug}/admin/../../../includes/autoload.php
[09-Mar-2026 12:58:40 Africa/Lagos] Autoload loaded successfully
[09-Mar-2026 12:58:40 Africa/Lagos] Connecting to school database: school_6
[09-Mar-2026 12:58:40 Africa/Lagos] School database connection successful
[09-Mar-2026 12:58:40 Africa/Lagos] =================== MESSENGER PAGE END ===================
[09-Mar-2026 12:58:40 Africa/Lagos] ROUTER END: Successfully served /home/academixsuite/public_html/tenant/{school-slug}/admin/message.php
[09-Mar-2026 12:59:29 Africa/Lagos] === MESSENGER PAGE START ===
[09-Mar-2026 12:59:29 Africa/Lagos] Request URI: /tenant/bitflux-wallet-1771434696/admin/message.php
[09-Mar-2026 12:59:29 Africa/Lagos] Script: /home/academixsuite/public_html/tenant/{school-slug}/admin/message.php
[09-Mar-2026 12:59:29 Africa/Lagos] School Slug from Router: bitflux-wallet-1771434696
[09-Mar-2026 12:59:29 Africa/Lagos] User Type: admin
[09-Mar-2026 12:59:29 Africa/Lagos] User authenticated for school: bitflux-wallet-1771434696
[09-Mar-2026 12:59:29 Africa/Lagos] User ID: 1, User Type: admin
[09-Mar-2026 12:59:29 Africa/Lagos] Loading autoload.php from: /home/academixsuite/public_html/tenant/{school-slug}/admin/../../../includes/autoload.php
[09-Mar-2026 12:59:29 Africa/Lagos] Autoload loaded successfully
[09-Mar-2026 12:59:29 Africa/Lagos] Connecting to school database: school_6
[09-Mar-2026 12:59:29 Africa/Lagos] School database connection successful
[09-Mar-2026 12:59:29 Africa/Lagos] =================== MESSENGER PAGE END ===================
[09-Mar-2026 12:59:29 Africa/Lagos] ROUTER END: Successfully served /home/academixsuite/public_html/tenant/{school-slug}/admin/message.php
[09-Mar-2026 13:03:36 Africa/Lagos] === MESSENGER PAGE START ===
[09-Mar-2026 13:03:36 Africa/Lagos] Request URI: /tenant/bitflux-wallet-1771434696/admin/message.php
[09-Mar-2026 13:03:36 Africa/Lagos] Script: /home/academixsuite/public_html/tenant/{school-slug}/admin/message.php
[09-Mar-2026 13:03:36 Africa/Lagos] School Slug from Router: bitflux-wallet-1771434696
[09-Mar-2026 13:03:36 Africa/Lagos] User Type: admin
[09-Mar-2026 13:03:36 Africa/Lagos] User authenticated for school: bitflux-wallet-1771434696
[09-Mar-2026 13:03:36 Africa/Lagos] User ID: 1, User Type: admin
[09-Mar-2026 13:03:36 Africa/Lagos] Loading autoload.php from: /home/academixsuite/public_html/tenant/{school-slug}/admin/../../../includes/autoload.php
[09-Mar-2026 13:03:36 Africa/Lagos] Autoload loaded successfully
[09-Mar-2026 13:03:36 Africa/Lagos] Connecting to school database: school_6
[09-Mar-2026 13:03:36 Africa/Lagos] School database connection successful
[09-Mar-2026 13:03:36 Africa/Lagos] =================== MESSENGER PAGE END ===================
[09-Mar-2026 13:03:36 Africa/Lagos] ROUTER END: Successfully served /home/academixsuite/public_html/tenant/{school-slug}/admin/message.php
[09-Mar-2026 13:03:59 Africa/Lagos] === MESSENGER PAGE START ===
[09-Mar-2026 13:03:59 Africa/Lagos] Request URI: /tenant/bitflux-wallet-1771434696/admin/message.php
[09-Mar-2026 13:03:59 Africa/Lagos] Script: /home/academixsuite/public_html/tenant/{school-slug}/admin/message.php
[09-Mar-2026 13:03:59 Africa/Lagos] School Slug from Router: bitflux-wallet-1771434696
[09-Mar-2026 13:03:59 Africa/Lagos] User Type: admin
[09-Mar-2026 13:03:59 Africa/Lagos] User authenticated for school: bitflux-wallet-1771434696
[09-Mar-2026 13:03:59 Africa/Lagos] User ID: 1, User Type: admin
[09-Mar-2026 13:03:59 Africa/Lagos] Loading autoload.php from: /home/academixsuite/public_html/tenant/{school-slug}/admin/../../../includes/autoload.php
[09-Mar-2026 13:03:59 Africa/Lagos] Autoload loaded successfully
[09-Mar-2026 13:03:59 Africa/Lagos] Connecting to school database: school_6
[09-Mar-2026 13:03:59 Africa/Lagos] School database connection successful
[09-Mar-2026 13:03:59 Africa/Lagos] =================== MESSENGER PAGE END ===================
[09-Mar-2026 13:03:59 Africa/Lagos] ROUTER END: Successfully served /home/academixsuite/public_html/tenant/{school-slug}/admin/message.php
[09-Mar-2026 13:04:59 Africa/Lagos] === MESSENGER PAGE START ===
[09-Mar-2026 13:04:59 Africa/Lagos] Request URI: /tenant/bitflux-wallet-1771434696/admin/message.php
[09-Mar-2026 13:04:59 Africa/Lagos] Script: /home/academixsuite/public_html/tenant/{school-slug}/admin/message.php
[09-Mar-2026 13:04:59 Africa/Lagos] School Slug from Router: bitflux-wallet-1771434696
[09-Mar-2026 13:04:59 Africa/Lagos] User Type: admin
[09-Mar-2026 13:04:59 Africa/Lagos] User authenticated for school: bitflux-wallet-1771434696
[09-Mar-2026 13:04:59 Africa/Lagos] User ID: 1, User Type: admin
[09-Mar-2026 13:04:59 Africa/Lagos] Loading autoload.php from: /home/academixsuite/public_html/tenant/{school-slug}/admin/../../../includes/autoload.php
[09-Mar-2026 13:04:59 Africa/Lagos] Autoload loaded successfully
[09-Mar-2026 13:04:59 Africa/Lagos] Connecting to school database: school_6
[09-Mar-2026 13:04:59 Africa/Lagos] School database connection successful
[09-Mar-2026 13:04:59 Africa/Lagos] =================== MESSENGER PAGE END ===================
[09-Mar-2026 13:04:59 Africa/Lagos] ROUTER END: Successfully served /home/academixsuite/public_html/tenant/{school-slug}/admin/message.php
[10-Mar-2026 12:57:03 Africa/Lagos] === MESSENGER PAGE START ===
[10-Mar-2026 12:57:03 Africa/Lagos] Request URI: /tenant/bitflux-wallet-1771434696/admin/message.php
[10-Mar-2026 12:57:03 Africa/Lagos] Script: /home/academixsuite/public_html/tenant/{school-slug}/admin/message.php
[10-Mar-2026 12:57:03 Africa/Lagos] School Slug from Router: bitflux-wallet-1771434696
[10-Mar-2026 12:57:03 Africa/Lagos] User Type: admin
[10-Mar-2026 12:57:03 Africa/Lagos] User authenticated for school: bitflux-wallet-1771434696
[10-Mar-2026 12:57:03 Africa/Lagos] User ID: 1, User Type: admin
[10-Mar-2026 12:57:03 Africa/Lagos] Loading autoload.php from: /home/academixsuite/public_html/tenant/{school-slug}/admin/../../../includes/autoload.php
[10-Mar-2026 12:57:03 Africa/Lagos] Autoload loaded successfully
[10-Mar-2026 12:57:03 Africa/Lagos] Connecting to school database: school_6
[10-Mar-2026 12:57:03 Africa/Lagos] School database connection successful
[10-Mar-2026 12:57:03 Africa/Lagos] =================== MESSENGER PAGE END ===================
[10-Mar-2026 12:57:03 Africa/Lagos] ROUTER END: Successfully served /home/academixsuite/public_html/tenant/{school-slug}/admin/message.php
[23-Mar-2026 09:59:59 Africa/Lagos] === MESSENGER PAGE START ===
[23-Mar-2026 09:59:59 Africa/Lagos] Request URI: /tenant/bitflux-wallet-1771434696/admin/message.php
[23-Mar-2026 09:59:59 Africa/Lagos] Script: /home/academixsuite/public_html/tenant/{school-slug}/admin/message.php
[23-Mar-2026 09:59:59 Africa/Lagos] School Slug from Router: bitflux-wallet-1771434696
[23-Mar-2026 09:59:59 Africa/Lagos] User Type: admin
[23-Mar-2026 09:59:59 Africa/Lagos] User authenticated for school: bitflux-wallet-1771434696
[23-Mar-2026 09:59:59 Africa/Lagos] User ID: 1, User Type: admin
[23-Mar-2026 09:59:59 Africa/Lagos] Loading autoload.php from: /home/academixsuite/public_html/tenant/{school-slug}/admin/../../../includes/autoload.php
[23-Mar-2026 09:59:59 Africa/Lagos] Autoload loaded successfully
[23-Mar-2026 09:59:59 Africa/Lagos] Connecting to school database: school_6
[23-Mar-2026 09:59:59 Africa/Lagos] School database connection successful
[23-Mar-2026 09:59:59 Africa/Lagos] =================== MESSENGER PAGE END ===================
[23-Mar-2026 09:59:59 Africa/Lagos] ROUTER END: Successfully served /home/academixsuite/public_html/tenant/{school-slug}/admin/message.php
[24-Mar-2026 09:37:37 Africa/Lagos] === MESSENGER PAGE START ===
[24-Mar-2026 09:37:37 Africa/Lagos] Request URI: /tenant/bitflux-wallet-1771434696/admin/message.php
[24-Mar-2026 09:37:37 Africa/Lagos] Script: /home/academixsuite/public_html/tenant/{school-slug}/admin/message.php
[24-Mar-2026 09:37:37 Africa/Lagos] School Slug from Router: bitflux-wallet-1771434696
[24-Mar-2026 09:37:37 Africa/Lagos] User Type: admin
[24-Mar-2026 09:37:37 Africa/Lagos] User authenticated for school: bitflux-wallet-1771434696
[24-Mar-2026 09:37:37 Africa/Lagos] User ID: 1, User Type: admin
[24-Mar-2026 09:37:37 Africa/Lagos] Loading autoload.php from: /home/academixsuite/public_html/tenant/{school-slug}/admin/../../../includes/autoload.php
[24-Mar-2026 09:37:37 Africa/Lagos] Autoload loaded successfully
[24-Mar-2026 09:37:37 Africa/Lagos] Connecting to school database: school_6
[24-Mar-2026 09:37:37 Africa/Lagos] School database connection successful
[24-Mar-2026 09:37:37 Africa/Lagos] =================== MESSENGER PAGE END ===================
[24-Mar-2026 09:37:37 Africa/Lagos] ROUTER END: Successfully served /home/academixsuite/public_html/tenant/{school-slug}/admin/message.php
[24-Mar-2026 09:46:37 Africa/Lagos] === MESSENGER PAGE START ===
[24-Mar-2026 09:46:37 Africa/Lagos] Request URI: /tenant/bitflux-wallet-1771434696/admin/message.php
[24-Mar-2026 09:46:37 Africa/Lagos] Script: /home/academixsuite/public_html/tenant/{school-slug}/admin/message.php
[24-Mar-2026 09:46:37 Africa/Lagos] School Slug from Router: bitflux-wallet-1771434696
[24-Mar-2026 09:46:37 Africa/Lagos] User Type: admin
[24-Mar-2026 09:46:37 Africa/Lagos] User authenticated for school: bitflux-wallet-1771434696
[24-Mar-2026 09:46:37 Africa/Lagos] User ID: 1, User Type: admin
[24-Mar-2026 09:46:37 Africa/Lagos] Loading autoload.php from: /home/academixsuite/public_html/tenant/{school-slug}/admin/../../../includes/autoload.php
[24-Mar-2026 09:46:37 Africa/Lagos] Autoload loaded successfully
[24-Mar-2026 09:46:37 Africa/Lagos] Connecting to school database: school_6
[24-Mar-2026 09:46:37 Africa/Lagos] School database connection successful
[24-Mar-2026 09:46:37 Africa/Lagos] =================== MESSENGER PAGE END ===================
[24-Mar-2026 09:46:37 Africa/Lagos] ROUTER END: Successfully served /home/academixsuite/public_html/tenant/{school-slug}/admin/message.php
[24-Mar-2026 09:48:38 Africa/Lagos] === MESSENGER PAGE START ===
[24-Mar-2026 09:48:38 Africa/Lagos] Request URI: /tenant/bitflux-wallet-1771434696/admin/message.php
[24-Mar-2026 09:48:38 Africa/Lagos] Script: /home/academixsuite/public_html/tenant/{school-slug}/admin/message.php
[24-Mar-2026 09:48:38 Africa/Lagos] School Slug from Router: bitflux-wallet-1771434696
[24-Mar-2026 09:48:38 Africa/Lagos] User Type: admin
[24-Mar-2026 09:48:38 Africa/Lagos] User authenticated for school: bitflux-wallet-1771434696
[24-Mar-2026 09:48:38 Africa/Lagos] User ID: 1, User Type: admin
[24-Mar-2026 09:48:38 Africa/Lagos] Loading autoload.php from: /home/academixsuite/public_html/tenant/{school-slug}/admin/../../../includes/autoload.php
[24-Mar-2026 09:48:38 Africa/Lagos] Autoload loaded successfully
[24-Mar-2026 09:48:38 Africa/Lagos] Connecting to school database: school_6
[24-Mar-2026 09:48:38 Africa/Lagos] School database connection successful
[24-Mar-2026 09:48:38 Africa/Lagos] =================== MESSENGER PAGE END ===================
[24-Mar-2026 09:48:38 Africa/Lagos] ROUTER END: Successfully served /home/academixsuite/public_html/tenant/{school-slug}/admin/message.php
[24-Mar-2026 09:49:02 Africa/Lagos] === MESSENGER PAGE START ===
[24-Mar-2026 09:49:02 Africa/Lagos] Request URI: /tenant/bitflux-wallet-1771434696/admin/message.php
[24-Mar-2026 09:49:02 Africa/Lagos] Script: /home/academixsuite/public_html/tenant/{school-slug}/admin/message.php
[24-Mar-2026 09:49:02 Africa/Lagos] School Slug from Router: bitflux-wallet-1771434696
[24-Mar-2026 09:49:02 Africa/Lagos] User Type: admin
[24-Mar-2026 09:49:02 Africa/Lagos] User authenticated for school: bitflux-wallet-1771434696
[24-Mar-2026 09:49:02 Africa/Lagos] User ID: 1, User Type: admin
[24-Mar-2026 09:49:02 Africa/Lagos] Loading autoload.php from: /home/academixsuite/public_html/tenant/{school-slug}/admin/../../../includes/autoload.php
[24-Mar-2026 09:49:02 Africa/Lagos] Autoload loaded successfully
[24-Mar-2026 09:49:02 Africa/Lagos] Connecting to school database: school_6
[24-Mar-2026 09:49:02 Africa/Lagos] School database connection successful
[24-Mar-2026 09:49:02 Africa/Lagos] =================== MESSENGER PAGE END ===================
[24-Mar-2026 09:49:02 Africa/Lagos] ROUTER END: Successfully served /home/academixsuite/public_html/tenant/{school-slug}/admin/message.php
[30-Mar-2026 11:38:13 Africa/Lagos] === MESSENGER PAGE START ===
[30-Mar-2026 11:38:13 Africa/Lagos] Request URI: /tenant/bitflux-wallet-1771434696/admin/message.php
[30-Mar-2026 11:38:13 Africa/Lagos] Script: /home/academixsuite/public_html/tenant/{school-slug}/admin/message.php
[30-Mar-2026 11:38:13 Africa/Lagos] School Slug from Router: bitflux-wallet-1771434696
[30-Mar-2026 11:38:13 Africa/Lagos] User Type: admin
[30-Mar-2026 11:38:13 Africa/Lagos] User authenticated for school: bitflux-wallet-1771434696
[30-Mar-2026 11:38:13 Africa/Lagos] User ID: 1, User Type: admin
[30-Mar-2026 11:38:13 Africa/Lagos] Loading autoload.php from: /home/academixsuite/public_html/tenant/{school-slug}/admin/../../../includes/autoload.php
[30-Mar-2026 11:38:13 Africa/Lagos] Autoload loaded successfully
[30-Mar-2026 11:38:13 Africa/Lagos] Connecting to school database: school_6
[30-Mar-2026 11:38:13 Africa/Lagos] School database connection successful
[30-Mar-2026 11:38:13 Africa/Lagos] =================== MESSENGER PAGE END ===================
[30-Mar-2026 11:38:13 Africa/Lagos] ROUTER END: Successfully served /home/academixsuite/public_html/tenant/{school-slug}/admin/message.php
[11-Apr-2026 18:07:22 Africa/Lagos] === MESSENGER PAGE START ===
[11-Apr-2026 18:07:22 Africa/Lagos] Request URI: /tenant/bitflux-wallet-1771434696/admin/message.php
[11-Apr-2026 18:07:22 Africa/Lagos] Script: /home/academixsuite/public_html/tenant/{school-slug}/admin/message.php
[11-Apr-2026 18:07:22 Africa/Lagos] School Slug from Router: bitflux-wallet-1771434696
[11-Apr-2026 18:07:22 Africa/Lagos] User Type: admin
[11-Apr-2026 18:07:22 Africa/Lagos] User authenticated for school: bitflux-wallet-1771434696
[11-Apr-2026 18:07:22 Africa/Lagos] User ID: 1, User Type: admin
[11-Apr-2026 18:07:22 Africa/Lagos] Loading autoload.php from: /home/academixsuite/public_html/tenant/{school-slug}/admin/../../../includes/autoload.php
[11-Apr-2026 18:07:22 Africa/Lagos] Autoload loaded successfully
[11-Apr-2026 18:07:22 Africa/Lagos] Connecting to school database: school_6
[11-Apr-2026 18:07:22 Africa/Lagos] School database connection successful
[11-Apr-2026 18:07:22 Africa/Lagos] =================== MESSENGER PAGE END ===================
[11-Apr-2026 18:07:22 Africa/Lagos] ROUTER END: Successfully served /home/academixsuite/public_html/tenant/{school-slug}/admin/message.php
