[09-Mar-2026 23:06:17 Africa/Lagos] === ROLE ACCESS PAGE START ===
[09-Mar-2026 23:06:17 Africa/Lagos] Request URI: /tenant/bitflux-wallet-1771434696/admin/role-access.php
[09-Mar-2026 23:06:17 Africa/Lagos] School database connection successful
[09-Mar-2026 23:06:17 Africa/Lagos] === ROLE ACCESS PAGE END ===
[09-Mar-2026 23:06:17 Africa/Lagos] ROUTER END: Successfully served /home/academixsuite/public_html/tenant/{school-slug}/admin/role-access.php
[09-Mar-2026 23:09:58 Africa/Lagos] === ROLE ACCESS PAGE START ===
[09-Mar-2026 23:09:58 Africa/Lagos] Request URI: /tenant/bitflux-wallet-1771434696/admin/role-access.php
[09-Mar-2026 23:09:58 Africa/Lagos] School database connection successful
[09-Mar-2026 23:09:58 Africa/Lagos] === ROLE ACCESS PAGE END ===
[09-Mar-2026 23:09:58 Africa/Lagos] ROUTER END: Successfully served /home/academixsuite/public_html/tenant/{school-slug}/admin/role-access.php
[09-Mar-2026 23:11:35 Africa/Lagos] === ROLE ACCESS PAGE START ===
[09-Mar-2026 23:11:35 Africa/Lagos] Request URI: /tenant/bitflux-wallet-1771434696/admin/role-access.php
[09-Mar-2026 23:11:35 Africa/Lagos] School database connection successful
[09-Mar-2026 23:11:35 Africa/Lagos] === ROLE ACCESS PAGE END ===
[09-Mar-2026 23:11:35 Africa/Lagos] ROUTER END: Successfully served /home/academixsuite/public_html/tenant/{school-slug}/admin/role-access.php
[09-Mar-2026 23:11:44 Africa/Lagos] === ROLE ACCESS PAGE START ===
[09-Mar-2026 23:11:44 Africa/Lagos] Request URI: /tenant/bitflux-wallet-1771434696/admin/role-access.php
[09-Mar-2026 23:11:44 Africa/Lagos] School database connection successful
[09-Mar-2026 23:11:44 Africa/Lagos] === ROLE ACCESS PAGE END ===
[09-Mar-2026 23:11:44 Africa/Lagos] ROUTER END: Successfully served /home/academixsuite/public_html/tenant/{school-slug}/admin/role-access.php
[09-Mar-2026 23:16:21 Africa/Lagos] === ROLE ACCESS PAGE START ===
[09-Mar-2026 23:16:21 Africa/Lagos] Request URI: /tenant/bitflux-wallet-1771434696/admin/role-access.php
[09-Mar-2026 23:16:21 Africa/Lagos] School database connection successful
[09-Mar-2026 23:16:21 Africa/Lagos] === ROLE ACCESS PAGE END ===
[09-Mar-2026 23:16:21 Africa/Lagos] ROUTER END: Successfully served /home/academixsuite/public_html/tenant/{school-slug}/admin/role-access.php
[10-Mar-2026 06:21:53 Africa/Lagos] === ROLE ACCESS PAGE START ===
[10-Mar-2026 06:21:53 Africa/Lagos] Request URI: /tenant/bitflux-wallet-1771434696/admin/role-access.php
[10-Mar-2026 06:21:53 Africa/Lagos] School database connection successful
[10-Mar-2026 06:21:53 Africa/Lagos] === ROLE ACCESS PAGE END ===
[10-Mar-2026 06:21:53 Africa/Lagos] ROUTER END: Successfully served /home/academixsuite/public_html/tenant/{school-slug}/admin/role-access.php
[10-Mar-2026 08:37:41 Africa/Lagos] === ROLE ACCESS PAGE START ===
[10-Mar-2026 08:37:41 Africa/Lagos] Request URI: /tenant/bitflux-wallet-1771434696/admin/role-access.php
[10-Mar-2026 08:37:41 Africa/Lagos] School database connection successful
[10-Mar-2026 08:37:41 Africa/Lagos] === ROLE ACCESS PAGE END ===
[10-Mar-2026 08:37:41 Africa/Lagos] ROUTER END: Successfully served /home/academixsuite/public_html/tenant/{school-slug}/admin/role-access.php
[12-Mar-2026 09:42:36 Africa/Lagos] === ROLE ACCESS PAGE START ===
[12-Mar-2026 09:42:36 Africa/Lagos] Request URI: /tenant/bitflux-wallet-1771434696/admin/role-access.php
[12-Mar-2026 09:42:36 Africa/Lagos] School database connection successful
[12-Mar-2026 09:42:36 Africa/Lagos] === ROLE ACCESS PAGE END ===
[12-Mar-2026 09:42:36 Africa/Lagos] ROUTER END: Successfully served /home/academixsuite/public_html/tenant/{school-slug}/admin/role-access.php
[13-Mar-2026 11:21:42 Africa/Lagos] === ROLE ACCESS PAGE START ===
[13-Mar-2026 11:21:42 Africa/Lagos] Request URI: /tenant/bitflux-wallet-1771434696/admin/role-access.php
[13-Mar-2026 11:21:42 Africa/Lagos] School database connection successful
[13-Mar-2026 11:21:42 Africa/Lagos] === ROLE ACCESS PAGE END ===
[13-Mar-2026 11:21:42 Africa/Lagos] ROUTER END: Successfully served /home/academixsuite/public_html/tenant/{school-slug}/admin/role-access.php
[14-Mar-2026 17:39:54 Africa/Lagos] === ROLE ACCESS PAGE START ===
[14-Mar-2026 17:39:54 Africa/Lagos] Request URI: /tenant/bitflux-wallet-1771434696/admin/role-access.php
[14-Mar-2026 17:39:54 Africa/Lagos] School database connection successful
[14-Mar-2026 17:39:54 Africa/Lagos] === ROLE ACCESS PAGE END ===
[14-Mar-2026 17:39:54 Africa/Lagos] ROUTER END: Successfully served /home/academixsuite/public_html/tenant/{school-slug}/admin/role-access.php
[24-Mar-2026 09:39:36 Africa/Lagos] === ROLE ACCESS PAGE START ===
[24-Mar-2026 09:39:36 Africa/Lagos] Request URI: /tenant/bitflux-wallet-1771434696/admin/role-access.php
[24-Mar-2026 09:39:36 Africa/Lagos] School database connection successful
[24-Mar-2026 09:39:36 Africa/Lagos] === ROLE ACCESS PAGE END ===
[24-Mar-2026 09:39:36 Africa/Lagos] ROUTER END: Successfully served /home/academixsuite/public_html/tenant/{school-slug}/admin/role-access.php
[05-Apr-2026 04:04:31 Africa/Lagos] === ROLE ACCESS PAGE START ===
[05-Apr-2026 04:04:31 Africa/Lagos] Request URI: /tenant/bitflux-wallet-1771434696/admin/role-access.php
[05-Apr-2026 04:04:31 Africa/Lagos] School database connection successful
[05-Apr-2026 04:04:31 Africa/Lagos] === ROLE ACCESS PAGE END ===
[05-Apr-2026 04:04:31 Africa/Lagos] ROUTER END: Successfully served /home/academixsuite/public_html/tenant/{school-slug}/admin/role-access.php
[05-Apr-2026 04:57:04 Africa/Lagos] === ROLE ACCESS PAGE START ===
[05-Apr-2026 04:57:04 Africa/Lagos] Request URI: /tenant/bitflux-wallet-1771434696/admin/role-access.php
[05-Apr-2026 04:57:04 Africa/Lagos] School database connection successful
[05-Apr-2026 04:57:04 Africa/Lagos] === ROLE ACCESS PAGE END ===
[05-Apr-2026 04:57:04 Africa/Lagos] ROUTER END: Successfully served /home/academixsuite/public_html/tenant/{school-slug}/admin/role-access.php
[11-Apr-2026 18:07:39 Africa/Lagos] === ROLE ACCESS PAGE START ===
[11-Apr-2026 18:07:39 Africa/Lagos] Request URI: /tenant/bitflux-wallet-1771434696/admin/role-access.php
[11-Apr-2026 18:07:39 Africa/Lagos] School database connection successful
[11-Apr-2026 18:07:39 Africa/Lagos] === ROLE ACCESS PAGE END ===
[11-Apr-2026 18:07:39 Africa/Lagos] ROUTER END: Successfully served /home/academixsuite/public_html/tenant/{school-slug}/admin/role-access.php
