[09-Mar-2026 23:29:15 Africa/Lagos] === STUDENT DETAILS PAGE START ===
[09-Mar-2026 23:29:15 Africa/Lagos] Request URI: /tenant/bitflux-wallet-1771434696/admin/student-details.php?id=2
[09-Mar-2026 23:29:15 Africa/Lagos] Script: /home/academixsuite/public_html/tenant/{school-slug}/admin/student-details.php
[09-Mar-2026 23:29:15 Africa/Lagos] School database connection successful
[09-Mar-2026 23:29:15 Africa/Lagos] === STUDENT DETAILS PAGE END ===
[09-Mar-2026 23:29:15 Africa/Lagos] ROUTER END: Successfully served /home/academixsuite/public_html/tenant/{school-slug}/admin/student-details.php
[09-Mar-2026 23:29:33 Africa/Lagos] === STUDENT DETAILS PAGE START ===
[09-Mar-2026 23:29:33 Africa/Lagos] Request URI: /tenant/bitflux-wallet-1771434696/admin/student-details.php?id=2
[09-Mar-2026 23:29:33 Africa/Lagos] Script: /home/academixsuite/public_html/tenant/{school-slug}/admin/student-details.php
[09-Mar-2026 23:29:33 Africa/Lagos] School database connection successful
[09-Mar-2026 23:29:33 Africa/Lagos] === STUDENT DETAILS PAGE START ===
[09-Mar-2026 23:29:33 Africa/Lagos] Request URI: /tenant/bitflux-wallet-1771434696/admin/student-details.php?id=2
[09-Mar-2026 23:29:33 Africa/Lagos] Script: /home/academixsuite/public_html/tenant/{school-slug}/admin/student-details.php
[09-Mar-2026 23:29:33 Africa/Lagos] School database connection successful
[09-Mar-2026 23:29:33 Africa/Lagos] === STUDENT DETAILS PAGE END ===
[09-Mar-2026 23:29:33 Africa/Lagos] ROUTER END: Successfully served /home/academixsuite/public_html/tenant/{school-slug}/admin/student-details.php
[09-Mar-2026 23:29:39 Africa/Lagos] === STUDENT DETAILS PAGE START ===
[09-Mar-2026 23:29:39 Africa/Lagos] Request URI: /tenant/bitflux-wallet-1771434696/admin/student-details.php?id=2
[09-Mar-2026 23:29:39 Africa/Lagos] Script: /home/academixsuite/public_html/tenant/{school-slug}/admin/student-details.php
[09-Mar-2026 23:29:39 Africa/Lagos] School database connection successful
[09-Mar-2026 23:29:39 Africa/Lagos] === STUDENT DETAILS PAGE START ===
[09-Mar-2026 23:29:39 Africa/Lagos] Request URI: /tenant/bitflux-wallet-1771434696/admin/student-details.php?id=2
[09-Mar-2026 23:29:39 Africa/Lagos] Script: /home/academixsuite/public_html/tenant/{school-slug}/admin/student-details.php
[09-Mar-2026 23:29:39 Africa/Lagos] School database connection successful
[09-Mar-2026 23:29:39 Africa/Lagos] === STUDENT DETAILS PAGE END ===
[09-Mar-2026 23:29:39 Africa/Lagos] ROUTER END: Successfully served /home/academixsuite/public_html/tenant/{school-slug}/admin/student-details.php
[09-Mar-2026 23:30:06 Africa/Lagos] === STUDENT DETAILS PAGE START ===
[09-Mar-2026 23:30:06 Africa/Lagos] Request URI: /tenant/bitflux-wallet-1771434696/admin/student-details.php?id=2
[09-Mar-2026 23:30:06 Africa/Lagos] Script: /home/academixsuite/public_html/tenant/{school-slug}/admin/student-details.php
[09-Mar-2026 23:30:06 Africa/Lagos] School database connection successful
[09-Mar-2026 23:39:03 Africa/Lagos] === STUDENT DETAILS PAGE START ===
[09-Mar-2026 23:39:03 Africa/Lagos] Request URI: /tenant/bitflux-wallet-1771434696/admin/student-details.php?id=2
[09-Mar-2026 23:39:03 Africa/Lagos] Script: /home/academixsuite/public_html/tenant/{school-slug}/admin/student-details.php
[09-Mar-2026 23:39:03 Africa/Lagos] School database connection successful
[09-Mar-2026 23:39:03 Africa/Lagos] === STUDENT DETAILS PAGE END ===
[09-Mar-2026 23:39:03 Africa/Lagos] ROUTER END: Successfully served /home/academixsuite/public_html/tenant/{school-slug}/admin/student-details.php
[09-Mar-2026 23:39:14 Africa/Lagos] === STUDENT DETAILS PAGE START ===
[09-Mar-2026 23:39:14 Africa/Lagos] Request URI: /tenant/bitflux-wallet-1771434696/admin/student-details.php?id=2
[09-Mar-2026 23:39:14 Africa/Lagos] Script: /home/academixsuite/public_html/tenant/{school-slug}/admin/student-details.php
[09-Mar-2026 23:39:14 Africa/Lagos] School database connection successful
[09-Mar-2026 23:39:14 Africa/Lagos] === STUDENT DETAILS PAGE START ===
[09-Mar-2026 23:39:14 Africa/Lagos] Request URI: /tenant/bitflux-wallet-1771434696/admin/student-details.php?id=2
[09-Mar-2026 23:39:14 Africa/Lagos] Script: /home/academixsuite/public_html/tenant/{school-slug}/admin/student-details.php
[09-Mar-2026 23:39:14 Africa/Lagos] School database connection successful
[09-Mar-2026 23:39:14 Africa/Lagos] === STUDENT DETAILS PAGE END ===
[09-Mar-2026 23:39:14 Africa/Lagos] ROUTER END: Successfully served /home/academixsuite/public_html/tenant/{school-slug}/admin/student-details.php
[09-Mar-2026 23:39:19 Africa/Lagos] === STUDENT DETAILS PAGE START ===
[09-Mar-2026 23:39:19 Africa/Lagos] Request URI: /tenant/bitflux-wallet-1771434696/admin/student-details.php?id=2
[09-Mar-2026 23:39:19 Africa/Lagos] Script: /home/academixsuite/public_html/tenant/{school-slug}/admin/student-details.php
[09-Mar-2026 23:39:19 Africa/Lagos] School database connection successful
[09-Mar-2026 23:39:20 Africa/Lagos] === STUDENT DETAILS PAGE START ===
[09-Mar-2026 23:39:20 Africa/Lagos] Request URI: /tenant/bitflux-wallet-1771434696/admin/student-details.php?id=2
[09-Mar-2026 23:39:20 Africa/Lagos] Script: /home/academixsuite/public_html/tenant/{school-slug}/admin/student-details.php
[09-Mar-2026 23:39:20 Africa/Lagos] School database connection successful
[09-Mar-2026 23:39:20 Africa/Lagos] === STUDENT DETAILS PAGE END ===
[09-Mar-2026 23:39:20 Africa/Lagos] ROUTER END: Successfully served /home/academixsuite/public_html/tenant/{school-slug}/admin/student-details.php
[09-Mar-2026 23:39:31 Africa/Lagos] === STUDENT DETAILS PAGE START ===
[09-Mar-2026 23:39:31 Africa/Lagos] Request URI: /tenant/bitflux-wallet-1771434696/admin/student-details.php?id=2
[09-Mar-2026 23:39:31 Africa/Lagos] Script: /home/academixsuite/public_html/tenant/{school-slug}/admin/student-details.php
[09-Mar-2026 23:39:31 Africa/Lagos] School database connection successful
[09-Mar-2026 23:39:39 Africa/Lagos] === STUDENT DETAILS PAGE START ===
[09-Mar-2026 23:39:39 Africa/Lagos] Request URI: /tenant/bitflux-wallet-1771434696/admin/student-details.php?id=2
[09-Mar-2026 23:39:39 Africa/Lagos] Script: /home/academixsuite/public_html/tenant/{school-slug}/admin/student-details.php
[09-Mar-2026 23:39:39 Africa/Lagos] School database connection successful
[09-Mar-2026 23:39:42 Africa/Lagos] === STUDENT DETAILS PAGE START ===
[09-Mar-2026 23:39:42 Africa/Lagos] Request URI: /tenant/bitflux-wallet-1771434696/admin/student-details.php?id=2
[09-Mar-2026 23:39:42 Africa/Lagos] Script: /home/academixsuite/public_html/tenant/{school-slug}/admin/student-details.php
[09-Mar-2026 23:39:42 Africa/Lagos] School database connection successful
[09-Mar-2026 23:39:42 Africa/Lagos] === STUDENT DETAILS PAGE END ===
[09-Mar-2026 23:39:42 Africa/Lagos] ROUTER END: Successfully served /home/academixsuite/public_html/tenant/{school-slug}/admin/student-details.php
[09-Mar-2026 23:39:46 Africa/Lagos] === STUDENT DETAILS PAGE START ===
[09-Mar-2026 23:39:46 Africa/Lagos] Request URI: /tenant/bitflux-wallet-1771434696/admin/student-details.php?id=2
[09-Mar-2026 23:39:46 Africa/Lagos] Script: /home/academixsuite/public_html/tenant/{school-slug}/admin/student-details.php
[09-Mar-2026 23:39:46 Africa/Lagos] School database connection successful
[09-Mar-2026 23:39:46 Africa/Lagos] === STUDENT DETAILS PAGE END ===
[09-Mar-2026 23:39:46 Africa/Lagos] ROUTER END: Successfully served /home/academixsuite/public_html/tenant/{school-slug}/admin/student-details.php
[09-Mar-2026 23:40:04 Africa/Lagos] === STUDENT DETAILS PAGE START ===
[09-Mar-2026 23:40:04 Africa/Lagos] Request URI: /tenant/bitflux-wallet-1771434696/admin/student-details.php?id=2
[09-Mar-2026 23:40:04 Africa/Lagos] Script: /home/academixsuite/public_html/tenant/{school-slug}/admin/student-details.php
[09-Mar-2026 23:40:04 Africa/Lagos] School database connection successful
[09-Mar-2026 23:57:42 Africa/Lagos] === STUDENT DETAILS PAGE START ===
[09-Mar-2026 23:57:42 Africa/Lagos] Request URI: /tenant/bitflux-wallet-1771434696/admin/student-details.php?id=2
[09-Mar-2026 23:57:42 Africa/Lagos] Script: /home/academixsuite/public_html/tenant/{school-slug}/admin/student-details.php
[09-Mar-2026 23:57:42 Africa/Lagos] School database connection successful
[09-Mar-2026 23:57:45 Africa/Lagos] === STUDENT DETAILS PAGE START ===
[09-Mar-2026 23:57:45 Africa/Lagos] Request URI: /tenant/bitflux-wallet-1771434696/admin/student-details.php?id=2
[09-Mar-2026 23:57:45 Africa/Lagos] Script: /home/academixsuite/public_html/tenant/{school-slug}/admin/student-details.php
[09-Mar-2026 23:57:45 Africa/Lagos] School database connection successful
[09-Mar-2026 23:57:45 Africa/Lagos] === STUDENT DETAILS PAGE END ===
[09-Mar-2026 23:57:45 Africa/Lagos] ROUTER END: Successfully served /home/academixsuite/public_html/tenant/{school-slug}/admin/student-details.php
[09-Mar-2026 23:58:02 Africa/Lagos] === STUDENT DETAILS PAGE START ===
[09-Mar-2026 23:58:02 Africa/Lagos] Request URI: /tenant/bitflux-wallet-1771434696/admin/student-details.php?id=2
[09-Mar-2026 23:58:02 Africa/Lagos] Script: /home/academixsuite/public_html/tenant/{school-slug}/admin/student-details.php
[09-Mar-2026 23:58:02 Africa/Lagos] School database connection successful
[09-Mar-2026 23:58:02 Africa/Lagos] === STUDENT DETAILS PAGE START ===
[09-Mar-2026 23:58:02 Africa/Lagos] Request URI: /tenant/bitflux-wallet-1771434696/admin/student-details.php?id=2
[09-Mar-2026 23:58:02 Africa/Lagos] Script: /home/academixsuite/public_html/tenant/{school-slug}/admin/student-details.php
[09-Mar-2026 23:58:02 Africa/Lagos] School database connection successful
[09-Mar-2026 23:58:02 Africa/Lagos] === STUDENT DETAILS PAGE END ===
[09-Mar-2026 23:58:02 Africa/Lagos] ROUTER END: Successfully served /home/academixsuite/public_html/tenant/{school-slug}/admin/student-details.php
[10-Mar-2026 01:16:13 Africa/Lagos] === STUDENT DETAILS PAGE START ===
[10-Mar-2026 01:16:13 Africa/Lagos] Request URI: /tenant/bitflux-wallet-1771434696/admin/student-details.php?id=5
[10-Mar-2026 01:16:13 Africa/Lagos] Script: /home/academixsuite/public_html/tenant/{school-slug}/admin/student-details.php
[10-Mar-2026 01:16:13 Africa/Lagos] School database connection successful
[10-Mar-2026 01:16:13 Africa/Lagos] === STUDENT DETAILS PAGE END ===
[10-Mar-2026 01:16:13 Africa/Lagos] ROUTER END: Successfully served /home/academixsuite/public_html/tenant/{school-slug}/admin/student-details.php
[10-Mar-2026 01:16:22 Africa/Lagos] === STUDENT DETAILS PAGE START ===
[10-Mar-2026 01:16:22 Africa/Lagos] Request URI: /tenant/bitflux-wallet-1771434696/admin/student-details.php?id=5
[10-Mar-2026 01:16:22 Africa/Lagos] Script: /home/academixsuite/public_html/tenant/{school-slug}/admin/student-details.php
[10-Mar-2026 01:16:22 Africa/Lagos] School database connection successful
[10-Mar-2026 01:16:22 Africa/Lagos] === STUDENT DETAILS PAGE END ===
[10-Mar-2026 01:16:22 Africa/Lagos] ROUTER END: Successfully served /home/academixsuite/public_html/tenant/{school-slug}/admin/student-details.php
[10-Mar-2026 01:17:05 Africa/Lagos] === STUDENT DETAILS PAGE START ===
[10-Mar-2026 01:17:05 Africa/Lagos] Request URI: /tenant/bitflux-wallet-1771434696/admin/student-details.php?id=5
[10-Mar-2026 01:17:05 Africa/Lagos] Script: /home/academixsuite/public_html/tenant/{school-slug}/admin/student-details.php
[10-Mar-2026 01:17:05 Africa/Lagos] School database connection successful
[10-Mar-2026 01:17:05 Africa/Lagos] === STUDENT DETAILS PAGE END ===
[10-Mar-2026 01:17:05 Africa/Lagos] ROUTER END: Successfully served /home/academixsuite/public_html/tenant/{school-slug}/admin/student-details.php
[10-Mar-2026 01:17:16 Africa/Lagos] === STUDENT DETAILS PAGE START ===
[10-Mar-2026 01:17:16 Africa/Lagos] Request URI: /tenant/bitflux-wallet-1771434696/admin/student-details.php?id=5
[10-Mar-2026 01:17:16 Africa/Lagos] Script: /home/academixsuite/public_html/tenant/{school-slug}/admin/student-details.php
[10-Mar-2026 01:17:16 Africa/Lagos] School database connection successful
[10-Mar-2026 01:17:16 Africa/Lagos] === STUDENT DETAILS PAGE END ===
[10-Mar-2026 01:17:16 Africa/Lagos] ROUTER END: Successfully served /home/academixsuite/public_html/tenant/{school-slug}/admin/student-details.php
[10-Mar-2026 08:38:21 Africa/Lagos] === STUDENT DETAILS PAGE START ===
[10-Mar-2026 08:38:21 Africa/Lagos] Request URI: /tenant/bitflux-wallet-1771434696/admin/student-details.php?id=5
[10-Mar-2026 08:38:21 Africa/Lagos] Script: /home/academixsuite/public_html/tenant/{school-slug}/admin/student-details.php
[10-Mar-2026 08:38:21 Africa/Lagos] School database connection successful
[10-Mar-2026 08:38:21 Africa/Lagos] === STUDENT DETAILS PAGE END ===
[10-Mar-2026 08:38:21 Africa/Lagos] ROUTER END: Successfully served /home/academixsuite/public_html/tenant/{school-slug}/admin/student-details.php
[10-Mar-2026 08:39:06 Africa/Lagos] === STUDENT DETAILS PAGE START ===
[10-Mar-2026 08:39:06 Africa/Lagos] Request URI: /tenant/bitflux-wallet-1771434696/admin/student-details.php?id=5
[10-Mar-2026 08:39:06 Africa/Lagos] Script: /home/academixsuite/public_html/tenant/{school-slug}/admin/student-details.php
[10-Mar-2026 08:39:06 Africa/Lagos] School database connection successful
[10-Mar-2026 08:39:06 Africa/Lagos] === STUDENT DETAILS PAGE END ===
[10-Mar-2026 08:39:06 Africa/Lagos] ROUTER END: Successfully served /home/academixsuite/public_html/tenant/{school-slug}/admin/student-details.php
[10-Mar-2026 12:54:42 Africa/Lagos] === STUDENT DETAILS PAGE START ===
[10-Mar-2026 12:54:42 Africa/Lagos] Request URI: /tenant/bitflux-wallet-1771434696/admin/student-details.php?id=5
[10-Mar-2026 12:54:42 Africa/Lagos] Script: /home/academixsuite/public_html/tenant/{school-slug}/admin/student-details.php
[10-Mar-2026 12:54:42 Africa/Lagos] School database connection successful
[10-Mar-2026 12:54:42 Africa/Lagos] === STUDENT DETAILS PAGE END ===
[10-Mar-2026 12:54:42 Africa/Lagos] ROUTER END: Successfully served /home/academixsuite/public_html/tenant/{school-slug}/admin/student-details.php
[10-Mar-2026 14:47:06 Africa/Lagos] === STUDENT DETAILS PAGE START ===
[10-Mar-2026 14:47:06 Africa/Lagos] Request URI: /tenant/bitflux-wallet-1771434696/admin/student-details.php?id=5
[10-Mar-2026 14:47:06 Africa/Lagos] Script: /home/academixsuite/public_html/tenant/{school-slug}/admin/student-details.php
[10-Mar-2026 14:47:06 Africa/Lagos] School database connection successful
[10-Mar-2026 14:47:06 Africa/Lagos] === STUDENT DETAILS PAGE END ===
[10-Mar-2026 14:47:06 Africa/Lagos] ROUTER END: Successfully served /home/academixsuite/public_html/tenant/{school-slug}/admin/student-details.php
[10-Mar-2026 14:54:22 Africa/Lagos] === STUDENT DETAILS PAGE START ===
[10-Mar-2026 14:54:22 Africa/Lagos] Request URI: /tenant/bitflux-wallet-1771434696/admin/student-details.php?id=5
[10-Mar-2026 14:54:22 Africa/Lagos] Script: /home/academixsuite/public_html/tenant/{school-slug}/admin/student-details.php
[10-Mar-2026 14:54:22 Africa/Lagos] School database connection successful
[10-Mar-2026 14:54:22 Africa/Lagos] === STUDENT DETAILS PAGE END ===
[10-Mar-2026 14:54:22 Africa/Lagos] ROUTER END: Successfully served /home/academixsuite/public_html/tenant/{school-slug}/admin/student-details.php
[10-Mar-2026 14:54:31 Africa/Lagos] === STUDENT DETAILS PAGE START ===
[10-Mar-2026 14:54:31 Africa/Lagos] Request URI: /tenant/bitflux-wallet-1771434696/admin/student-details.php?id=5
[10-Mar-2026 14:54:31 Africa/Lagos] Script: /home/academixsuite/public_html/tenant/{school-slug}/admin/student-details.php
[10-Mar-2026 14:54:31 Africa/Lagos] School database connection successful
[10-Mar-2026 14:54:31 Africa/Lagos] === STUDENT DETAILS PAGE END ===
[10-Mar-2026 14:54:31 Africa/Lagos] ROUTER END: Successfully served /home/academixsuite/public_html/tenant/{school-slug}/admin/student-details.php
[11-Mar-2026 08:21:59 Africa/Lagos] === STUDENT DETAILS PAGE START ===
[11-Mar-2026 08:21:59 Africa/Lagos] Request URI: /tenant/bitflux-wallet-1771434696/admin/student-details.php?id=14
[11-Mar-2026 08:21:59 Africa/Lagos] Script: /home/academixsuite/public_html/tenant/{school-slug}/admin/student-details.php
[11-Mar-2026 08:21:59 Africa/Lagos] School database connection successful
[11-Mar-2026 08:21:59 Africa/Lagos] === STUDENT DETAILS PAGE END ===
[11-Mar-2026 08:21:59 Africa/Lagos] ROUTER END: Successfully served /home/academixsuite/public_html/tenant/{school-slug}/admin/student-details.php
[11-Mar-2026 12:02:37 Africa/Lagos] === STUDENT DETAILS PAGE START ===
[11-Mar-2026 12:02:37 Africa/Lagos] Request URI: /tenant/bitflux-wallet-1771434696/admin/student-details.php?id=14
[11-Mar-2026 12:02:37 Africa/Lagos] Script: /home/academixsuite/public_html/tenant/{school-slug}/admin/student-details.php
[11-Mar-2026 12:02:37 Africa/Lagos] School database connection successful
[11-Mar-2026 12:02:37 Africa/Lagos] === STUDENT DETAILS PAGE END ===
[11-Mar-2026 12:02:37 Africa/Lagos] ROUTER END: Successfully served /home/academixsuite/public_html/tenant/{school-slug}/admin/student-details.php
[11-Mar-2026 12:03:16 Africa/Lagos] === STUDENT DETAILS PAGE START ===
[11-Mar-2026 12:03:16 Africa/Lagos] Request URI: /tenant/bitflux-wallet-1771434696/admin/student-details.php?id=14
[11-Mar-2026 12:03:16 Africa/Lagos] Script: /home/academixsuite/public_html/tenant/{school-slug}/admin/student-details.php
[11-Mar-2026 12:03:16 Africa/Lagos] School database connection successful
[11-Mar-2026 12:03:16 Africa/Lagos] === STUDENT DETAILS PAGE END ===
[11-Mar-2026 12:03:16 Africa/Lagos] ROUTER END: Successfully served /home/academixsuite/public_html/tenant/{school-slug}/admin/student-details.php
[11-Mar-2026 15:32:49 Africa/Lagos] === STUDENT DETAILS PAGE START ===
[11-Mar-2026 15:32:49 Africa/Lagos] Request URI: /tenant/bitflux-wallet-1771434696/admin/student-details.php?id=14
[11-Mar-2026 15:32:49 Africa/Lagos] Script: /home/academixsuite/public_html/tenant/{school-slug}/admin/student-details.php
[11-Mar-2026 15:32:49 Africa/Lagos] School database connection successful
[11-Mar-2026 15:32:49 Africa/Lagos] === STUDENT DETAILS PAGE END ===
[11-Mar-2026 15:32:49 Africa/Lagos] ROUTER END: Successfully served /home/academixsuite/public_html/tenant/{school-slug}/admin/student-details.php
[12-Mar-2026 11:44:53 Africa/Lagos] === STUDENT DETAILS PAGE START ===
[12-Mar-2026 11:44:53 Africa/Lagos] Request URI: /tenant/bitflux-wallet-1771434696/admin/student-details.php?id=24
[12-Mar-2026 11:44:53 Africa/Lagos] Script: /home/academixsuite/public_html/tenant/{school-slug}/admin/student-details.php
[12-Mar-2026 11:44:53 Africa/Lagos] School database connection successful
[12-Mar-2026 11:44:53 Africa/Lagos] === STUDENT DETAILS PAGE END ===
[12-Mar-2026 11:44:53 Africa/Lagos] ROUTER END: Successfully served /home/academixsuite/public_html/tenant/{school-slug}/admin/student-details.php
[12-Mar-2026 12:48:53 Africa/Lagos] === STUDENT DETAILS PAGE START ===
[12-Mar-2026 12:48:53 Africa/Lagos] Request URI: /tenant/bitflux-wallet-1771434696/admin/student-details.php?id=32
[12-Mar-2026 12:48:53 Africa/Lagos] Script: /home/academixsuite/public_html/tenant/{school-slug}/admin/student-details.php
[12-Mar-2026 12:48:53 Africa/Lagos] School database connection successful
[12-Mar-2026 12:48:53 Africa/Lagos] === STUDENT DETAILS PAGE END ===
[12-Mar-2026 12:48:53 Africa/Lagos] ROUTER END: Successfully served /home/academixsuite/public_html/tenant/{school-slug}/admin/student-details.php
[12-Mar-2026 13:27:14 Africa/Lagos] === STUDENT DETAILS PAGE START ===
[12-Mar-2026 13:27:14 Africa/Lagos] Request URI: /tenant/bitflux-wallet-1771434696/admin/student-details.php?id=32
[12-Mar-2026 13:27:14 Africa/Lagos] Script: /home/academixsuite/public_html/tenant/{school-slug}/admin/student-details.php
[12-Mar-2026 13:27:14 Africa/Lagos] School database connection successful
[12-Mar-2026 13:27:14 Africa/Lagos] === STUDENT DETAILS PAGE END ===
[12-Mar-2026 13:27:14 Africa/Lagos] ROUTER END: Successfully served /home/academixsuite/public_html/tenant/{school-slug}/admin/student-details.php
[12-Mar-2026 13:27:20 Africa/Lagos] === STUDENT DETAILS PAGE START ===
[12-Mar-2026 13:27:20 Africa/Lagos] Request URI: /tenant/bitflux-wallet-1771434696/admin/student-details.php?id=32
[12-Mar-2026 13:27:20 Africa/Lagos] Script: /home/academixsuite/public_html/tenant/{school-slug}/admin/student-details.php
[12-Mar-2026 13:27:20 Africa/Lagos] School database connection successful
[12-Mar-2026 13:27:20 Africa/Lagos] === STUDENT DETAILS PAGE START ===
[12-Mar-2026 13:27:20 Africa/Lagos] Request URI: /tenant/bitflux-wallet-1771434696/admin/student-details.php?id=32
[12-Mar-2026 13:27:20 Africa/Lagos] Script: /home/academixsuite/public_html/tenant/{school-slug}/admin/student-details.php
[12-Mar-2026 13:27:20 Africa/Lagos] School database connection successful
[12-Mar-2026 13:27:20 Africa/Lagos] === STUDENT DETAILS PAGE END ===
[12-Mar-2026 13:27:20 Africa/Lagos] ROUTER END: Successfully served /home/academixsuite/public_html/tenant/{school-slug}/admin/student-details.php
[12-Mar-2026 13:27:30 Africa/Lagos] === STUDENT DETAILS PAGE START ===
[12-Mar-2026 13:27:30 Africa/Lagos] Request URI: /tenant/bitflux-wallet-1771434696/admin/student-details.php?id=32
[12-Mar-2026 13:27:30 Africa/Lagos] Script: /home/academixsuite/public_html/tenant/{school-slug}/admin/student-details.php
[12-Mar-2026 13:27:30 Africa/Lagos] School database connection successful
[12-Mar-2026 13:27:30 Africa/Lagos] === STUDENT DETAILS PAGE START ===
[12-Mar-2026 13:27:30 Africa/Lagos] Request URI: /tenant/bitflux-wallet-1771434696/admin/student-details.php?id=32
[12-Mar-2026 13:27:30 Africa/Lagos] Script: /home/academixsuite/public_html/tenant/{school-slug}/admin/student-details.php
[12-Mar-2026 13:27:30 Africa/Lagos] School database connection successful
[12-Mar-2026 13:27:30 Africa/Lagos] === STUDENT DETAILS PAGE END ===
[12-Mar-2026 13:27:30 Africa/Lagos] ROUTER END: Successfully served /home/academixsuite/public_html/tenant/{school-slug}/admin/student-details.php
[12-Mar-2026 14:19:31 Africa/Lagos] === STUDENT DETAILS PAGE START ===
[12-Mar-2026 14:19:31 Africa/Lagos] Request URI: /tenant/bitflux-wallet-1771434696/admin/student-details.php?id=1
[12-Mar-2026 14:19:31 Africa/Lagos] Script: /home/academixsuite/public_html/tenant/{school-slug}/admin/student-details.php
[12-Mar-2026 14:19:31 Africa/Lagos] School database connection successful
[12-Mar-2026 14:19:31 Africa/Lagos] === STUDENT DETAILS PAGE END ===
[12-Mar-2026 14:19:31 Africa/Lagos] ROUTER END: Successfully served /home/academixsuite/public_html/tenant/{school-slug}/admin/student-details.php
[12-Mar-2026 15:24:34 Africa/Lagos] === STUDENT DETAILS PAGE START ===
[12-Mar-2026 15:24:34 Africa/Lagos] Request URI: /tenant/bitflux-wallet-1771434696/admin/student-details.php?id=32
[12-Mar-2026 15:24:34 Africa/Lagos] Script: /home/academixsuite/public_html/tenant/{school-slug}/admin/student-details.php
[12-Mar-2026 15:24:34 Africa/Lagos] School database connection successful
[12-Mar-2026 15:24:34 Africa/Lagos] === STUDENT DETAILS PAGE END ===
[12-Mar-2026 15:24:34 Africa/Lagos] ROUTER END: Successfully served /home/academixsuite/public_html/tenant/{school-slug}/admin/student-details.php
[12-Mar-2026 15:26:07 Africa/Lagos] === STUDENT DETAILS PAGE START ===
[12-Mar-2026 15:26:07 Africa/Lagos] Request URI: /tenant/bitflux-wallet-1771434696/admin/student-details.php?id=2
[12-Mar-2026 15:26:07 Africa/Lagos] Script: /home/academixsuite/public_html/tenant/{school-slug}/admin/student-details.php
[12-Mar-2026 15:26:07 Africa/Lagos] School database connection successful
[12-Mar-2026 15:26:07 Africa/Lagos] === STUDENT DETAILS PAGE END ===
[12-Mar-2026 15:26:07 Africa/Lagos] ROUTER END: Successfully served /home/academixsuite/public_html/tenant/{school-slug}/admin/student-details.php
[14-Mar-2026 17:33:06 Africa/Lagos] === STUDENT DETAILS PAGE START ===
[14-Mar-2026 17:33:06 Africa/Lagos] Request URI: /tenant/bitflux-wallet-1771434696/admin/student-details.php?id=33
[14-Mar-2026 17:33:06 Africa/Lagos] Script: /home/academixsuite/public_html/tenant/{school-slug}/admin/student-details.php
[14-Mar-2026 17:33:06 Africa/Lagos] School database connection successful
[14-Mar-2026 17:33:06 Africa/Lagos] === STUDENT DETAILS PAGE END ===
[14-Mar-2026 17:33:06 Africa/Lagos] ROUTER END: Successfully served /home/academixsuite/public_html/tenant/{school-slug}/admin/student-details.php
[24-Mar-2026 09:14:42 Africa/Lagos] === STUDENT DETAILS PAGE START ===
[24-Mar-2026 09:14:42 Africa/Lagos] Request URI: /tenant/bitflux-wallet-1771434696/admin/student-details.php?id=33
[24-Mar-2026 09:14:42 Africa/Lagos] Script: /home/academixsuite/public_html/tenant/{school-slug}/admin/student-details.php
[24-Mar-2026 09:14:42 Africa/Lagos] School database connection successful
[24-Mar-2026 09:14:42 Africa/Lagos] === STUDENT DETAILS PAGE END ===
[24-Mar-2026 09:14:42 Africa/Lagos] ROUTER END: Successfully served /home/academixsuite/public_html/tenant/{school-slug}/admin/student-details.php
[24-Mar-2026 09:15:04 Africa/Lagos] === STUDENT DETAILS PAGE START ===
[24-Mar-2026 09:15:04 Africa/Lagos] Request URI: /tenant/bitflux-wallet-1771434696/admin/student-details.php?id=33
[24-Mar-2026 09:15:04 Africa/Lagos] Script: /home/academixsuite/public_html/tenant/{school-slug}/admin/student-details.php
[24-Mar-2026 09:15:04 Africa/Lagos] School database connection successful
[24-Mar-2026 09:15:04 Africa/Lagos] === STUDENT DETAILS PAGE START ===
[24-Mar-2026 09:15:04 Africa/Lagos] Request URI: /tenant/bitflux-wallet-1771434696/admin/student-details.php?id=33
[24-Mar-2026 09:15:04 Africa/Lagos] Script: /home/academixsuite/public_html/tenant/{school-slug}/admin/student-details.php
[24-Mar-2026 09:15:04 Africa/Lagos] School database connection successful
[24-Mar-2026 09:15:04 Africa/Lagos] === STUDENT DETAILS PAGE END ===
[24-Mar-2026 09:15:04 Africa/Lagos] ROUTER END: Successfully served /home/academixsuite/public_html/tenant/{school-slug}/admin/student-details.php
[24-Mar-2026 09:15:08 Africa/Lagos] === STUDENT DETAILS PAGE START ===
[24-Mar-2026 09:15:08 Africa/Lagos] Request URI: /tenant/bitflux-wallet-1771434696/admin/student-details.php?id=33
[24-Mar-2026 09:15:08 Africa/Lagos] Script: /home/academixsuite/public_html/tenant/{school-slug}/admin/student-details.php
[24-Mar-2026 09:15:08 Africa/Lagos] School database connection successful
[24-Mar-2026 09:15:08 Africa/Lagos] === STUDENT DETAILS PAGE START ===
[24-Mar-2026 09:15:08 Africa/Lagos] Request URI: /tenant/bitflux-wallet-1771434696/admin/student-details.php?id=33
[24-Mar-2026 09:15:08 Africa/Lagos] Script: /home/academixsuite/public_html/tenant/{school-slug}/admin/student-details.php
[24-Mar-2026 09:15:08 Africa/Lagos] School database connection successful
[24-Mar-2026 09:15:08 Africa/Lagos] === STUDENT DETAILS PAGE END ===
[24-Mar-2026 09:15:08 Africa/Lagos] ROUTER END: Successfully served /home/academixsuite/public_html/tenant/{school-slug}/admin/student-details.php
[29-Mar-2026 09:55:41 Africa/Lagos] === STUDENT DETAILS PAGE START ===
[29-Mar-2026 09:55:41 Africa/Lagos] Request URI: /tenant/bitflux-wallet-1771434696/admin/student-details.php?id=32
[29-Mar-2026 09:55:41 Africa/Lagos] Script: /home/academixsuite/public_html/tenant/{school-slug}/admin/student-details.php
[29-Mar-2026 09:55:41 Africa/Lagos] School database connection successful
[29-Mar-2026 09:55:41 Africa/Lagos] === STUDENT DETAILS PAGE END ===
[29-Mar-2026 09:55:41 Africa/Lagos] ROUTER END: Successfully served /home/academixsuite/public_html/tenant/{school-slug}/admin/student-details.php
[29-Mar-2026 09:55:49 Africa/Lagos] === STUDENT DETAILS PAGE START ===
[29-Mar-2026 09:55:49 Africa/Lagos] Request URI: /tenant/bitflux-wallet-1771434696/admin/student-details.php?id=32
[29-Mar-2026 09:55:49 Africa/Lagos] Script: /home/academixsuite/public_html/tenant/{school-slug}/admin/student-details.php
[29-Mar-2026 09:55:49 Africa/Lagos] School database connection successful
[29-Mar-2026 09:55:49 Africa/Lagos] === STUDENT DETAILS PAGE START ===
[29-Mar-2026 09:55:49 Africa/Lagos] Request URI: /tenant/bitflux-wallet-1771434696/admin/student-details.php?id=32
[29-Mar-2026 09:55:49 Africa/Lagos] Script: /home/academixsuite/public_html/tenant/{school-slug}/admin/student-details.php
[29-Mar-2026 09:55:49 Africa/Lagos] School database connection successful
[29-Mar-2026 09:55:49 Africa/Lagos] === STUDENT DETAILS PAGE END ===
[29-Mar-2026 09:55:49 Africa/Lagos] ROUTER END: Successfully served /home/academixsuite/public_html/tenant/{school-slug}/admin/student-details.php
[29-Mar-2026 09:55:54 Africa/Lagos] === STUDENT DETAILS PAGE START ===
[29-Mar-2026 09:55:54 Africa/Lagos] Request URI: /tenant/bitflux-wallet-1771434696/admin/student-details.php?id=32
[29-Mar-2026 09:55:54 Africa/Lagos] Script: /home/academixsuite/public_html/tenant/{school-slug}/admin/student-details.php
[29-Mar-2026 09:55:54 Africa/Lagos] School database connection successful
[29-Mar-2026 09:55:55 Africa/Lagos] === STUDENT DETAILS PAGE START ===
[29-Mar-2026 09:55:55 Africa/Lagos] Request URI: /tenant/bitflux-wallet-1771434696/admin/student-details.php?id=32
[29-Mar-2026 09:55:55 Africa/Lagos] Script: /home/academixsuite/public_html/tenant/{school-slug}/admin/student-details.php
[29-Mar-2026 09:55:55 Africa/Lagos] School database connection successful
[29-Mar-2026 09:55:55 Africa/Lagos] === STUDENT DETAILS PAGE END ===
[29-Mar-2026 09:55:55 Africa/Lagos] ROUTER END: Successfully served /home/academixsuite/public_html/tenant/{school-slug}/admin/student-details.php
[07-Apr-2026 04:42:51 Africa/Lagos] === STUDENT DETAILS PAGE START ===
[07-Apr-2026 04:42:51 Africa/Lagos] Request URI: /tenant/bitflux-wallet-1771434696/admin/student-details.php?id=33
[07-Apr-2026 04:42:51 Africa/Lagos] Script: /home/academixsuite/public_html/tenant/{school-slug}/admin/student-details.php
[07-Apr-2026 04:42:51 Africa/Lagos] School database connection successful
[07-Apr-2026 04:42:51 Africa/Lagos] === STUDENT DETAILS PAGE END ===
[07-Apr-2026 04:42:51 Africa/Lagos] ROUTER END: Successfully served /home/academixsuite/public_html/tenant/{school-slug}/admin/student-details.php
