[05-Mar-2026 18:34:13 Africa/Lagos] === IMPORT DATA PAGE START ===
[05-Mar-2026 18:34:13 Africa/Lagos] Request URI: /tenant/bitflux-wallet-1771434696/admin/import-data.php
[05-Mar-2026 18:34:13 Africa/Lagos] Script: /home/academixsuite/public_html/tenant/{school-slug}/admin/import-data.php
[05-Mar-2026 18:34:13 Africa/Lagos] School database connection successful
[05-Mar-2026 18:34:13 Africa/Lagos] === IMPORT DATA PAGE END ===
[05-Mar-2026 18:34:13 Africa/Lagos] ROUTER END: Successfully served /home/academixsuite/public_html/tenant/{school-slug}/admin/import-data.php
[05-Mar-2026 18:34:34 Africa/Lagos] === IMPORT DATA PAGE START ===
[05-Mar-2026 18:34:34 Africa/Lagos] Request URI: /tenant/bitflux-wallet-1771434696/admin/import-data.php
[05-Mar-2026 18:34:34 Africa/Lagos] Script: /home/academixsuite/public_html/tenant/{school-slug}/admin/import-data.php
[05-Mar-2026 18:34:34 Africa/Lagos] School database connection successful
[05-Mar-2026 18:34:34 Africa/Lagos] === IMPORT DATA PAGE END ===
[05-Mar-2026 18:34:34 Africa/Lagos] ROUTER END: Successfully served /home/academixsuite/public_html/tenant/{school-slug}/admin/import-data.php
[05-Mar-2026 18:34:54 Africa/Lagos] === IMPORT DATA PAGE START ===
[05-Mar-2026 18:34:54 Africa/Lagos] Request URI: /tenant/bitflux-wallet-1771434696/admin/import-data.php
[05-Mar-2026 18:34:54 Africa/Lagos] Script: /home/academixsuite/public_html/tenant/{school-slug}/admin/import-data.php
[05-Mar-2026 18:34:54 Africa/Lagos] School database connection successful
[05-Mar-2026 18:34:54 Africa/Lagos] === IMPORT DATA PAGE END ===
[05-Mar-2026 18:34:54 Africa/Lagos] ROUTER END: Successfully served /home/academixsuite/public_html/tenant/{school-slug}/admin/import-data.php
[05-Mar-2026 18:34:54 Africa/Lagos] === IMPORT DATA PAGE START ===
[05-Mar-2026 18:34:54 Africa/Lagos] Request URI: /tenant/bitflux-wallet-1771434696/admin/import-data.php
[05-Mar-2026 18:34:54 Africa/Lagos] Script: /home/academixsuite/public_html/tenant/{school-slug}/admin/import-data.php
[05-Mar-2026 18:34:54 Africa/Lagos] School database connection successful
[05-Mar-2026 18:34:54 Africa/Lagos] === IMPORT DATA PAGE END ===
[05-Mar-2026 18:34:54 Africa/Lagos] ROUTER END: Successfully served /home/academixsuite/public_html/tenant/{school-slug}/admin/import-data.php
