[11-Mar-2026 19:43:49 Africa/Lagos] === EDIT TEACHER PAGE START ===
[11-Mar-2026 19:43:49 Africa/Lagos] Request URI: /tenant/bitflux-wallet-1771434696/admin/edit-teacher.php?id=6
[11-Mar-2026 19:43:49 Africa/Lagos] Script: /home/academixsuite/public_html/tenant/{school-slug}/admin/edit-teacher.php
[11-Mar-2026 19:43:49 Africa/Lagos] School database connection successful
[11-Mar-2026 19:43:49 Africa/Lagos] TeacherManager initialized for school ID: 6
[11-Mar-2026 19:43:49 Africa/Lagos] TeacherManager initialized successfully
[11-Mar-2026 19:43:49 Africa/Lagos] PHP Warning:  Undefined array key "blood_group" in /home/academixsuite/public_html/tenant/{school-slug}/admin/edit-teacher.php on line 356
[11-Mar-2026 19:43:49 Africa/Lagos] PHP Warning:  Undefined array key "height" in /home/academixsuite/public_html/tenant/{school-slug}/admin/edit-teacher.php on line 357
[11-Mar-2026 19:43:49 Africa/Lagos] PHP Warning:  Undefined array key "weight" in /home/academixsuite/public_html/tenant/{school-slug}/admin/edit-teacher.php on line 358
[11-Mar-2026 19:43:49 Africa/Lagos] === EDIT TEACHER PAGE END ===
[11-Mar-2026 19:43:49 Africa/Lagos] ROUTER END: Successfully served /home/academixsuite/public_html/tenant/{school-slug}/admin/edit-teacher.php
[11-Mar-2026 19:45:52 Africa/Lagos] === EDIT TEACHER PAGE START ===
[11-Mar-2026 19:45:52 Africa/Lagos] Request URI: /tenant/bitflux-wallet-1771434696/admin/edit-teacher.php?id=6
[11-Mar-2026 19:45:52 Africa/Lagos] Script: /home/academixsuite/public_html/tenant/{school-slug}/admin/edit-teacher.php
[11-Mar-2026 19:45:52 Africa/Lagos] School database connection successful
[11-Mar-2026 19:45:52 Africa/Lagos] TeacherManager initialized for school ID: 6
[11-Mar-2026 19:45:52 Africa/Lagos] TeacherManager initialized successfully
[11-Mar-2026 19:45:52 Africa/Lagos] PHP Warning:  Undefined array key "blood_group" in /home/academixsuite/public_html/tenant/{school-slug}/admin/edit-teacher.php on line 356
[11-Mar-2026 19:45:52 Africa/Lagos] PHP Warning:  Undefined array key "height" in /home/academixsuite/public_html/tenant/{school-slug}/admin/edit-teacher.php on line 357
[11-Mar-2026 19:45:52 Africa/Lagos] PHP Warning:  Undefined array key "weight" in /home/academixsuite/public_html/tenant/{school-slug}/admin/edit-teacher.php on line 358
[11-Mar-2026 19:45:52 Africa/Lagos] === EDIT TEACHER PAGE END ===
[11-Mar-2026 19:45:52 Africa/Lagos] ROUTER END: Successfully served /home/academixsuite/public_html/tenant/{school-slug}/admin/edit-teacher.php
[12-Mar-2026 03:45:42 Africa/Lagos] === EDIT TEACHER PAGE START ===
[12-Mar-2026 03:45:42 Africa/Lagos] Request URI: /tenant/bitflux-wallet-1771434696/admin/edit-teacher.php?id=6
[12-Mar-2026 03:45:42 Africa/Lagos] Script: /home/academixsuite/public_html/tenant/{school-slug}/admin/edit-teacher.php
[12-Mar-2026 03:45:42 Africa/Lagos] School database connection successful
[12-Mar-2026 03:45:42 Africa/Lagos] TeacherManager initialized for school ID: 6
[12-Mar-2026 03:45:42 Africa/Lagos] TeacherManager initialized successfully
[12-Mar-2026 03:45:42 Africa/Lagos] PHP Warning:  Undefined array key "blood_group" in /home/academixsuite/public_html/tenant/{school-slug}/admin/edit-teacher.php on line 356
[12-Mar-2026 03:45:42 Africa/Lagos] PHP Warning:  Undefined array key "height" in /home/academixsuite/public_html/tenant/{school-slug}/admin/edit-teacher.php on line 357
[12-Mar-2026 03:45:42 Africa/Lagos] PHP Warning:  Undefined array key "weight" in /home/academixsuite/public_html/tenant/{school-slug}/admin/edit-teacher.php on line 358
[12-Mar-2026 03:45:42 Africa/Lagos] === EDIT TEACHER PAGE END ===
[12-Mar-2026 03:45:42 Africa/Lagos] ROUTER END: Successfully served /home/academixsuite/public_html/tenant/{school-slug}/admin/edit-teacher.php
[12-Mar-2026 06:07:54 Africa/Lagos] === EDIT TEACHER PAGE START ===
[12-Mar-2026 06:07:54 Africa/Lagos] Request URI: /tenant/bitflux-wallet-1771434696/admin/edit-teacher.php?id=8
[12-Mar-2026 06:07:54 Africa/Lagos] Script: /home/academixsuite/public_html/tenant/{school-slug}/admin/edit-teacher.php
[12-Mar-2026 06:07:54 Africa/Lagos] School database connection successful
[12-Mar-2026 06:07:54 Africa/Lagos] TeacherManager initialized for school ID: 6
[12-Mar-2026 06:07:54 Africa/Lagos] TeacherManager initialized successfully
[12-Mar-2026 06:07:54 Africa/Lagos] PHP Warning:  Undefined array key "blood_group" in /home/academixsuite/public_html/tenant/{school-slug}/admin/edit-teacher.php on line 356
[12-Mar-2026 06:07:54 Africa/Lagos] PHP Warning:  Undefined array key "height" in /home/academixsuite/public_html/tenant/{school-slug}/admin/edit-teacher.php on line 357
[12-Mar-2026 06:07:54 Africa/Lagos] PHP Warning:  Undefined array key "weight" in /home/academixsuite/public_html/tenant/{school-slug}/admin/edit-teacher.php on line 358
[12-Mar-2026 06:07:54 Africa/Lagos] === EDIT TEACHER PAGE END ===
[12-Mar-2026 06:07:54 Africa/Lagos] ROUTER END: Successfully served /home/academixsuite/public_html/tenant/{school-slug}/admin/edit-teacher.php
[12-Mar-2026 14:12:16 Africa/Lagos] === EDIT TEACHER PAGE START ===
[12-Mar-2026 14:12:16 Africa/Lagos] Request URI: /tenant/bitflux-wallet-1771434696/admin/edit-teacher.php?id=7
[12-Mar-2026 14:12:16 Africa/Lagos] Script: /home/academixsuite/public_html/tenant/{school-slug}/admin/edit-teacher.php
[12-Mar-2026 14:12:16 Africa/Lagos] School database connection successful
[12-Mar-2026 14:12:16 Africa/Lagos] TeacherManager initialized for school ID: 6
[12-Mar-2026 14:12:16 Africa/Lagos] TeacherManager initialized successfully
[12-Mar-2026 14:12:16 Africa/Lagos] PHP Warning:  Undefined array key "blood_group" in /home/academixsuite/public_html/tenant/{school-slug}/admin/edit-teacher.php on line 356
[12-Mar-2026 14:12:16 Africa/Lagos] PHP Warning:  Undefined array key "height" in /home/academixsuite/public_html/tenant/{school-slug}/admin/edit-teacher.php on line 357
[12-Mar-2026 14:12:16 Africa/Lagos] PHP Warning:  Undefined array key "weight" in /home/academixsuite/public_html/tenant/{school-slug}/admin/edit-teacher.php on line 358
[12-Mar-2026 14:12:16 Africa/Lagos] === EDIT TEACHER PAGE END ===
[12-Mar-2026 14:12:16 Africa/Lagos] ROUTER END: Successfully served /home/academixsuite/public_html/tenant/{school-slug}/admin/edit-teacher.php
[12-Mar-2026 14:12:26 Africa/Lagos] === EDIT TEACHER PAGE START ===
[12-Mar-2026 14:12:26 Africa/Lagos] Request URI: /tenant/bitflux-wallet-1771434696/admin/edit-teacher.php?id=7
[12-Mar-2026 14:12:26 Africa/Lagos] Script: /home/academixsuite/public_html/tenant/{school-slug}/admin/edit-teacher.php
[12-Mar-2026 14:12:26 Africa/Lagos] School database connection successful
[12-Mar-2026 14:12:26 Africa/Lagos] TeacherManager initialized for school ID: 6
[12-Mar-2026 14:12:26 Africa/Lagos] TeacherManager initialized successfully
[12-Mar-2026 14:12:26 Africa/Lagos] === PROCESSING TEACHER EDIT SUBMISSION ===
[12-Mar-2026 14:12:26 Africa/Lagos] Teacher data prepared for update: ["employee_id","name","email","phone","gender","date_of_birth","fathers_name","mothers_name","marital_status","contract_type","shift","work_location","joining_date","qualification","experience_years","blood_group","height","weight","bank_name","bank_account","ifsc_code","national_id","current_address","permanent_address","previous_school","previous_school_address","facebook_link","linkedin_link","instagram_link","youtube_link","details","password","profile_photo","assigned_classes","assigned_subjects"]
[12-Mar-2026 14:12:26 Africa/Lagos] Assigned subjects count: 1
[12-Mar-2026 14:12:26 Africa/Lagos] Assigned classes count: 0
[12-Mar-2026 14:12:26 Africa/Lagos] Error updating teacher: SQLSTATE[42S22]: Column not found: 1054 Unknown column 'updated_at' in 'SET'
[12-Mar-2026 14:12:26 Africa/Lagos] Failed to update teacher: Error updating teacher: SQLSTATE[42S22]: Column not found: 1054 Unknown column 'updated_at' in 'SET'
[29-Mar-2026 09:52:57 Africa/Lagos] === EDIT TEACHER PAGE START ===
[29-Mar-2026 09:52:57 Africa/Lagos] Request URI: /tenant/bitflux-wallet-1771434696/admin/edit-teacher.php?id=13
[29-Mar-2026 09:52:57 Africa/Lagos] Script: /home/academixsuite/public_html/tenant/{school-slug}/admin/edit-teacher.php
[29-Mar-2026 09:52:57 Africa/Lagos] School database connection successful
[29-Mar-2026 09:52:57 Africa/Lagos] TeacherManager initialized for school ID: 6
[29-Mar-2026 09:52:57 Africa/Lagos] TeacherManager initialized successfully
[29-Mar-2026 09:52:57 Africa/Lagos] PHP Warning:  Undefined array key "blood_group" in /home/academixsuite/public_html/tenant/{school-slug}/admin/edit-teacher.php on line 356
[29-Mar-2026 09:52:57 Africa/Lagos] PHP Warning:  Undefined array key "height" in /home/academixsuite/public_html/tenant/{school-slug}/admin/edit-teacher.php on line 357
[29-Mar-2026 09:52:57 Africa/Lagos] PHP Warning:  Undefined array key "weight" in /home/academixsuite/public_html/tenant/{school-slug}/admin/edit-teacher.php on line 358
[29-Mar-2026 09:52:57 Africa/Lagos] === EDIT TEACHER PAGE END ===
[29-Mar-2026 09:52:57 Africa/Lagos] ROUTER END: Successfully served /home/academixsuite/public_html/tenant/{school-slug}/admin/edit-teacher.php
[29-Mar-2026 09:53:09 Africa/Lagos] === EDIT TEACHER PAGE START ===
[29-Mar-2026 09:53:09 Africa/Lagos] Request URI: /tenant/bitflux-wallet-1771434696/admin/edit-teacher.php?id=13
[29-Mar-2026 09:53:09 Africa/Lagos] Script: /home/academixsuite/public_html/tenant/{school-slug}/admin/edit-teacher.php
[29-Mar-2026 09:53:09 Africa/Lagos] School database connection successful
[29-Mar-2026 09:53:09 Africa/Lagos] TeacherManager initialized for school ID: 6
[29-Mar-2026 09:53:09 Africa/Lagos] TeacherManager initialized successfully
[29-Mar-2026 09:53:09 Africa/Lagos] === PROCESSING TEACHER EDIT SUBMISSION ===
[29-Mar-2026 09:53:09 Africa/Lagos] Teacher data prepared for update: ["employee_id","name","email","phone","gender","date_of_birth","fathers_name","mothers_name","marital_status","contract_type","shift","work_location","joining_date","qualification","experience_years","blood_group","height","weight","bank_name","bank_account","ifsc_code","national_id","current_address","permanent_address","previous_school","previous_school_address","facebook_link","linkedin_link","instagram_link","youtube_link","details","password","profile_photo","assigned_classes","assigned_subjects"]
[29-Mar-2026 09:53:09 Africa/Lagos] Assigned subjects count: 2
[29-Mar-2026 09:53:09 Africa/Lagos] Assigned classes count: 0
[29-Mar-2026 09:53:09 Africa/Lagos] Error updating teacher: SQLSTATE[42S22]: Column not found: 1054 Unknown column 'updated_at' in 'SET'
[29-Mar-2026 09:53:09 Africa/Lagos] Failed to update teacher: Error updating teacher: SQLSTATE[42S22]: Column not found: 1054 Unknown column 'updated_at' in 'SET'
