[05-Mar-2026 21:46:29 Africa/Lagos] === TIMETABLE LIST PAGE START ===
[05-Mar-2026 21:46:29 Africa/Lagos] Request URI: /tenant/bitflux-wallet-1771434696/admin/timetable-list.php
[05-Mar-2026 21:46:29 Africa/Lagos] Script: /home/academixsuite/public_html/tenant/{school-slug}/admin/timetable-list.php
[05-Mar-2026 21:46:29 Africa/Lagos] School database connection successful
[05-Mar-2026 21:46:29 Africa/Lagos] TimetableManager initialized for school ID: 6
[05-Mar-2026 21:46:29 Africa/Lagos] TimetableManager initialized successfully
[05-Mar-2026 21:46:29 Africa/Lagos] ROUTER END: Successfully served /home/academixsuite/public_html/tenant/{school-slug}/admin/timetable-list.php
[05-Mar-2026 21:47:11 Africa/Lagos] === TIMETABLE LIST PAGE START ===
[05-Mar-2026 21:47:11 Africa/Lagos] Request URI: /tenant/bitflux-wallet-1771434696/admin/timetable-list.php
[05-Mar-2026 21:47:11 Africa/Lagos] Script: /home/academixsuite/public_html/tenant/{school-slug}/admin/timetable-list.php
[05-Mar-2026 21:47:11 Africa/Lagos] School database connection successful
[05-Mar-2026 21:47:11 Africa/Lagos] TimetableManager initialized for school ID: 6
[05-Mar-2026 21:47:11 Africa/Lagos] TimetableManager initialized successfully
[05-Mar-2026 21:47:11 Africa/Lagos] ROUTER END: Successfully served /home/academixsuite/public_html/tenant/{school-slug}/admin/timetable-list.php
[05-Mar-2026 21:48:12 Africa/Lagos] === TIMETABLE LIST PAGE START ===
[05-Mar-2026 21:48:12 Africa/Lagos] Request URI: /tenant/bitflux-wallet-1771434696/admin/timetable-list.php
[05-Mar-2026 21:48:12 Africa/Lagos] Script: /home/academixsuite/public_html/tenant/{school-slug}/admin/timetable-list.php
[05-Mar-2026 21:48:12 Africa/Lagos] School database connection successful
[05-Mar-2026 21:48:12 Africa/Lagos] TimetableManager initialized for school ID: 6
[05-Mar-2026 21:48:12 Africa/Lagos] TimetableManager initialized successfully
[05-Mar-2026 21:48:12 Africa/Lagos] ROUTER END: Successfully served /home/academixsuite/public_html/tenant/{school-slug}/admin/timetable-list.php
[05-Mar-2026 22:08:11 Africa/Lagos] === TIMETABLE LIST PAGE START ===
[05-Mar-2026 22:08:11 Africa/Lagos] Request URI: /tenant/bitflux-wallet-1771434696/admin/timetable-list.php
[05-Mar-2026 22:08:11 Africa/Lagos] Script: /home/academixsuite/public_html/tenant/{school-slug}/admin/timetable-list.php
[05-Mar-2026 22:08:11 Africa/Lagos] School database connection successful
[05-Mar-2026 22:08:11 Africa/Lagos] TimetableManager initialized for school ID: 6
[05-Mar-2026 22:08:11 Africa/Lagos] TimetableManager initialized successfully
[05-Mar-2026 22:08:11 Africa/Lagos] ROUTER END: Successfully served /home/academixsuite/public_html/tenant/{school-slug}/admin/timetable-list.php
[06-Mar-2026 02:25:23 Africa/Lagos] === TIMETABLE LIST PAGE START ===
[06-Mar-2026 02:25:23 Africa/Lagos] Request URI: /tenant/bitflux-wallet-1771434696/admin/timetable-list.php
[06-Mar-2026 02:25:23 Africa/Lagos] Script: /home/academixsuite/public_html/tenant/{school-slug}/admin/timetable-list.php
[06-Mar-2026 02:25:23 Africa/Lagos] School database connection successful
[06-Mar-2026 02:25:23 Africa/Lagos] TimetableManager initialized for school ID: 6
[06-Mar-2026 02:25:23 Africa/Lagos] TimetableManager initialized successfully
[06-Mar-2026 02:25:23 Africa/Lagos] ROUTER END: Successfully served /home/academixsuite/public_html/tenant/{school-slug}/admin/timetable-list.php
[06-Mar-2026 02:29:57 Africa/Lagos] === TIMETABLE LIST PAGE START ===
[06-Mar-2026 02:29:57 Africa/Lagos] Request URI: /tenant/bitflux-wallet-1771434696/admin/timetable-list.php
[06-Mar-2026 02:29:57 Africa/Lagos] Script: /home/academixsuite/public_html/tenant/{school-slug}/admin/timetable-list.php
[06-Mar-2026 02:29:57 Africa/Lagos] School database connection successful
[06-Mar-2026 02:29:57 Africa/Lagos] TimetableManager initialized for school ID: 6
[06-Mar-2026 02:29:57 Africa/Lagos] TimetableManager initialized successfully
[06-Mar-2026 02:29:57 Africa/Lagos] ROUTER END: Successfully served /home/academixsuite/public_html/tenant/{school-slug}/admin/timetable-list.php
[06-Mar-2026 07:35:20 Africa/Lagos] === TIMETABLE LIST PAGE START ===
[06-Mar-2026 07:35:20 Africa/Lagos] Request URI: /tenant/bitflux-wallet-1771434696/admin/timetable-list.php
[06-Mar-2026 07:35:20 Africa/Lagos] Script: /home/academixsuite/public_html/tenant/{school-slug}/admin/timetable-list.php
[06-Mar-2026 07:35:20 Africa/Lagos] School database connection successful
[06-Mar-2026 07:35:20 Africa/Lagos] TimetableManager initialized for school ID: 6
[06-Mar-2026 07:35:20 Africa/Lagos] TimetableManager initialized successfully
[06-Mar-2026 07:35:20 Africa/Lagos] ROUTER END: Successfully served /home/academixsuite/public_html/tenant/{school-slug}/admin/timetable-list.php
[06-Mar-2026 07:35:42 Africa/Lagos] === TIMETABLE LIST PAGE START ===
[06-Mar-2026 07:35:42 Africa/Lagos] Request URI: /tenant/bitflux-wallet-1771434696/admin/timetable-list.php
[06-Mar-2026 07:35:42 Africa/Lagos] Script: /home/academixsuite/public_html/tenant/{school-slug}/admin/timetable-list.php
[06-Mar-2026 07:35:42 Africa/Lagos] School database connection successful
[06-Mar-2026 07:35:42 Africa/Lagos] TimetableManager initialized for school ID: 6
[06-Mar-2026 07:35:42 Africa/Lagos] TimetableManager initialized successfully
[06-Mar-2026 07:35:42 Africa/Lagos] ROUTER END: Successfully served /home/academixsuite/public_html/tenant/{school-slug}/admin/timetable-list.php
[06-Mar-2026 09:10:27 Africa/Lagos] === TIMETABLE LIST PAGE START ===
[06-Mar-2026 09:10:27 Africa/Lagos] Request URI: /tenant/bitflux-wallet-1771434696/admin/timetable-list.php
[06-Mar-2026 09:10:27 Africa/Lagos] Script: /home/academixsuite/public_html/tenant/{school-slug}/admin/timetable-list.php
[06-Mar-2026 09:10:27 Africa/Lagos] School database connection successful
[06-Mar-2026 09:10:27 Africa/Lagos] TimetableManager initialized for school ID: 6
[06-Mar-2026 09:10:27 Africa/Lagos] TimetableManager initialized successfully
[06-Mar-2026 09:10:27 Africa/Lagos] ROUTER END: Successfully served /home/academixsuite/public_html/tenant/{school-slug}/admin/timetable-list.php
[06-Mar-2026 10:41:52 Africa/Lagos] === TIMETABLE LIST PAGE START ===
[06-Mar-2026 10:41:52 Africa/Lagos] Request URI: /tenant/bitflux-wallet-1771434696/admin/timetable-list.php
[06-Mar-2026 10:41:52 Africa/Lagos] Script: /home/academixsuite/public_html/tenant/{school-slug}/admin/timetable-list.php
[06-Mar-2026 10:41:52 Africa/Lagos] School database connection successful
[06-Mar-2026 10:41:52 Africa/Lagos] TimetableManager initialized for school ID: 6
[06-Mar-2026 10:41:52 Africa/Lagos] TimetableManager initialized successfully
[06-Mar-2026 10:41:52 Africa/Lagos] ROUTER END: Successfully served /home/academixsuite/public_html/tenant/{school-slug}/admin/timetable-list.php
[09-Mar-2026 06:20:38 Africa/Lagos] === TIMETABLE LIST PAGE START ===
[09-Mar-2026 06:20:38 Africa/Lagos] Request URI: /tenant/bitflux-wallet-1771434696/admin/timetable-list.php
[09-Mar-2026 06:20:38 Africa/Lagos] Script: /home/academixsuite/public_html/tenant/{school-slug}/admin/timetable-list.php
[09-Mar-2026 06:20:38 Africa/Lagos] School database connection successful
[09-Mar-2026 06:20:38 Africa/Lagos] TimetableManager initialized for school ID: 6
[09-Mar-2026 06:20:38 Africa/Lagos] TimetableManager initialized successfully
[09-Mar-2026 06:20:38 Africa/Lagos] ROUTER END: Successfully served /home/academixsuite/public_html/tenant/{school-slug}/admin/timetable-list.php
[09-Mar-2026 12:41:06 Africa/Lagos] === TIMETABLE LIST PAGE START ===
[09-Mar-2026 12:41:06 Africa/Lagos] Request URI: /tenant/bitflux-wallet-1771434696/admin/timetable-list.php
[09-Mar-2026 12:41:06 Africa/Lagos] Script: /home/academixsuite/public_html/tenant/{school-slug}/admin/timetable-list.php
[09-Mar-2026 12:41:06 Africa/Lagos] School database connection successful
[09-Mar-2026 12:41:06 Africa/Lagos] TimetableManager initialized for school ID: 6
[09-Mar-2026 12:41:06 Africa/Lagos] TimetableManager initialized successfully
[09-Mar-2026 12:41:06 Africa/Lagos] ROUTER END: Successfully served /home/academixsuite/public_html/tenant/{school-slug}/admin/timetable-list.php
[10-Mar-2026 13:32:05 Africa/Lagos] === TIMETABLE LIST PAGE START ===
[10-Mar-2026 13:32:05 Africa/Lagos] Request URI: /tenant/bitflux-wallet-1771434696/admin/timetable-list.php
[10-Mar-2026 13:32:05 Africa/Lagos] Script: /home/academixsuite/public_html/tenant/{school-slug}/admin/timetable-list.php
[10-Mar-2026 13:32:05 Africa/Lagos] School database connection successful
[10-Mar-2026 13:32:05 Africa/Lagos] TimetableManager initialized for school ID: 6
[10-Mar-2026 13:32:05 Africa/Lagos] TimetableManager initialized successfully
[10-Mar-2026 13:32:05 Africa/Lagos] ROUTER END: Successfully served /home/academixsuite/public_html/tenant/{school-slug}/admin/timetable-list.php
[10-Mar-2026 13:33:12 Africa/Lagos] === TIMETABLE LIST PAGE START ===
[10-Mar-2026 13:33:12 Africa/Lagos] Request URI: /tenant/bitflux-wallet-1771434696/admin/timetable-list.php
[10-Mar-2026 13:33:12 Africa/Lagos] Script: /home/academixsuite/public_html/tenant/{school-slug}/admin/timetable-list.php
[10-Mar-2026 13:33:12 Africa/Lagos] School database connection successful
[10-Mar-2026 13:33:12 Africa/Lagos] TimetableManager initialized for school ID: 6
[10-Mar-2026 13:33:12 Africa/Lagos] TimetableManager initialized successfully
[10-Mar-2026 13:33:12 Africa/Lagos] ROUTER END: Successfully served /home/academixsuite/public_html/tenant/{school-slug}/admin/timetable-list.php
[10-Mar-2026 13:33:28 Africa/Lagos] === TIMETABLE LIST PAGE START ===
[10-Mar-2026 13:33:28 Africa/Lagos] Request URI: /tenant/bitflux-wallet-1771434696/admin/timetable-list.php
[10-Mar-2026 13:33:28 Africa/Lagos] Script: /home/academixsuite/public_html/tenant/{school-slug}/admin/timetable-list.php
[10-Mar-2026 13:33:28 Africa/Lagos] School database connection successful
[10-Mar-2026 13:33:28 Africa/Lagos] TimetableManager initialized for school ID: 6
[10-Mar-2026 13:33:28 Africa/Lagos] TimetableManager initialized successfully
[10-Mar-2026 13:33:28 Africa/Lagos] ROUTER END: Successfully served /home/academixsuite/public_html/tenant/{school-slug}/admin/timetable-list.php
[10-Mar-2026 13:34:25 Africa/Lagos] === TIMETABLE LIST PAGE START ===
[10-Mar-2026 13:34:25 Africa/Lagos] Request URI: /tenant/bitflux-wallet-1771434696/admin/timetable-list.php
[10-Mar-2026 13:34:25 Africa/Lagos] Script: /home/academixsuite/public_html/tenant/{school-slug}/admin/timetable-list.php
[10-Mar-2026 13:34:25 Africa/Lagos] School database connection successful
[10-Mar-2026 13:34:25 Africa/Lagos] TimetableManager initialized for school ID: 6
[10-Mar-2026 13:34:25 Africa/Lagos] TimetableManager initialized successfully
[10-Mar-2026 13:34:25 Africa/Lagos] ROUTER END: Successfully served /home/academixsuite/public_html/tenant/{school-slug}/admin/timetable-list.php
[10-Mar-2026 13:36:01 Africa/Lagos] === TIMETABLE LIST PAGE START ===
[10-Mar-2026 13:36:01 Africa/Lagos] Request URI: /tenant/bitflux-wallet-1771434696/admin/timetable-list.php
[10-Mar-2026 13:36:01 Africa/Lagos] Script: /home/academixsuite/public_html/tenant/{school-slug}/admin/timetable-list.php
[10-Mar-2026 13:36:01 Africa/Lagos] School database connection successful
[10-Mar-2026 13:36:01 Africa/Lagos] TimetableManager initialized for school ID: 6
[10-Mar-2026 13:36:01 Africa/Lagos] TimetableManager initialized successfully
[10-Mar-2026 13:36:01 Africa/Lagos] ROUTER END: Successfully served /home/academixsuite/public_html/tenant/{school-slug}/admin/timetable-list.php
[10-Mar-2026 13:37:51 Africa/Lagos] === TIMETABLE LIST PAGE START ===
[10-Mar-2026 13:37:51 Africa/Lagos] Request URI: /tenant/bitflux-wallet-1771434696/admin/timetable-list.php
[10-Mar-2026 13:37:51 Africa/Lagos] Script: /home/academixsuite/public_html/tenant/{school-slug}/admin/timetable-list.php
[10-Mar-2026 13:37:51 Africa/Lagos] School database connection successful
[10-Mar-2026 13:37:51 Africa/Lagos] TimetableManager initialized for school ID: 6
[10-Mar-2026 13:37:51 Africa/Lagos] TimetableManager initialized successfully
[10-Mar-2026 13:37:51 Africa/Lagos] ROUTER END: Successfully served /home/academixsuite/public_html/tenant/{school-slug}/admin/timetable-list.php
[10-Mar-2026 13:38:05 Africa/Lagos] === TIMETABLE LIST PAGE START ===
[10-Mar-2026 13:38:05 Africa/Lagos] Request URI: /tenant/bitflux-wallet-1771434696/admin/timetable-list.php
[10-Mar-2026 13:38:05 Africa/Lagos] Script: /home/academixsuite/public_html/tenant/{school-slug}/admin/timetable-list.php
[10-Mar-2026 13:38:05 Africa/Lagos] School database connection successful
[10-Mar-2026 13:38:05 Africa/Lagos] TimetableManager initialized for school ID: 6
[10-Mar-2026 13:38:05 Africa/Lagos] TimetableManager initialized successfully
[10-Mar-2026 13:38:05 Africa/Lagos] ROUTER END: Successfully served /home/academixsuite/public_html/tenant/{school-slug}/admin/timetable-list.php
[10-Mar-2026 16:17:57 Africa/Lagos] === TIMETABLE LIST PAGE START ===
[10-Mar-2026 16:17:57 Africa/Lagos] Request URI: /tenant/bitflux-wallet-1771434696/admin/timetable-list.php
[10-Mar-2026 16:17:57 Africa/Lagos] Script: /home/academixsuite/public_html/tenant/{school-slug}/admin/timetable-list.php
[10-Mar-2026 16:17:57 Africa/Lagos] School database connection successful
[10-Mar-2026 16:17:57 Africa/Lagos] TimetableManager initialized for school ID: 6
[10-Mar-2026 16:17:57 Africa/Lagos] TimetableManager initialized successfully
[10-Mar-2026 16:17:57 Africa/Lagos] ROUTER END: Successfully served /home/academixsuite/public_html/tenant/{school-slug}/admin/timetable-list.php
[10-Mar-2026 16:18:53 Africa/Lagos] === TIMETABLE LIST PAGE START ===
[10-Mar-2026 16:18:53 Africa/Lagos] Request URI: /tenant/bitflux-wallet-1771434696/admin/timetable-list.php
[10-Mar-2026 16:18:53 Africa/Lagos] Script: /home/academixsuite/public_html/tenant/{school-slug}/admin/timetable-list.php
[10-Mar-2026 16:18:53 Africa/Lagos] School database connection successful
[10-Mar-2026 16:18:53 Africa/Lagos] TimetableManager initialized for school ID: 6
[10-Mar-2026 16:18:53 Africa/Lagos] TimetableManager initialized successfully
[10-Mar-2026 16:18:53 Africa/Lagos] ROUTER END: Successfully served /home/academixsuite/public_html/tenant/{school-slug}/admin/timetable-list.php
[10-Mar-2026 16:20:19 Africa/Lagos] === TIMETABLE LIST PAGE START ===
[10-Mar-2026 16:20:19 Africa/Lagos] Request URI: /tenant/bitflux-wallet-1771434696/admin/timetable-list.php
[10-Mar-2026 16:20:19 Africa/Lagos] Script: /home/academixsuite/public_html/tenant/{school-slug}/admin/timetable-list.php
[10-Mar-2026 16:20:19 Africa/Lagos] School database connection successful
[10-Mar-2026 16:20:19 Africa/Lagos] TimetableManager initialized for school ID: 6
[10-Mar-2026 16:20:19 Africa/Lagos] TimetableManager initialized successfully
[10-Mar-2026 16:20:19 Africa/Lagos] ROUTER END: Successfully served /home/academixsuite/public_html/tenant/{school-slug}/admin/timetable-list.php
[10-Mar-2026 16:20:51 Africa/Lagos] === TIMETABLE LIST PAGE START ===
[10-Mar-2026 16:20:51 Africa/Lagos] Request URI: /tenant/bitflux-wallet-1771434696/admin/timetable-list.php
[10-Mar-2026 16:20:51 Africa/Lagos] Script: /home/academixsuite/public_html/tenant/{school-slug}/admin/timetable-list.php
[10-Mar-2026 16:20:51 Africa/Lagos] School database connection successful
[10-Mar-2026 16:20:51 Africa/Lagos] TimetableManager initialized for school ID: 6
[10-Mar-2026 16:20:51 Africa/Lagos] TimetableManager initialized successfully
[10-Mar-2026 16:20:51 Africa/Lagos] ROUTER END: Successfully served /home/academixsuite/public_html/tenant/{school-slug}/admin/timetable-list.php
[11-Mar-2026 14:57:04 Africa/Lagos] === TIMETABLE LIST PAGE START ===
[11-Mar-2026 14:57:04 Africa/Lagos] Request URI: /tenant/bitflux-wallet-1771434696/admin/timetable-list.php
[11-Mar-2026 14:57:04 Africa/Lagos] Script: /home/academixsuite/public_html/tenant/{school-slug}/admin/timetable-list.php
[11-Mar-2026 14:57:04 Africa/Lagos] School database connection successful
[11-Mar-2026 14:57:04 Africa/Lagos] TimetableManager initialized for school ID: 6
[11-Mar-2026 14:57:04 Africa/Lagos] TimetableManager initialized successfully
[11-Mar-2026 14:57:04 Africa/Lagos] ROUTER END: Successfully served /home/academixsuite/public_html/tenant/{school-slug}/admin/timetable-list.php
[12-Mar-2026 07:55:24 Africa/Lagos] === TIMETABLE LIST PAGE START ===
[12-Mar-2026 07:55:24 Africa/Lagos] Request URI: /tenant/bitflux-wallet-1771434696/admin/timetable-list.php
[12-Mar-2026 07:55:24 Africa/Lagos] Script: /home/academixsuite/public_html/tenant/{school-slug}/admin/timetable-list.php
[12-Mar-2026 07:55:24 Africa/Lagos] School database connection successful
[12-Mar-2026 07:55:24 Africa/Lagos] TimetableManager initialized for school ID: 6
[12-Mar-2026 07:55:24 Africa/Lagos] TimetableManager initialized successfully
[12-Mar-2026 07:55:24 Africa/Lagos] ROUTER END: Successfully served /home/academixsuite/public_html/tenant/{school-slug}/admin/timetable-list.php
[12-Mar-2026 07:56:02 Africa/Lagos] === TIMETABLE LIST PAGE START ===
[12-Mar-2026 07:56:02 Africa/Lagos] Request URI: /tenant/bitflux-wallet-1771434696/admin/timetable-list.php
[12-Mar-2026 07:56:02 Africa/Lagos] Script: /home/academixsuite/public_html/tenant/{school-slug}/admin/timetable-list.php
[12-Mar-2026 07:56:02 Africa/Lagos] School database connection successful
[12-Mar-2026 07:56:02 Africa/Lagos] TimetableManager initialized for school ID: 6
[12-Mar-2026 07:56:02 Africa/Lagos] TimetableManager initialized successfully
[12-Mar-2026 07:56:02 Africa/Lagos] ROUTER END: Successfully served /home/academixsuite/public_html/tenant/{school-slug}/admin/timetable-list.php
[24-Mar-2026 09:50:12 Africa/Lagos] === TIMETABLE LIST PAGE START ===
[24-Mar-2026 09:50:12 Africa/Lagos] Request URI: /tenant/bitflux-wallet-1771434696/admin/timetable-list.php
[24-Mar-2026 09:50:12 Africa/Lagos] Script: /home/academixsuite/public_html/tenant/{school-slug}/admin/timetable-list.php
[24-Mar-2026 09:50:12 Africa/Lagos] School database connection successful
[24-Mar-2026 09:50:12 Africa/Lagos] TimetableManager initialized for school ID: 6
[24-Mar-2026 09:50:12 Africa/Lagos] TimetableManager initialized successfully
[24-Mar-2026 09:50:12 Africa/Lagos] ROUTER END: Successfully served /home/academixsuite/public_html/tenant/{school-slug}/admin/timetable-list.php
