[06-Mar-2026 19:53:11 Africa/Lagos] === SECTION LIST PAGE START ===
[06-Mar-2026 19:53:11 Africa/Lagos] Script: /home/academixsuite/public_html/tenant/{school-slug}/admin/section-list.php
[06-Mar-2026 19:53:11 Africa/Lagos] School Slug: bitflux-wallet-1771434696
[06-Mar-2026 19:53:11 Africa/Lagos] School ID: 6
[06-Mar-2026 19:53:11 Africa/Lagos] School Name: bitflux wallet
[06-Mar-2026 19:53:11 Africa/Lagos] Authenticated User ID: 1
[06-Mar-2026 19:53:11 Africa/Lagos] Loading autoload from: /home/academixsuite/public_html/tenant/{school-slug}/admin/../../../includes/autoload.php
[06-Mar-2026 19:53:11 Africa/Lagos] Autoload loaded successfully
[06-Mar-2026 19:53:11 Africa/Lagos] Database class found
[06-Mar-2026 19:53:11 Africa/Lagos] GuardianManager loaded successfully
[06-Mar-2026 19:53:11 Africa/Lagos] Attempting to connect to database: school_6
[06-Mar-2026 19:53:11 Africa/Lagos] School database connection successful
[06-Mar-2026 19:53:11 Africa/Lagos] GuardianManager initialized for school ID: 6
[06-Mar-2026 19:53:11 Africa/Lagos] Fetched 3 sections successfully
[06-Mar-2026 19:53:11 Africa/Lagos] === SECTION LIST PAGE END ===
[06-Mar-2026 19:53:11 Africa/Lagos] ROUTER END: Successfully served /home/academixsuite/public_html/tenant/{school-slug}/admin/section-list.php
[06-Mar-2026 19:57:56 Africa/Lagos] === SECTION LIST PAGE START ===
[06-Mar-2026 19:57:56 Africa/Lagos] Script: /home/academixsuite/public_html/tenant/{school-slug}/admin/section-list.php
[06-Mar-2026 19:57:56 Africa/Lagos] School Slug: bitflux-wallet-1771434696
[06-Mar-2026 19:57:56 Africa/Lagos] School ID: 6
[06-Mar-2026 19:57:56 Africa/Lagos] School Name: bitflux wallet
[06-Mar-2026 19:57:56 Africa/Lagos] Authenticated User ID: 1
[06-Mar-2026 19:57:56 Africa/Lagos] Loading autoload from: /home/academixsuite/public_html/tenant/{school-slug}/admin/../../../includes/autoload.php
[06-Mar-2026 19:57:56 Africa/Lagos] Autoload loaded successfully
[06-Mar-2026 19:57:56 Africa/Lagos] Database class found
[06-Mar-2026 19:57:56 Africa/Lagos] GuardianManager loaded successfully
[06-Mar-2026 19:57:56 Africa/Lagos] Attempting to connect to database: school_6
[06-Mar-2026 19:57:56 Africa/Lagos] School database connection successful
[06-Mar-2026 19:57:56 Africa/Lagos] GuardianManager initialized for school ID: 6
[06-Mar-2026 19:57:56 Africa/Lagos] Fetched 3 sections successfully
[06-Mar-2026 19:57:56 Africa/Lagos] === SECTION LIST PAGE END ===
[06-Mar-2026 19:57:56 Africa/Lagos] ROUTER END: Successfully served /home/academixsuite/public_html/tenant/{school-slug}/admin/section-list.php
[06-Mar-2026 20:00:23 Africa/Lagos] === SECTION LIST PAGE START ===
[06-Mar-2026 20:00:23 Africa/Lagos] Script: /home/academixsuite/public_html/tenant/{school-slug}/admin/section-list.php
[06-Mar-2026 20:00:23 Africa/Lagos] School Slug: bitflux-wallet-1771434696
[06-Mar-2026 20:00:23 Africa/Lagos] School ID: 6
[06-Mar-2026 20:00:23 Africa/Lagos] School Name: bitflux wallet
[06-Mar-2026 20:00:23 Africa/Lagos] Authenticated User ID: 1
[06-Mar-2026 20:00:23 Africa/Lagos] Loading autoload from: /home/academixsuite/public_html/tenant/{school-slug}/admin/../../../includes/autoload.php
[06-Mar-2026 20:00:23 Africa/Lagos] Autoload loaded successfully
[06-Mar-2026 20:00:23 Africa/Lagos] Database class found
[06-Mar-2026 20:00:23 Africa/Lagos] GuardianManager loaded successfully
[06-Mar-2026 20:00:23 Africa/Lagos] Attempting to connect to database: school_6
[06-Mar-2026 20:00:23 Africa/Lagos] School database connection successful
[06-Mar-2026 20:00:23 Africa/Lagos] GuardianManager initialized for school ID: 6
[06-Mar-2026 20:00:23 Africa/Lagos] Fetched 3 sections successfully
[06-Mar-2026 20:00:23 Africa/Lagos] === SECTION LIST PAGE END ===
[06-Mar-2026 20:00:23 Africa/Lagos] ROUTER END: Successfully served /home/academixsuite/public_html/tenant/{school-slug}/admin/section-list.php
[06-Mar-2026 22:31:48 Africa/Lagos] === SECTION LIST PAGE START ===
[06-Mar-2026 22:31:48 Africa/Lagos] Script: /home/academixsuite/public_html/tenant/{school-slug}/admin/section-list.php
[06-Mar-2026 22:31:48 Africa/Lagos] School Slug: bitflux-wallet-1771434696
[06-Mar-2026 22:31:48 Africa/Lagos] School ID: 6
[06-Mar-2026 22:31:48 Africa/Lagos] School Name: bitflux wallet
[06-Mar-2026 22:31:48 Africa/Lagos] Authenticated User ID: 1
[06-Mar-2026 22:31:48 Africa/Lagos] Loading autoload from: /home/academixsuite/public_html/tenant/{school-slug}/admin/../../../includes/autoload.php
[06-Mar-2026 22:31:48 Africa/Lagos] Autoload loaded successfully
[06-Mar-2026 22:31:48 Africa/Lagos] Database class found
[06-Mar-2026 22:31:48 Africa/Lagos] GuardianManager loaded successfully
[06-Mar-2026 22:31:48 Africa/Lagos] Attempting to connect to database: school_6
[06-Mar-2026 22:31:48 Africa/Lagos] School database connection successful
[06-Mar-2026 22:31:48 Africa/Lagos] GuardianManager initialized for school ID: 6
[06-Mar-2026 22:31:48 Africa/Lagos] Fetched 3 sections successfully
[06-Mar-2026 22:31:48 Africa/Lagos] === SECTION LIST PAGE END ===
[06-Mar-2026 22:31:48 Africa/Lagos] ROUTER END: Successfully served /home/academixsuite/public_html/tenant/{school-slug}/admin/section-list.php
[07-Mar-2026 03:44:02 Africa/Lagos] === SECTION LIST PAGE START ===
[07-Mar-2026 03:44:02 Africa/Lagos] Script: /home/academixsuite/public_html/tenant/{school-slug}/admin/section-list.php
[07-Mar-2026 03:44:02 Africa/Lagos] School Slug: bitflux-wallet-1771434696
[07-Mar-2026 03:44:02 Africa/Lagos] School ID: 6
[07-Mar-2026 03:44:02 Africa/Lagos] School Name: bitflux wallet
[07-Mar-2026 03:44:02 Africa/Lagos] Authenticated User ID: 1
[07-Mar-2026 03:44:02 Africa/Lagos] Loading autoload from: /home/academixsuite/public_html/tenant/{school-slug}/admin/../../../includes/autoload.php
[07-Mar-2026 03:44:02 Africa/Lagos] Autoload loaded successfully
[07-Mar-2026 03:44:02 Africa/Lagos] Database class found
[07-Mar-2026 03:44:02 Africa/Lagos] GuardianManager loaded successfully
[07-Mar-2026 03:44:02 Africa/Lagos] Attempting to connect to database: school_6
[07-Mar-2026 03:44:02 Africa/Lagos] School database connection successful
[07-Mar-2026 03:44:02 Africa/Lagos] GuardianManager initialized for school ID: 6
[07-Mar-2026 03:44:02 Africa/Lagos] Fetched 3 sections successfully
[07-Mar-2026 03:44:02 Africa/Lagos] === SECTION LIST PAGE END ===
[07-Mar-2026 03:44:02 Africa/Lagos] ROUTER END: Successfully served /home/academixsuite/public_html/tenant/{school-slug}/admin/section-list.php
[07-Mar-2026 22:29:44 Africa/Lagos] === SECTION LIST PAGE START ===
[07-Mar-2026 22:29:44 Africa/Lagos] Script: /home/academixsuite/public_html/tenant/{school-slug}/admin/section-list.php
[07-Mar-2026 22:29:44 Africa/Lagos] School Slug: bitflux-wallet-1771434696
[07-Mar-2026 22:29:44 Africa/Lagos] School ID: 6
[07-Mar-2026 22:29:44 Africa/Lagos] School Name: bitflux wallet
[07-Mar-2026 22:29:44 Africa/Lagos] Authenticated User ID: 1
[07-Mar-2026 22:29:44 Africa/Lagos] Loading autoload from: /home/academixsuite/public_html/tenant/{school-slug}/admin/../../../includes/autoload.php
[07-Mar-2026 22:29:44 Africa/Lagos] Autoload loaded successfully
[07-Mar-2026 22:29:44 Africa/Lagos] Database class found
[07-Mar-2026 22:29:44 Africa/Lagos] GuardianManager loaded successfully
[07-Mar-2026 22:29:44 Africa/Lagos] Attempting to connect to database: school_6
[07-Mar-2026 22:29:44 Africa/Lagos] School database connection successful
[07-Mar-2026 22:29:44 Africa/Lagos] GuardianManager initialized for school ID: 6
[07-Mar-2026 22:29:44 Africa/Lagos] Fetched 3 sections successfully
[07-Mar-2026 22:29:44 Africa/Lagos] === SECTION LIST PAGE END ===
[07-Mar-2026 22:29:44 Africa/Lagos] ROUTER END: Successfully served /home/academixsuite/public_html/tenant/{school-slug}/admin/section-list.php
[07-Mar-2026 22:30:33 Africa/Lagos] === SECTION LIST PAGE START ===
[07-Mar-2026 22:30:33 Africa/Lagos] Script: /home/academixsuite/public_html/tenant/{school-slug}/admin/section-list.php
[07-Mar-2026 22:30:33 Africa/Lagos] School Slug: bitflux-wallet-1771434696
[07-Mar-2026 22:30:33 Africa/Lagos] School ID: 6
[07-Mar-2026 22:30:33 Africa/Lagos] School Name: bitflux wallet
[07-Mar-2026 22:30:33 Africa/Lagos] Authenticated User ID: 1
[07-Mar-2026 22:30:33 Africa/Lagos] Loading autoload from: /home/academixsuite/public_html/tenant/{school-slug}/admin/../../../includes/autoload.php
[07-Mar-2026 22:30:33 Africa/Lagos] Autoload loaded successfully
[07-Mar-2026 22:30:33 Africa/Lagos] Database class found
[07-Mar-2026 22:30:33 Africa/Lagos] GuardianManager loaded successfully
[07-Mar-2026 22:30:33 Africa/Lagos] Attempting to connect to database: school_6
[07-Mar-2026 22:30:33 Africa/Lagos] School database connection successful
[07-Mar-2026 22:30:33 Africa/Lagos] GuardianManager initialized for school ID: 6
[07-Mar-2026 22:30:33 Africa/Lagos] Fetched 3 sections successfully
[07-Mar-2026 22:30:33 Africa/Lagos] Error processing section action: SQLSTATE[42S22]: Column not found: 1054 Unknown column 'description' in 'INSERT INTO'
[07-Mar-2026 22:30:33 Africa/Lagos] === SECTION LIST PAGE END ===
[07-Mar-2026 22:30:33 Africa/Lagos] ROUTER END: Successfully served /home/academixsuite/public_html/tenant/{school-slug}/admin/section-list.php
[07-Mar-2026 22:30:43 Africa/Lagos] === SECTION LIST PAGE START ===
[07-Mar-2026 22:30:43 Africa/Lagos] Script: /home/academixsuite/public_html/tenant/{school-slug}/admin/section-list.php
[07-Mar-2026 22:30:43 Africa/Lagos] School Slug: bitflux-wallet-1771434696
[07-Mar-2026 22:30:43 Africa/Lagos] School ID: 6
[07-Mar-2026 22:30:43 Africa/Lagos] School Name: bitflux wallet
[07-Mar-2026 22:30:43 Africa/Lagos] Authenticated User ID: 1
[07-Mar-2026 22:30:43 Africa/Lagos] Loading autoload from: /home/academixsuite/public_html/tenant/{school-slug}/admin/../../../includes/autoload.php
[07-Mar-2026 22:30:43 Africa/Lagos] Autoload loaded successfully
[07-Mar-2026 22:30:43 Africa/Lagos] Database class found
[07-Mar-2026 22:30:43 Africa/Lagos] GuardianManager loaded successfully
[07-Mar-2026 22:30:43 Africa/Lagos] Attempting to connect to database: school_6
[07-Mar-2026 22:30:43 Africa/Lagos] School database connection successful
[07-Mar-2026 22:30:43 Africa/Lagos] GuardianManager initialized for school ID: 6
[07-Mar-2026 22:30:43 Africa/Lagos] Fetched 3 sections successfully
[07-Mar-2026 22:30:43 Africa/Lagos] === SECTION LIST PAGE END ===
[07-Mar-2026 22:30:43 Africa/Lagos] ROUTER END: Successfully served /home/academixsuite/public_html/tenant/{school-slug}/admin/section-list.php
[09-Mar-2026 11:03:09 Africa/Lagos] === SECTION LIST PAGE START ===
[09-Mar-2026 11:03:09 Africa/Lagos] Script: /home/academixsuite/public_html/tenant/{school-slug}/admin/section-list.php
[09-Mar-2026 11:03:09 Africa/Lagos] School Slug: bitflux-wallet-1771434696
[09-Mar-2026 11:03:09 Africa/Lagos] School ID: 6
[09-Mar-2026 11:03:09 Africa/Lagos] School Name: bitflux wallet
[09-Mar-2026 11:03:09 Africa/Lagos] Authenticated User ID: 1
[09-Mar-2026 11:03:09 Africa/Lagos] Loading autoload from: /home/academixsuite/public_html/tenant/{school-slug}/admin/../../../includes/autoload.php
[09-Mar-2026 11:03:09 Africa/Lagos] Autoload loaded successfully
[09-Mar-2026 11:03:09 Africa/Lagos] Database class found
[09-Mar-2026 11:03:09 Africa/Lagos] GuardianManager loaded successfully
[09-Mar-2026 11:03:09 Africa/Lagos] Attempting to connect to database: school_6
[09-Mar-2026 11:03:09 Africa/Lagos] School database connection successful
[09-Mar-2026 11:03:09 Africa/Lagos] GuardianManager initialized for school ID: 6
[09-Mar-2026 11:03:09 Africa/Lagos] Fetched 3 sections successfully
[09-Mar-2026 11:03:09 Africa/Lagos] === SECTION LIST PAGE END ===
[09-Mar-2026 11:03:09 Africa/Lagos] ROUTER END: Successfully served /home/academixsuite/public_html/tenant/{school-slug}/admin/section-list.php
[11-Mar-2026 18:57:36 Africa/Lagos] === SECTION LIST PAGE START ===
[11-Mar-2026 18:57:36 Africa/Lagos] Script: /home/academixsuite/public_html/tenant/{school-slug}/admin/section-list.php
[11-Mar-2026 18:57:36 Africa/Lagos] School Slug: bitflux-wallet-1771434696
[11-Mar-2026 18:57:36 Africa/Lagos] School ID: 6
[11-Mar-2026 18:57:36 Africa/Lagos] School Name: bitflux wallet
[11-Mar-2026 18:57:36 Africa/Lagos] Authenticated User ID: 1
[11-Mar-2026 18:57:36 Africa/Lagos] Loading autoload from: /home/academixsuite/public_html/tenant/{school-slug}/admin/../../../includes/autoload.php
[11-Mar-2026 18:57:36 Africa/Lagos] Autoload loaded successfully
[11-Mar-2026 18:57:36 Africa/Lagos] Database class found
[11-Mar-2026 18:57:36 Africa/Lagos] GuardianManager loaded successfully
[11-Mar-2026 18:57:36 Africa/Lagos] Attempting to connect to database: school_6
[11-Mar-2026 18:57:36 Africa/Lagos] School database connection successful
[11-Mar-2026 18:57:36 Africa/Lagos] GuardianManager initialized for school ID: 6
[11-Mar-2026 18:57:36 Africa/Lagos] Fetched 0 sections successfully
[11-Mar-2026 18:57:36 Africa/Lagos] === SECTION LIST PAGE END ===
[11-Mar-2026 18:57:36 Africa/Lagos] ROUTER END: Successfully served /home/academixsuite/public_html/tenant/{school-slug}/admin/section-list.php
[12-Mar-2026 09:44:39 Africa/Lagos] === SECTION LIST PAGE START ===
[12-Mar-2026 09:44:39 Africa/Lagos] Script: /home/academixsuite/public_html/tenant/{school-slug}/admin/section-list.php
[12-Mar-2026 09:44:39 Africa/Lagos] School Slug: bitflux-wallet-1771434696
[12-Mar-2026 09:44:39 Africa/Lagos] School ID: 6
[12-Mar-2026 09:44:39 Africa/Lagos] School Name: bitflux wallet
[12-Mar-2026 09:44:39 Africa/Lagos] Authenticated User ID: 1
[12-Mar-2026 09:44:39 Africa/Lagos] Loading autoload from: /home/academixsuite/public_html/tenant/{school-slug}/admin/../../../includes/autoload.php
[12-Mar-2026 09:44:39 Africa/Lagos] Autoload loaded successfully
[12-Mar-2026 09:44:39 Africa/Lagos] Database class found
[12-Mar-2026 09:44:39 Africa/Lagos] GuardianManager loaded successfully
[12-Mar-2026 09:44:39 Africa/Lagos] Attempting to connect to database: school_6
[12-Mar-2026 09:44:39 Africa/Lagos] School database connection successful
[12-Mar-2026 09:44:39 Africa/Lagos] GuardianManager initialized for school ID: 6
[12-Mar-2026 09:44:39 Africa/Lagos] Fetched 0 sections successfully
[12-Mar-2026 09:44:39 Africa/Lagos] === SECTION LIST PAGE END ===
[12-Mar-2026 09:44:39 Africa/Lagos] ROUTER END: Successfully served /home/academixsuite/public_html/tenant/{school-slug}/admin/section-list.php
[12-Mar-2026 09:46:03 Africa/Lagos] === SECTION LIST PAGE START ===
[12-Mar-2026 09:46:03 Africa/Lagos] Script: /home/academixsuite/public_html/tenant/{school-slug}/admin/section-list.php
[12-Mar-2026 09:46:03 Africa/Lagos] School Slug: bitflux-wallet-1771434696
[12-Mar-2026 09:46:03 Africa/Lagos] School ID: 6
[12-Mar-2026 09:46:03 Africa/Lagos] School Name: bitflux wallet
[12-Mar-2026 09:46:03 Africa/Lagos] Authenticated User ID: 1
[12-Mar-2026 09:46:03 Africa/Lagos] Loading autoload from: /home/academixsuite/public_html/tenant/{school-slug}/admin/../../../includes/autoload.php
[12-Mar-2026 09:46:03 Africa/Lagos] Autoload loaded successfully
[12-Mar-2026 09:46:03 Africa/Lagos] Database class found
[12-Mar-2026 09:46:03 Africa/Lagos] GuardianManager loaded successfully
[12-Mar-2026 09:46:03 Africa/Lagos] Attempting to connect to database: school_6
[12-Mar-2026 09:46:03 Africa/Lagos] School database connection successful
[12-Mar-2026 09:46:03 Africa/Lagos] GuardianManager initialized for school ID: 6
[12-Mar-2026 09:46:03 Africa/Lagos] Fetched 0 sections successfully
[12-Mar-2026 09:46:03 Africa/Lagos] === SECTION LIST PAGE END ===
[12-Mar-2026 09:46:03 Africa/Lagos] ROUTER END: Successfully served /home/academixsuite/public_html/tenant/{school-slug}/admin/section-list.php
[12-Mar-2026 09:47:03 Africa/Lagos] === SECTION LIST PAGE START ===
[12-Mar-2026 09:47:03 Africa/Lagos] Script: /home/academixsuite/public_html/tenant/{school-slug}/admin/section-list.php
[12-Mar-2026 09:47:03 Africa/Lagos] School Slug: bitflux-wallet-1771434696
[12-Mar-2026 09:47:03 Africa/Lagos] School ID: 6
[12-Mar-2026 09:47:03 Africa/Lagos] School Name: bitflux wallet
[12-Mar-2026 09:47:03 Africa/Lagos] Authenticated User ID: 1
[12-Mar-2026 09:47:03 Africa/Lagos] Loading autoload from: /home/academixsuite/public_html/tenant/{school-slug}/admin/../../../includes/autoload.php
[12-Mar-2026 09:47:03 Africa/Lagos] Autoload loaded successfully
[12-Mar-2026 09:47:03 Africa/Lagos] Database class found
[12-Mar-2026 09:47:03 Africa/Lagos] GuardianManager loaded successfully
[12-Mar-2026 09:47:03 Africa/Lagos] Attempting to connect to database: school_6
[12-Mar-2026 09:47:03 Africa/Lagos] School database connection successful
[12-Mar-2026 09:47:03 Africa/Lagos] GuardianManager initialized for school ID: 6
[12-Mar-2026 09:47:03 Africa/Lagos] Fetched 0 sections successfully
[12-Mar-2026 09:47:03 Africa/Lagos] Error processing section action: SQLSTATE[42S22]: Column not found: 1054 Unknown column 'description' in 'INSERT INTO'
[12-Mar-2026 09:47:03 Africa/Lagos] === SECTION LIST PAGE END ===
[12-Mar-2026 09:47:03 Africa/Lagos] ROUTER END: Successfully served /home/academixsuite/public_html/tenant/{school-slug}/admin/section-list.php
[12-Mar-2026 10:28:20 Africa/Lagos] === SECTION LIST PAGE START ===
[12-Mar-2026 10:28:20 Africa/Lagos] Script: /home/academixsuite/public_html/tenant/{school-slug}/admin/section-list.php
[12-Mar-2026 10:28:20 Africa/Lagos] School Slug: bitflux-wallet-1771434696
[12-Mar-2026 10:28:20 Africa/Lagos] School ID: 6
[12-Mar-2026 10:28:20 Africa/Lagos] School Name: bitflux wallet
[12-Mar-2026 10:28:20 Africa/Lagos] Authenticated User ID: 1
[12-Mar-2026 10:28:20 Africa/Lagos] Loading autoload from: /home/academixsuite/public_html/tenant/{school-slug}/admin/../../../includes/autoload.php
[12-Mar-2026 10:28:20 Africa/Lagos] Autoload loaded successfully
[12-Mar-2026 10:28:20 Africa/Lagos] Database class found
[12-Mar-2026 10:28:20 Africa/Lagos] GuardianManager loaded successfully
[12-Mar-2026 10:28:20 Africa/Lagos] Attempting to connect to database: school_6
[12-Mar-2026 10:28:20 Africa/Lagos] School database connection successful
[12-Mar-2026 10:28:20 Africa/Lagos] GuardianManager initialized for school ID: 6
[12-Mar-2026 10:28:20 Africa/Lagos] Fetched 0 sections successfully
[12-Mar-2026 10:28:20 Africa/Lagos] === SECTION LIST PAGE END ===
[12-Mar-2026 10:28:20 Africa/Lagos] ROUTER END: Successfully served /home/academixsuite/public_html/tenant/{school-slug}/admin/section-list.php
[12-Mar-2026 10:38:57 Africa/Lagos] === SECTION LIST PAGE START ===
[12-Mar-2026 10:38:57 Africa/Lagos] Script: /home/academixsuite/public_html/tenant/{school-slug}/admin/section-list.php
[12-Mar-2026 10:38:57 Africa/Lagos] School Slug: bitflux-wallet-1771434696
[12-Mar-2026 10:38:57 Africa/Lagos] School ID: 6
[12-Mar-2026 10:38:57 Africa/Lagos] School Name: bitflux wallet
[12-Mar-2026 10:38:57 Africa/Lagos] Authenticated User ID: 1
[12-Mar-2026 10:38:57 Africa/Lagos] Loading autoload from: /home/academixsuite/public_html/tenant/{school-slug}/admin/../../../includes/autoload.php
[12-Mar-2026 10:38:57 Africa/Lagos] Autoload loaded successfully
[12-Mar-2026 10:38:57 Africa/Lagos] Database class found
[12-Mar-2026 10:38:57 Africa/Lagos] NotificationManager loaded successfully
[12-Mar-2026 10:38:57 Africa/Lagos] Attempting to connect to database: school_6
[12-Mar-2026 10:38:57 Africa/Lagos] School database connection successful
[12-Mar-2026 10:38:57 Africa/Lagos] Fetched 0 sections successfully
[12-Mar-2026 10:38:57 Africa/Lagos] === SECTION LIST PAGE END ===
[12-Mar-2026 10:38:57 Africa/Lagos] ROUTER END: Successfully served /home/academixsuite/public_html/tenant/{school-slug}/admin/section-list.php
[12-Mar-2026 10:40:14 Africa/Lagos] === SECTION LIST PAGE START ===
[12-Mar-2026 10:40:14 Africa/Lagos] Script: /home/academixsuite/public_html/tenant/{school-slug}/admin/section-list.php
[12-Mar-2026 10:40:14 Africa/Lagos] School Slug: bitflux-wallet-1771434696
[12-Mar-2026 10:40:14 Africa/Lagos] School ID: 6
[12-Mar-2026 10:40:14 Africa/Lagos] School Name: bitflux wallet
[12-Mar-2026 10:40:14 Africa/Lagos] Authenticated User ID: 1
[12-Mar-2026 10:40:14 Africa/Lagos] Loading autoload from: /home/academixsuite/public_html/tenant/{school-slug}/admin/../../../includes/autoload.php
[12-Mar-2026 10:40:14 Africa/Lagos] Autoload loaded successfully
[12-Mar-2026 10:40:14 Africa/Lagos] Database class found
[12-Mar-2026 10:40:14 Africa/Lagos] NotificationManager loaded successfully
[12-Mar-2026 10:40:14 Africa/Lagos] Attempting to connect to database: school_6
[12-Mar-2026 10:40:14 Africa/Lagos] School database connection successful
[12-Mar-2026 10:40:14 Africa/Lagos] Fetched 0 sections successfully
[12-Mar-2026 10:40:14 Africa/Lagos] Error processing section action: SQLSTATE[42S22]: Column not found: 1054 Unknown column 'description' in 'INSERT INTO'
[12-Mar-2026 10:40:14 Africa/Lagos] === SECTION LIST PAGE END ===
[12-Mar-2026 10:40:14 Africa/Lagos] ROUTER END: Successfully served /home/academixsuite/public_html/tenant/{school-slug}/admin/section-list.php
[12-Mar-2026 10:47:57 Africa/Lagos] === SECTION LIST PAGE START ===
[12-Mar-2026 10:47:57 Africa/Lagos] Script: /home/academixsuite/public_html/tenant/{school-slug}/admin/section-list.php
[12-Mar-2026 10:47:57 Africa/Lagos] School Slug: bitflux-wallet-1771434696
[12-Mar-2026 10:47:57 Africa/Lagos] School ID: 6
[12-Mar-2026 10:47:57 Africa/Lagos] School Name: bitflux wallet
[12-Mar-2026 10:47:57 Africa/Lagos] Authenticated User ID: 1
[12-Mar-2026 10:47:57 Africa/Lagos] Loading autoload from: /home/academixsuite/public_html/tenant/{school-slug}/admin/../../../includes/autoload.php
[12-Mar-2026 10:47:57 Africa/Lagos] Autoload loaded successfully
[12-Mar-2026 10:47:57 Africa/Lagos] Database class found
[12-Mar-2026 10:47:57 Africa/Lagos] NotificationManager loaded successfully
[12-Mar-2026 10:47:57 Africa/Lagos] Attempting to connect to database: school_6
[12-Mar-2026 10:47:57 Africa/Lagos] School database connection successful
[12-Mar-2026 10:47:57 Africa/Lagos] Fetched 0 sections successfully
[12-Mar-2026 10:47:57 Africa/Lagos] Error processing section action: SQLSTATE[HY093]: Invalid parameter number
[12-Mar-2026 10:47:57 Africa/Lagos] === SECTION LIST PAGE END ===
[12-Mar-2026 10:47:57 Africa/Lagos] ROUTER END: Successfully served /home/academixsuite/public_html/tenant/{school-slug}/admin/section-list.php
[12-Mar-2026 10:48:18 Africa/Lagos] === SECTION LIST PAGE START ===
[12-Mar-2026 10:48:18 Africa/Lagos] Script: /home/academixsuite/public_html/tenant/{school-slug}/admin/section-list.php
[12-Mar-2026 10:48:18 Africa/Lagos] School Slug: bitflux-wallet-1771434696
[12-Mar-2026 10:48:18 Africa/Lagos] School ID: 6
[12-Mar-2026 10:48:18 Africa/Lagos] School Name: bitflux wallet
[12-Mar-2026 10:48:18 Africa/Lagos] Authenticated User ID: 1
[12-Mar-2026 10:48:18 Africa/Lagos] Loading autoload from: /home/academixsuite/public_html/tenant/{school-slug}/admin/../../../includes/autoload.php
[12-Mar-2026 10:48:18 Africa/Lagos] Autoload loaded successfully
[12-Mar-2026 10:48:18 Africa/Lagos] Database class found
[12-Mar-2026 10:48:18 Africa/Lagos] NotificationManager loaded successfully
[12-Mar-2026 10:48:18 Africa/Lagos] Attempting to connect to database: school_6
[12-Mar-2026 10:48:18 Africa/Lagos] School database connection successful
[12-Mar-2026 10:48:18 Africa/Lagos] Fetched 5 sections successfully
[12-Mar-2026 10:48:18 Africa/Lagos] === SECTION LIST PAGE END ===
[12-Mar-2026 10:48:18 Africa/Lagos] ROUTER END: Successfully served /home/academixsuite/public_html/tenant/{school-slug}/admin/section-list.php
[12-Mar-2026 10:48:48 Africa/Lagos] === SECTION LIST PAGE START ===
[12-Mar-2026 10:48:48 Africa/Lagos] Script: /home/academixsuite/public_html/tenant/{school-slug}/admin/section-list.php
[12-Mar-2026 10:48:48 Africa/Lagos] School Slug: bitflux-wallet-1771434696
[12-Mar-2026 10:48:48 Africa/Lagos] School ID: 6
[12-Mar-2026 10:48:48 Africa/Lagos] School Name: bitflux wallet
[12-Mar-2026 10:48:48 Africa/Lagos] Authenticated User ID: 1
[12-Mar-2026 10:48:48 Africa/Lagos] Loading autoload from: /home/academixsuite/public_html/tenant/{school-slug}/admin/../../../includes/autoload.php
[12-Mar-2026 10:48:48 Africa/Lagos] Autoload loaded successfully
[12-Mar-2026 10:48:48 Africa/Lagos] Database class found
[12-Mar-2026 10:48:48 Africa/Lagos] NotificationManager loaded successfully
[12-Mar-2026 10:48:48 Africa/Lagos] Attempting to connect to database: school_6
[12-Mar-2026 10:48:48 Africa/Lagos] School database connection successful
[12-Mar-2026 10:48:48 Africa/Lagos] Fetched 1 sections successfully
[12-Mar-2026 10:48:48 Africa/Lagos] === SECTION LIST PAGE END ===
[12-Mar-2026 10:48:48 Africa/Lagos] ROUTER END: Successfully served /home/academixsuite/public_html/tenant/{school-slug}/admin/section-list.php
[12-Mar-2026 10:53:16 Africa/Lagos] === SECTION LIST PAGE START ===
[12-Mar-2026 10:53:16 Africa/Lagos] Script: /home/academixsuite/public_html/tenant/{school-slug}/admin/section-list.php
[12-Mar-2026 10:53:16 Africa/Lagos] School Slug: bitflux-wallet-1771434696
[12-Mar-2026 10:53:16 Africa/Lagos] School ID: 6
[12-Mar-2026 10:53:16 Africa/Lagos] School Name: bitflux wallet
[12-Mar-2026 10:53:16 Africa/Lagos] Authenticated User ID: 1
[12-Mar-2026 10:53:16 Africa/Lagos] Loading autoload from: /home/academixsuite/public_html/tenant/{school-slug}/admin/../../../includes/autoload.php
[12-Mar-2026 10:53:16 Africa/Lagos] Autoload loaded successfully
[12-Mar-2026 10:53:16 Africa/Lagos] Database class found
[12-Mar-2026 10:53:16 Africa/Lagos] NotificationManager loaded successfully
[12-Mar-2026 10:53:16 Africa/Lagos] Attempting to connect to database: school_6
[12-Mar-2026 10:53:16 Africa/Lagos] School database connection successful
[12-Mar-2026 10:53:16 Africa/Lagos] Fetched 1 sections successfully
[12-Mar-2026 10:53:16 Africa/Lagos] === SECTION LIST PAGE END ===
[12-Mar-2026 10:53:16 Africa/Lagos] ROUTER END: Successfully served /home/academixsuite/public_html/tenant/{school-slug}/admin/section-list.php
[12-Mar-2026 10:53:33 Africa/Lagos] === SECTION LIST PAGE START ===
[12-Mar-2026 10:53:33 Africa/Lagos] Script: /home/academixsuite/public_html/tenant/{school-slug}/admin/section-list.php
[12-Mar-2026 10:53:33 Africa/Lagos] School Slug: bitflux-wallet-1771434696
[12-Mar-2026 10:53:33 Africa/Lagos] School ID: 6
[12-Mar-2026 10:53:33 Africa/Lagos] School Name: bitflux wallet
[12-Mar-2026 10:53:33 Africa/Lagos] Authenticated User ID: 1
[12-Mar-2026 10:53:33 Africa/Lagos] Loading autoload from: /home/academixsuite/public_html/tenant/{school-slug}/admin/../../../includes/autoload.php
[12-Mar-2026 10:53:33 Africa/Lagos] Autoload loaded successfully
[12-Mar-2026 10:53:33 Africa/Lagos] Database class found
[12-Mar-2026 10:53:33 Africa/Lagos] NotificationManager loaded successfully
[12-Mar-2026 10:53:33 Africa/Lagos] Attempting to connect to database: school_6
[12-Mar-2026 10:53:33 Africa/Lagos] School database connection successful
[12-Mar-2026 10:53:33 Africa/Lagos] Fetched 0 sections successfully
[12-Mar-2026 10:53:33 Africa/Lagos] === SECTION LIST PAGE END ===
[12-Mar-2026 10:53:33 Africa/Lagos] ROUTER END: Successfully served /home/academixsuite/public_html/tenant/{school-slug}/admin/section-list.php
[12-Mar-2026 10:53:39 Africa/Lagos] === SECTION LIST PAGE START ===
[12-Mar-2026 10:53:39 Africa/Lagos] Script: /home/academixsuite/public_html/tenant/{school-slug}/admin/section-list.php
[12-Mar-2026 10:53:39 Africa/Lagos] School Slug: bitflux-wallet-1771434696
[12-Mar-2026 10:53:39 Africa/Lagos] School ID: 6
[12-Mar-2026 10:53:39 Africa/Lagos] School Name: bitflux wallet
[12-Mar-2026 10:53:39 Africa/Lagos] Authenticated User ID: 1
[12-Mar-2026 10:53:39 Africa/Lagos] Loading autoload from: /home/academixsuite/public_html/tenant/{school-slug}/admin/../../../includes/autoload.php
[12-Mar-2026 10:53:39 Africa/Lagos] Autoload loaded successfully
[12-Mar-2026 10:53:39 Africa/Lagos] Database class found
[12-Mar-2026 10:53:39 Africa/Lagos] NotificationManager loaded successfully
[12-Mar-2026 10:53:39 Africa/Lagos] Attempting to connect to database: school_6
[12-Mar-2026 10:53:39 Africa/Lagos] School database connection successful
[12-Mar-2026 10:53:39 Africa/Lagos] Fetched 1 sections successfully
[12-Mar-2026 10:53:39 Africa/Lagos] === SECTION LIST PAGE END ===
[12-Mar-2026 10:53:39 Africa/Lagos] ROUTER END: Successfully served /home/academixsuite/public_html/tenant/{school-slug}/admin/section-list.php
[12-Mar-2026 10:53:42 Africa/Lagos] === SECTION LIST PAGE START ===
[12-Mar-2026 10:53:42 Africa/Lagos] Script: /home/academixsuite/public_html/tenant/{school-slug}/admin/section-list.php
[12-Mar-2026 10:53:42 Africa/Lagos] School Slug: bitflux-wallet-1771434696
[12-Mar-2026 10:53:42 Africa/Lagos] School ID: 6
[12-Mar-2026 10:53:42 Africa/Lagos] School Name: bitflux wallet
[12-Mar-2026 10:53:42 Africa/Lagos] Authenticated User ID: 1
[12-Mar-2026 10:53:42 Africa/Lagos] Loading autoload from: /home/academixsuite/public_html/tenant/{school-slug}/admin/../../../includes/autoload.php
[12-Mar-2026 10:53:42 Africa/Lagos] Autoload loaded successfully
[12-Mar-2026 10:53:42 Africa/Lagos] Database class found
[12-Mar-2026 10:53:42 Africa/Lagos] NotificationManager loaded successfully
[12-Mar-2026 10:53:42 Africa/Lagos] Attempting to connect to database: school_6
[12-Mar-2026 10:53:42 Africa/Lagos] School database connection successful
[12-Mar-2026 10:53:42 Africa/Lagos] Fetched 1 sections successfully
[12-Mar-2026 10:53:42 Africa/Lagos] === SECTION LIST PAGE END ===
[12-Mar-2026 10:53:42 Africa/Lagos] ROUTER END: Successfully served /home/academixsuite/public_html/tenant/{school-slug}/admin/section-list.php
[12-Mar-2026 10:56:02 Africa/Lagos] === SECTION LIST PAGE START ===
[12-Mar-2026 10:56:02 Africa/Lagos] Script: /home/academixsuite/public_html/tenant/{school-slug}/admin/section-list.php
[12-Mar-2026 10:56:02 Africa/Lagos] School Slug: bitflux-wallet-1771434696
[12-Mar-2026 10:56:02 Africa/Lagos] School ID: 6
[12-Mar-2026 10:56:02 Africa/Lagos] School Name: bitflux wallet
[12-Mar-2026 10:56:02 Africa/Lagos] Authenticated User ID: 1
[12-Mar-2026 10:56:02 Africa/Lagos] Loading autoload from: /home/academixsuite/public_html/tenant/{school-slug}/admin/../../../includes/autoload.php
[12-Mar-2026 10:56:02 Africa/Lagos] Autoload loaded successfully
[12-Mar-2026 10:56:02 Africa/Lagos] Database class found
[12-Mar-2026 10:56:02 Africa/Lagos] NotificationManager loaded successfully
[12-Mar-2026 10:56:02 Africa/Lagos] Attempting to connect to database: school_6
[12-Mar-2026 10:56:02 Africa/Lagos] School database connection successful
[12-Mar-2026 10:56:02 Africa/Lagos] Fetched 1 sections successfully
[12-Mar-2026 10:56:02 Africa/Lagos] === SECTION LIST PAGE END ===
[12-Mar-2026 10:56:02 Africa/Lagos] ROUTER END: Successfully served /home/academixsuite/public_html/tenant/{school-slug}/admin/section-list.php
[12-Mar-2026 10:56:34 Africa/Lagos] === SECTION LIST PAGE START ===
[12-Mar-2026 10:56:34 Africa/Lagos] Script: /home/academixsuite/public_html/tenant/{school-slug}/admin/section-list.php
[12-Mar-2026 10:56:34 Africa/Lagos] School Slug: bitflux-wallet-1771434696
[12-Mar-2026 10:56:34 Africa/Lagos] School ID: 6
[12-Mar-2026 10:56:34 Africa/Lagos] School Name: bitflux wallet
[12-Mar-2026 10:56:34 Africa/Lagos] Authenticated User ID: 1
[12-Mar-2026 10:56:34 Africa/Lagos] Loading autoload from: /home/academixsuite/public_html/tenant/{school-slug}/admin/../../../includes/autoload.php
[12-Mar-2026 10:56:34 Africa/Lagos] Autoload loaded successfully
[12-Mar-2026 10:56:34 Africa/Lagos] Database class found
[12-Mar-2026 10:56:34 Africa/Lagos] NotificationManager loaded successfully
[12-Mar-2026 10:56:34 Africa/Lagos] Attempting to connect to database: school_6
[12-Mar-2026 10:56:34 Africa/Lagos] School database connection successful
[12-Mar-2026 10:56:34 Africa/Lagos] Fetched 1 sections successfully
[12-Mar-2026 10:56:34 Africa/Lagos] === SECTION LIST PAGE END ===
[12-Mar-2026 10:56:34 Africa/Lagos] ROUTER END: Successfully served /home/academixsuite/public_html/tenant/{school-slug}/admin/section-list.php
[12-Mar-2026 10:57:10 Africa/Lagos] === SECTION LIST PAGE START ===
[12-Mar-2026 10:57:10 Africa/Lagos] Script: /home/academixsuite/public_html/tenant/{school-slug}/admin/section-list.php
[12-Mar-2026 10:57:10 Africa/Lagos] School Slug: bitflux-wallet-1771434696
[12-Mar-2026 10:57:10 Africa/Lagos] School ID: 6
[12-Mar-2026 10:57:10 Africa/Lagos] School Name: bitflux wallet
[12-Mar-2026 10:57:10 Africa/Lagos] Authenticated User ID: 1
[12-Mar-2026 10:57:10 Africa/Lagos] Loading autoload from: /home/academixsuite/public_html/tenant/{school-slug}/admin/../../../includes/autoload.php
[12-Mar-2026 10:57:10 Africa/Lagos] Autoload loaded successfully
[12-Mar-2026 10:57:10 Africa/Lagos] Database class found
[12-Mar-2026 10:57:10 Africa/Lagos] NotificationManager loaded successfully
[12-Mar-2026 10:57:10 Africa/Lagos] Attempting to connect to database: school_6
[12-Mar-2026 10:57:10 Africa/Lagos] School database connection successful
[12-Mar-2026 10:57:10 Africa/Lagos] Fetched 1 sections successfully
[12-Mar-2026 10:57:10 Africa/Lagos] Error processing section action: SQLSTATE[HY093]: Invalid parameter number
[12-Mar-2026 10:57:10 Africa/Lagos] === SECTION LIST PAGE END ===
[12-Mar-2026 10:57:10 Africa/Lagos] ROUTER END: Successfully served /home/academixsuite/public_html/tenant/{school-slug}/admin/section-list.php
[12-Mar-2026 10:57:21 Africa/Lagos] === SECTION LIST PAGE START ===
[12-Mar-2026 10:57:21 Africa/Lagos] Script: /home/academixsuite/public_html/tenant/{school-slug}/admin/section-list.php
[12-Mar-2026 10:57:21 Africa/Lagos] School Slug: bitflux-wallet-1771434696
[12-Mar-2026 10:57:21 Africa/Lagos] School ID: 6
[12-Mar-2026 10:57:21 Africa/Lagos] School Name: bitflux wallet
[12-Mar-2026 10:57:21 Africa/Lagos] Authenticated User ID: 1
[12-Mar-2026 10:57:21 Africa/Lagos] Loading autoload from: /home/academixsuite/public_html/tenant/{school-slug}/admin/../../../includes/autoload.php
[12-Mar-2026 10:57:21 Africa/Lagos] Autoload loaded successfully
[12-Mar-2026 10:57:21 Africa/Lagos] Database class found
[12-Mar-2026 10:57:21 Africa/Lagos] NotificationManager loaded successfully
[12-Mar-2026 10:57:21 Africa/Lagos] Attempting to connect to database: school_6
[12-Mar-2026 10:57:21 Africa/Lagos] School database connection successful
[12-Mar-2026 10:57:21 Africa/Lagos] Fetched 2 sections successfully
[12-Mar-2026 10:57:21 Africa/Lagos] Error processing section action: Section code already exists for this class
[12-Mar-2026 10:57:21 Africa/Lagos] === SECTION LIST PAGE END ===
[12-Mar-2026 10:57:21 Africa/Lagos] ROUTER END: Successfully served /home/academixsuite/public_html/tenant/{school-slug}/admin/section-list.php
[12-Mar-2026 10:57:46 Africa/Lagos] === SECTION LIST PAGE START ===
[12-Mar-2026 10:57:46 Africa/Lagos] Script: /home/academixsuite/public_html/tenant/{school-slug}/admin/section-list.php
[12-Mar-2026 10:57:46 Africa/Lagos] School Slug: bitflux-wallet-1771434696
[12-Mar-2026 10:57:46 Africa/Lagos] School ID: 6
[12-Mar-2026 10:57:46 Africa/Lagos] School Name: bitflux wallet
[12-Mar-2026 10:57:46 Africa/Lagos] Authenticated User ID: 1
[12-Mar-2026 10:57:46 Africa/Lagos] Loading autoload from: /home/academixsuite/public_html/tenant/{school-slug}/admin/../../../includes/autoload.php
[12-Mar-2026 10:57:46 Africa/Lagos] Autoload loaded successfully
[12-Mar-2026 10:57:46 Africa/Lagos] Database class found
[12-Mar-2026 10:57:46 Africa/Lagos] NotificationManager loaded successfully
[12-Mar-2026 10:57:46 Africa/Lagos] Attempting to connect to database: school_6
[12-Mar-2026 10:57:46 Africa/Lagos] School database connection successful
[12-Mar-2026 10:57:46 Africa/Lagos] Fetched 2 sections successfully
[12-Mar-2026 10:57:46 Africa/Lagos] Error processing section action: SQLSTATE[42S22]: Column not found: 1054 Unknown column 'updated_at' in 'SET'
[12-Mar-2026 10:57:46 Africa/Lagos] === SECTION LIST PAGE END ===
[12-Mar-2026 10:57:46 Africa/Lagos] ROUTER END: Successfully served /home/academixsuite/public_html/tenant/{school-slug}/admin/section-list.php
[12-Mar-2026 10:57:53 Africa/Lagos] === SECTION LIST PAGE START ===
[12-Mar-2026 10:57:53 Africa/Lagos] Script: /home/academixsuite/public_html/tenant/{school-slug}/admin/section-list.php
[12-Mar-2026 10:57:53 Africa/Lagos] School Slug: bitflux-wallet-1771434696
[12-Mar-2026 10:57:53 Africa/Lagos] School ID: 6
[12-Mar-2026 10:57:53 Africa/Lagos] School Name: bitflux wallet
[12-Mar-2026 10:57:53 Africa/Lagos] Authenticated User ID: 1
[12-Mar-2026 10:57:53 Africa/Lagos] Loading autoload from: /home/academixsuite/public_html/tenant/{school-slug}/admin/../../../includes/autoload.php
[12-Mar-2026 10:57:53 Africa/Lagos] Autoload loaded successfully
[12-Mar-2026 10:57:53 Africa/Lagos] Database class found
[12-Mar-2026 10:57:53 Africa/Lagos] NotificationManager loaded successfully
[12-Mar-2026 10:57:53 Africa/Lagos] Attempting to connect to database: school_6
[12-Mar-2026 10:57:53 Africa/Lagos] School database connection successful
[12-Mar-2026 10:57:53 Africa/Lagos] Fetched 2 sections successfully
[12-Mar-2026 10:57:53 Africa/Lagos] Error processing section action: SQLSTATE[42S22]: Column not found: 1054 Unknown column 'updated_at' in 'SET'
[12-Mar-2026 10:57:53 Africa/Lagos] === SECTION LIST PAGE END ===
[12-Mar-2026 10:57:53 Africa/Lagos] ROUTER END: Successfully served /home/academixsuite/public_html/tenant/{school-slug}/admin/section-list.php
[12-Mar-2026 10:58:06 Africa/Lagos] === SECTION LIST PAGE START ===
[12-Mar-2026 10:58:06 Africa/Lagos] Script: /home/academixsuite/public_html/tenant/{school-slug}/admin/section-list.php
[12-Mar-2026 10:58:06 Africa/Lagos] School Slug: bitflux-wallet-1771434696
[12-Mar-2026 10:58:06 Africa/Lagos] School ID: 6
[12-Mar-2026 10:58:06 Africa/Lagos] School Name: bitflux wallet
[12-Mar-2026 10:58:06 Africa/Lagos] Authenticated User ID: 1
[12-Mar-2026 10:58:06 Africa/Lagos] Loading autoload from: /home/academixsuite/public_html/tenant/{school-slug}/admin/../../../includes/autoload.php
[12-Mar-2026 10:58:06 Africa/Lagos] Autoload loaded successfully
[12-Mar-2026 10:58:06 Africa/Lagos] Database class found
[12-Mar-2026 10:58:06 Africa/Lagos] NotificationManager loaded successfully
[12-Mar-2026 10:58:06 Africa/Lagos] Attempting to connect to database: school_6
[12-Mar-2026 10:58:06 Africa/Lagos] School database connection successful
[12-Mar-2026 10:58:06 Africa/Lagos] Fetched 2 sections successfully
[12-Mar-2026 10:58:06 Africa/Lagos] === SECTION LIST PAGE END ===
[12-Mar-2026 10:58:06 Africa/Lagos] ROUTER END: Successfully served /home/academixsuite/public_html/tenant/{school-slug}/admin/section-list.php
[12-Mar-2026 11:47:39 Africa/Lagos] === SECTION LIST PAGE START ===
[12-Mar-2026 11:47:39 Africa/Lagos] Script: /home/academixsuite/public_html/tenant/{school-slug}/admin/section-list.php
[12-Mar-2026 11:47:39 Africa/Lagos] School Slug: bitflux-wallet-1771434696
[12-Mar-2026 11:47:39 Africa/Lagos] School ID: 6
[12-Mar-2026 11:47:39 Africa/Lagos] School Name: bitflux wallet
[12-Mar-2026 11:47:39 Africa/Lagos] Authenticated User ID: 1
[12-Mar-2026 11:47:39 Africa/Lagos] Loading autoload from: /home/academixsuite/public_html/tenant/{school-slug}/admin/../../../includes/autoload.php
[12-Mar-2026 11:47:39 Africa/Lagos] Autoload loaded successfully
[12-Mar-2026 11:47:39 Africa/Lagos] Database class found
[12-Mar-2026 11:47:39 Africa/Lagos] NotificationManager loaded successfully
[12-Mar-2026 11:47:39 Africa/Lagos] Attempting to connect to database: school_6
[12-Mar-2026 11:47:39 Africa/Lagos] School database connection successful
[12-Mar-2026 11:47:39 Africa/Lagos] Fetched 1 sections successfully
[12-Mar-2026 11:47:39 Africa/Lagos] === SECTION LIST PAGE END ===
[12-Mar-2026 11:47:39 Africa/Lagos] ROUTER END: Successfully served /home/academixsuite/public_html/tenant/{school-slug}/admin/section-list.php
[12-Mar-2026 13:17:04 Africa/Lagos] === SECTION LIST PAGE START ===
[12-Mar-2026 13:17:04 Africa/Lagos] Script: /home/academixsuite/public_html/tenant/{school-slug}/admin/section-list.php
[12-Mar-2026 13:17:04 Africa/Lagos] School Slug: bitflux-wallet-1771434696
[12-Mar-2026 13:17:04 Africa/Lagos] School ID: 6
[12-Mar-2026 13:17:04 Africa/Lagos] School Name: bitflux wallet
[12-Mar-2026 13:17:04 Africa/Lagos] Authenticated User ID: 1
[12-Mar-2026 13:17:04 Africa/Lagos] Loading autoload from: /home/academixsuite/public_html/tenant/{school-slug}/admin/../../../includes/autoload.php
[12-Mar-2026 13:17:04 Africa/Lagos] Autoload loaded successfully
[12-Mar-2026 13:17:04 Africa/Lagos] Database class found
[12-Mar-2026 13:17:04 Africa/Lagos] NotificationManager loaded successfully
[12-Mar-2026 13:17:04 Africa/Lagos] Attempting to connect to database: school_6
[12-Mar-2026 13:17:04 Africa/Lagos] School database connection successful
[12-Mar-2026 13:17:04 Africa/Lagos] Fetched 1 sections successfully
[12-Mar-2026 13:17:04 Africa/Lagos] === SECTION LIST PAGE END ===
[12-Mar-2026 13:17:04 Africa/Lagos] ROUTER END: Successfully served /home/academixsuite/public_html/tenant/{school-slug}/admin/section-list.php
[12-Mar-2026 13:17:33 Africa/Lagos] === SECTION LIST PAGE START ===
[12-Mar-2026 13:17:33 Africa/Lagos] Script: /home/academixsuite/public_html/tenant/{school-slug}/admin/section-list.php
[12-Mar-2026 13:17:33 Africa/Lagos] School Slug: bitflux-wallet-1771434696
[12-Mar-2026 13:17:33 Africa/Lagos] School ID: 6
[12-Mar-2026 13:17:33 Africa/Lagos] School Name: bitflux wallet
[12-Mar-2026 13:17:33 Africa/Lagos] Authenticated User ID: 1
[12-Mar-2026 13:17:33 Africa/Lagos] Loading autoload from: /home/academixsuite/public_html/tenant/{school-slug}/admin/../../../includes/autoload.php
[12-Mar-2026 13:17:33 Africa/Lagos] Autoload loaded successfully
[12-Mar-2026 13:17:33 Africa/Lagos] Database class found
[12-Mar-2026 13:17:33 Africa/Lagos] NotificationManager loaded successfully
[12-Mar-2026 13:17:33 Africa/Lagos] Attempting to connect to database: school_6
[12-Mar-2026 13:17:33 Africa/Lagos] School database connection successful
[12-Mar-2026 13:17:33 Africa/Lagos] Fetched 1 sections successfully
[12-Mar-2026 13:17:33 Africa/Lagos] === SECTION LIST PAGE END ===
[12-Mar-2026 13:17:33 Africa/Lagos] ROUTER END: Successfully served /home/academixsuite/public_html/tenant/{school-slug}/admin/section-list.php
[13-Mar-2026 07:37:10 Africa/Lagos] === SECTION LIST PAGE START ===
[13-Mar-2026 07:37:10 Africa/Lagos] Script: /home/academixsuite/public_html/tenant/{school-slug}/admin/section-list.php
[13-Mar-2026 07:37:10 Africa/Lagos] School Slug: bitflux-wallet-1771434696
[13-Mar-2026 07:37:10 Africa/Lagos] School ID: 6
[13-Mar-2026 07:37:10 Africa/Lagos] School Name: bitflux wallet
[13-Mar-2026 07:37:10 Africa/Lagos] Authenticated User ID: 1
[13-Mar-2026 07:37:10 Africa/Lagos] Loading autoload from: /home/academixsuite/public_html/tenant/{school-slug}/admin/../../../includes/autoload.php
[13-Mar-2026 07:37:10 Africa/Lagos] Autoload loaded successfully
[13-Mar-2026 07:37:10 Africa/Lagos] Database class found
[13-Mar-2026 07:37:10 Africa/Lagos] NotificationManager loaded successfully
[13-Mar-2026 07:37:10 Africa/Lagos] Attempting to connect to database: school_6
[13-Mar-2026 07:37:10 Africa/Lagos] School database connection successful
[13-Mar-2026 07:37:10 Africa/Lagos] Fetched 6 sections successfully
[13-Mar-2026 07:37:10 Africa/Lagos] === SECTION LIST PAGE END ===
[13-Mar-2026 07:37:10 Africa/Lagos] ROUTER END: Successfully served /home/academixsuite/public_html/tenant/{school-slug}/admin/section-list.php
[13-Mar-2026 07:38:07 Africa/Lagos] === SECTION LIST PAGE START ===
[13-Mar-2026 07:38:07 Africa/Lagos] Script: /home/academixsuite/public_html/tenant/{school-slug}/admin/section-list.php
[13-Mar-2026 07:38:07 Africa/Lagos] School Slug: bitflux-wallet-1771434696
[13-Mar-2026 07:38:07 Africa/Lagos] School ID: 6
[13-Mar-2026 07:38:07 Africa/Lagos] School Name: bitflux wallet
[13-Mar-2026 07:38:07 Africa/Lagos] Authenticated User ID: 1
[13-Mar-2026 07:38:07 Africa/Lagos] Loading autoload from: /home/academixsuite/public_html/tenant/{school-slug}/admin/../../../includes/autoload.php
[13-Mar-2026 07:38:07 Africa/Lagos] Autoload loaded successfully
[13-Mar-2026 07:38:07 Africa/Lagos] Database class found
[13-Mar-2026 07:38:07 Africa/Lagos] NotificationManager loaded successfully
[13-Mar-2026 07:38:07 Africa/Lagos] Attempting to connect to database: school_6
[13-Mar-2026 07:38:07 Africa/Lagos] School database connection successful
[13-Mar-2026 07:38:07 Africa/Lagos] Fetched 6 sections successfully
[13-Mar-2026 07:38:07 Africa/Lagos] Error processing section action: SQLSTATE[42S22]: Column not found: 1054 Unknown column 'updated_at' in 'SET'
[13-Mar-2026 07:38:07 Africa/Lagos] === SECTION LIST PAGE END ===
[13-Mar-2026 07:38:07 Africa/Lagos] ROUTER END: Successfully served /home/academixsuite/public_html/tenant/{school-slug}/admin/section-list.php
