[12-Mar-2026 10:59:58 Africa/Lagos] === ASSIGN SUBJECTS PAGE START ===
[12-Mar-2026 10:59:58 Africa/Lagos] Script: /home/academixsuite/public_html/tenant/{school-slug}/admin/assign-subjects.php
[12-Mar-2026 10:59:58 Africa/Lagos] School Slug: bitflux-wallet-1771434696
[12-Mar-2026 10:59:58 Africa/Lagos] School ID: 6
[12-Mar-2026 10:59:58 Africa/Lagos] School Name: bitflux wallet
[12-Mar-2026 10:59:58 Africa/Lagos] Authenticated User ID: 1
[12-Mar-2026 10:59:58 Africa/Lagos] Loading autoload from: /home/academixsuite/public_html/tenant/{school-slug}/admin/../../../includes/autoload.php
[12-Mar-2026 10:59:58 Africa/Lagos] Autoload loaded successfully
[12-Mar-2026 10:59:58 Africa/Lagos] Database class found
[12-Mar-2026 10:59:58 Africa/Lagos] NotificationManager loaded successfully
[12-Mar-2026 10:59:58 Africa/Lagos] Attempting to connect to database: school_6
[12-Mar-2026 10:59:58 Africa/Lagos] School database connection successful
[12-Mar-2026 10:59:58 Africa/Lagos] === ASSIGN SUBJECTS PAGE END ===
[12-Mar-2026 10:59:58 Africa/Lagos] ROUTER END: Successfully served /home/academixsuite/public_html/tenant/{school-slug}/admin/assign-subjects.php
[12-Mar-2026 11:00:25 Africa/Lagos] === ASSIGN SUBJECTS PAGE START ===
[12-Mar-2026 11:00:25 Africa/Lagos] Script: /home/academixsuite/public_html/tenant/{school-slug}/admin/assign-subjects.php
[12-Mar-2026 11:00:25 Africa/Lagos] School Slug: bitflux-wallet-1771434696
[12-Mar-2026 11:00:25 Africa/Lagos] School ID: 6
[12-Mar-2026 11:00:25 Africa/Lagos] School Name: bitflux wallet
[12-Mar-2026 11:00:25 Africa/Lagos] Authenticated User ID: 1
[12-Mar-2026 11:00:25 Africa/Lagos] Loading autoload from: /home/academixsuite/public_html/tenant/{school-slug}/admin/../../../includes/autoload.php
[12-Mar-2026 11:00:25 Africa/Lagos] Autoload loaded successfully
[12-Mar-2026 11:00:25 Africa/Lagos] Database class found
[12-Mar-2026 11:00:25 Africa/Lagos] NotificationManager loaded successfully
[12-Mar-2026 11:00:25 Africa/Lagos] Attempting to connect to database: school_6
[12-Mar-2026 11:00:25 Africa/Lagos] School database connection successful
[12-Mar-2026 11:00:25 Africa/Lagos] === ASSIGN SUBJECTS PAGE END ===
[12-Mar-2026 11:00:25 Africa/Lagos] ROUTER END: Successfully served /home/academixsuite/public_html/tenant/{school-slug}/admin/assign-subjects.php
[12-Mar-2026 11:00:42 Africa/Lagos] === ASSIGN SUBJECTS PAGE START ===
[12-Mar-2026 11:00:42 Africa/Lagos] Script: /home/academixsuite/public_html/tenant/{school-slug}/admin/assign-subjects.php
[12-Mar-2026 11:00:42 Africa/Lagos] School Slug: bitflux-wallet-1771434696
[12-Mar-2026 11:00:42 Africa/Lagos] School ID: 6
[12-Mar-2026 11:00:42 Africa/Lagos] School Name: bitflux wallet
[12-Mar-2026 11:00:42 Africa/Lagos] Authenticated User ID: 1
[12-Mar-2026 11:00:42 Africa/Lagos] Loading autoload from: /home/academixsuite/public_html/tenant/{school-slug}/admin/../../../includes/autoload.php
[12-Mar-2026 11:00:42 Africa/Lagos] Autoload loaded successfully
[12-Mar-2026 11:00:42 Africa/Lagos] Database class found
[12-Mar-2026 11:00:42 Africa/Lagos] NotificationManager loaded successfully
[12-Mar-2026 11:00:42 Africa/Lagos] Attempting to connect to database: school_6
[12-Mar-2026 11:00:42 Africa/Lagos] School database connection successful
[12-Mar-2026 11:00:42 Africa/Lagos] === ASSIGN SUBJECTS PAGE END ===
[12-Mar-2026 11:00:42 Africa/Lagos] ROUTER END: Successfully served /home/academixsuite/public_html/tenant/{school-slug}/admin/assign-subjects.php
[12-Mar-2026 11:02:17 Africa/Lagos] === ASSIGN SUBJECTS PAGE START ===
[12-Mar-2026 11:02:17 Africa/Lagos] Script: /home/academixsuite/public_html/tenant/{school-slug}/admin/assign-subjects.php
[12-Mar-2026 11:02:17 Africa/Lagos] School Slug: bitflux-wallet-1771434696
[12-Mar-2026 11:02:17 Africa/Lagos] School ID: 6
[12-Mar-2026 11:02:17 Africa/Lagos] School Name: bitflux wallet
[12-Mar-2026 11:02:17 Africa/Lagos] Authenticated User ID: 1
[12-Mar-2026 11:02:17 Africa/Lagos] Loading autoload from: /home/academixsuite/public_html/tenant/{school-slug}/admin/../../../includes/autoload.php
[12-Mar-2026 11:02:17 Africa/Lagos] Autoload loaded successfully
[12-Mar-2026 11:02:17 Africa/Lagos] Database class found
[12-Mar-2026 11:02:17 Africa/Lagos] NotificationManager loaded successfully
[12-Mar-2026 11:02:17 Africa/Lagos] Attempting to connect to database: school_6
[12-Mar-2026 11:02:17 Africa/Lagos] School database connection successful
[12-Mar-2026 11:02:17 Africa/Lagos] === ASSIGN SUBJECTS PAGE END ===
[12-Mar-2026 11:02:17 Africa/Lagos] ROUTER END: Successfully served /home/academixsuite/public_html/tenant/{school-slug}/admin/assign-subjects.php
[12-Mar-2026 11:02:39 Africa/Lagos] === ASSIGN SUBJECTS PAGE START ===
[12-Mar-2026 11:02:39 Africa/Lagos] Script: /home/academixsuite/public_html/tenant/{school-slug}/admin/assign-subjects.php
[12-Mar-2026 11:02:39 Africa/Lagos] School Slug: bitflux-wallet-1771434696
[12-Mar-2026 11:02:39 Africa/Lagos] School ID: 6
[12-Mar-2026 11:02:39 Africa/Lagos] School Name: bitflux wallet
[12-Mar-2026 11:02:39 Africa/Lagos] Authenticated User ID: 1
[12-Mar-2026 11:02:39 Africa/Lagos] Loading autoload from: /home/academixsuite/public_html/tenant/{school-slug}/admin/../../../includes/autoload.php
[12-Mar-2026 11:02:39 Africa/Lagos] Autoload loaded successfully
[12-Mar-2026 11:02:39 Africa/Lagos] Database class found
[12-Mar-2026 11:02:39 Africa/Lagos] NotificationManager loaded successfully
[12-Mar-2026 11:02:39 Africa/Lagos] Attempting to connect to database: school_6
[12-Mar-2026 11:02:39 Africa/Lagos] School database connection successful
[12-Mar-2026 11:02:39 Africa/Lagos] === ASSIGN SUBJECTS PAGE END ===
[12-Mar-2026 11:02:39 Africa/Lagos] ROUTER END: Successfully served /home/academixsuite/public_html/tenant/{school-slug}/admin/assign-subjects.php
[12-Mar-2026 11:12:55 Africa/Lagos] === ASSIGN SUBJECTS PAGE START ===
[12-Mar-2026 11:12:55 Africa/Lagos] Script: /home/academixsuite/public_html/tenant/{school-slug}/admin/assign-subjects.php
[12-Mar-2026 11:12:55 Africa/Lagos] School Slug: bitflux-wallet-1771434696
[12-Mar-2026 11:12:55 Africa/Lagos] School ID: 6
[12-Mar-2026 11:12:55 Africa/Lagos] School Name: bitflux wallet
[12-Mar-2026 11:12:55 Africa/Lagos] Authenticated User ID: 1
[12-Mar-2026 11:12:55 Africa/Lagos] Loading autoload from: /home/academixsuite/public_html/tenant/{school-slug}/admin/../../../includes/autoload.php
[12-Mar-2026 11:12:55 Africa/Lagos] Autoload loaded successfully
[12-Mar-2026 11:12:55 Africa/Lagos] Database class found
[12-Mar-2026 11:12:55 Africa/Lagos] NotificationManager loaded successfully
[12-Mar-2026 11:12:55 Africa/Lagos] Attempting to connect to database: school_6
[12-Mar-2026 11:12:55 Africa/Lagos] School database connection successful
[12-Mar-2026 11:12:55 Africa/Lagos] === ASSIGN SUBJECTS PAGE END ===
[12-Mar-2026 11:12:55 Africa/Lagos] ROUTER END: Successfully served /home/academixsuite/public_html/tenant/{school-slug}/admin/assign-subjects.php
[12-Mar-2026 11:20:24 Africa/Lagos] === ASSIGN SUBJECTS PAGE START ===
[12-Mar-2026 11:20:24 Africa/Lagos] Script: /home/academixsuite/public_html/tenant/{school-slug}/admin/assign-subjects.php
[12-Mar-2026 11:20:24 Africa/Lagos] School Slug: bitflux-wallet-1771434696
[12-Mar-2026 11:20:24 Africa/Lagos] School ID: 6
[12-Mar-2026 11:20:24 Africa/Lagos] School Name: bitflux wallet
[12-Mar-2026 11:20:24 Africa/Lagos] Authenticated User ID: 1
[12-Mar-2026 11:20:24 Africa/Lagos] Loading autoload from: /home/academixsuite/public_html/tenant/{school-slug}/admin/../../../includes/autoload.php
[12-Mar-2026 11:20:24 Africa/Lagos] Autoload loaded successfully
[12-Mar-2026 11:20:24 Africa/Lagos] Database class found
[12-Mar-2026 11:20:24 Africa/Lagos] NotificationManager loaded successfully
[12-Mar-2026 11:20:24 Africa/Lagos] Attempting to connect to database: school_6
[12-Mar-2026 11:20:24 Africa/Lagos] School database connection successful
[12-Mar-2026 11:20:24 Africa/Lagos] === ASSIGN SUBJECTS PAGE END ===
[12-Mar-2026 11:20:24 Africa/Lagos] ROUTER END: Successfully served /home/academixsuite/public_html/tenant/{school-slug}/admin/assign-subjects.php
[12-Mar-2026 11:20:33 Africa/Lagos] === ASSIGN SUBJECTS PAGE START ===
[12-Mar-2026 11:20:33 Africa/Lagos] Script: /home/academixsuite/public_html/tenant/{school-slug}/admin/assign-subjects.php
[12-Mar-2026 11:20:33 Africa/Lagos] School Slug: bitflux-wallet-1771434696
[12-Mar-2026 11:20:33 Africa/Lagos] School ID: 6
[12-Mar-2026 11:20:33 Africa/Lagos] School Name: bitflux wallet
[12-Mar-2026 11:20:33 Africa/Lagos] Authenticated User ID: 1
[12-Mar-2026 11:20:33 Africa/Lagos] Loading autoload from: /home/academixsuite/public_html/tenant/{school-slug}/admin/../../../includes/autoload.php
[12-Mar-2026 11:20:33 Africa/Lagos] Autoload loaded successfully
[12-Mar-2026 11:20:33 Africa/Lagos] Database class found
[12-Mar-2026 11:20:33 Africa/Lagos] NotificationManager loaded successfully
[12-Mar-2026 11:20:33 Africa/Lagos] Attempting to connect to database: school_6
[12-Mar-2026 11:20:33 Africa/Lagos] School database connection successful
[12-Mar-2026 11:20:33 Africa/Lagos] === ASSIGN SUBJECTS PAGE END ===
[12-Mar-2026 11:20:33 Africa/Lagos] ROUTER END: Successfully served /home/academixsuite/public_html/tenant/{school-slug}/admin/assign-subjects.php
[12-Mar-2026 11:30:22 Africa/Lagos] === ASSIGN SUBJECTS PAGE START ===
[12-Mar-2026 11:30:22 Africa/Lagos] Script: /home/academixsuite/public_html/tenant/{school-slug}/admin/assign-subjects.php
[12-Mar-2026 11:30:22 Africa/Lagos] School Slug: bitflux-wallet-1771434696
[12-Mar-2026 11:30:22 Africa/Lagos] School ID: 6
[12-Mar-2026 11:30:22 Africa/Lagos] School Name: bitflux wallet
[12-Mar-2026 11:30:22 Africa/Lagos] Authenticated User ID: 1
[12-Mar-2026 11:30:22 Africa/Lagos] Loading autoload from: /home/academixsuite/public_html/tenant/{school-slug}/admin/../../../includes/autoload.php
[12-Mar-2026 11:30:22 Africa/Lagos] Autoload loaded successfully
[12-Mar-2026 11:30:22 Africa/Lagos] Database class found
[12-Mar-2026 11:30:22 Africa/Lagos] NotificationManager loaded successfully
[12-Mar-2026 11:30:22 Africa/Lagos] Attempting to connect to database: school_6
[12-Mar-2026 11:30:22 Africa/Lagos] School database connection successful
[12-Mar-2026 11:30:22 Africa/Lagos] === ASSIGN SUBJECTS PAGE END ===
[12-Mar-2026 11:30:22 Africa/Lagos] ROUTER END: Successfully served /home/academixsuite/public_html/tenant/{school-slug}/admin/assign-subjects.php
[12-Mar-2026 11:30:34 Africa/Lagos] === ASSIGN SUBJECTS PAGE START ===
[12-Mar-2026 11:30:34 Africa/Lagos] Script: /home/academixsuite/public_html/tenant/{school-slug}/admin/assign-subjects.php
[12-Mar-2026 11:30:34 Africa/Lagos] School Slug: bitflux-wallet-1771434696
[12-Mar-2026 11:30:34 Africa/Lagos] School ID: 6
[12-Mar-2026 11:30:34 Africa/Lagos] School Name: bitflux wallet
[12-Mar-2026 11:30:34 Africa/Lagos] Authenticated User ID: 1
[12-Mar-2026 11:30:34 Africa/Lagos] Loading autoload from: /home/academixsuite/public_html/tenant/{school-slug}/admin/../../../includes/autoload.php
[12-Mar-2026 11:30:34 Africa/Lagos] Autoload loaded successfully
[12-Mar-2026 11:30:34 Africa/Lagos] Database class found
[12-Mar-2026 11:30:34 Africa/Lagos] NotificationManager loaded successfully
[12-Mar-2026 11:30:34 Africa/Lagos] Attempting to connect to database: school_6
[12-Mar-2026 11:30:34 Africa/Lagos] School database connection successful
[12-Mar-2026 11:30:34 Africa/Lagos] === ASSIGN SUBJECTS PAGE END ===
[12-Mar-2026 11:30:34 Africa/Lagos] ROUTER END: Successfully served /home/academixsuite/public_html/tenant/{school-slug}/admin/assign-subjects.php
[12-Mar-2026 11:30:44 Africa/Lagos] === ASSIGN SUBJECTS PAGE START ===
[12-Mar-2026 11:30:44 Africa/Lagos] Script: /home/academixsuite/public_html/tenant/{school-slug}/admin/assign-subjects.php
[12-Mar-2026 11:30:44 Africa/Lagos] School Slug: bitflux-wallet-1771434696
[12-Mar-2026 11:30:44 Africa/Lagos] School ID: 6
[12-Mar-2026 11:30:44 Africa/Lagos] School Name: bitflux wallet
[12-Mar-2026 11:30:44 Africa/Lagos] Authenticated User ID: 1
[12-Mar-2026 11:30:44 Africa/Lagos] Loading autoload from: /home/academixsuite/public_html/tenant/{school-slug}/admin/../../../includes/autoload.php
[12-Mar-2026 11:30:44 Africa/Lagos] Autoload loaded successfully
[12-Mar-2026 11:30:44 Africa/Lagos] Database class found
[12-Mar-2026 11:30:44 Africa/Lagos] NotificationManager loaded successfully
[12-Mar-2026 11:30:44 Africa/Lagos] Attempting to connect to database: school_6
[12-Mar-2026 11:30:44 Africa/Lagos] School database connection successful
[12-Mar-2026 11:30:44 Africa/Lagos] === ASSIGN SUBJECTS PAGE END ===
[12-Mar-2026 11:30:44 Africa/Lagos] ROUTER END: Successfully served /home/academixsuite/public_html/tenant/{school-slug}/admin/assign-subjects.php
[12-Mar-2026 11:35:50 Africa/Lagos] === ASSIGN SUBJECTS PAGE START ===
[12-Mar-2026 11:35:50 Africa/Lagos] Script: /home/academixsuite/public_html/tenant/{school-slug}/admin/assign-subjects.php
[12-Mar-2026 11:35:50 Africa/Lagos] School Slug: bitflux-wallet-1771434696
[12-Mar-2026 11:35:50 Africa/Lagos] School ID: 6
[12-Mar-2026 11:35:50 Africa/Lagos] School Name: bitflux wallet
[12-Mar-2026 11:35:50 Africa/Lagos] Authenticated User ID: 1
[12-Mar-2026 11:35:50 Africa/Lagos] Loading autoload from: /home/academixsuite/public_html/tenant/{school-slug}/admin/../../../includes/autoload.php
[12-Mar-2026 11:35:50 Africa/Lagos] Autoload loaded successfully
[12-Mar-2026 11:35:50 Africa/Lagos] Database class found
[12-Mar-2026 11:35:50 Africa/Lagos] NotificationManager loaded successfully
[12-Mar-2026 11:35:50 Africa/Lagos] Attempting to connect to database: school_6
[12-Mar-2026 11:35:50 Africa/Lagos] School database connection successful
[12-Mar-2026 11:35:50 Africa/Lagos] === ASSIGN SUBJECTS PAGE END ===
[12-Mar-2026 11:35:50 Africa/Lagos] ROUTER END: Successfully served /home/academixsuite/public_html/tenant/{school-slug}/admin/assign-subjects.php
[12-Mar-2026 11:36:33 Africa/Lagos] === ASSIGN SUBJECTS PAGE START ===
[12-Mar-2026 11:36:33 Africa/Lagos] Script: /home/academixsuite/public_html/tenant/{school-slug}/admin/assign-subjects.php
[12-Mar-2026 11:36:33 Africa/Lagos] School Slug: bitflux-wallet-1771434696
[12-Mar-2026 11:36:33 Africa/Lagos] School ID: 6
[12-Mar-2026 11:36:33 Africa/Lagos] School Name: bitflux wallet
[12-Mar-2026 11:36:33 Africa/Lagos] Authenticated User ID: 1
[12-Mar-2026 11:36:33 Africa/Lagos] Loading autoload from: /home/academixsuite/public_html/tenant/{school-slug}/admin/../../../includes/autoload.php
[12-Mar-2026 11:36:33 Africa/Lagos] Autoload loaded successfully
[12-Mar-2026 11:36:33 Africa/Lagos] Database class found
[12-Mar-2026 11:36:33 Africa/Lagos] NotificationManager loaded successfully
[12-Mar-2026 11:36:33 Africa/Lagos] Attempting to connect to database: school_6
[12-Mar-2026 11:36:33 Africa/Lagos] School database connection successful
[12-Mar-2026 11:36:33 Africa/Lagos] === ASSIGN SUBJECTS PAGE END ===
[12-Mar-2026 11:36:33 Africa/Lagos] ROUTER END: Successfully served /home/academixsuite/public_html/tenant/{school-slug}/admin/assign-subjects.php
[12-Mar-2026 11:36:43 Africa/Lagos] === ASSIGN SUBJECTS PAGE START ===
[12-Mar-2026 11:36:43 Africa/Lagos] Script: /home/academixsuite/public_html/tenant/{school-slug}/admin/assign-subjects.php
[12-Mar-2026 11:36:43 Africa/Lagos] School Slug: bitflux-wallet-1771434696
[12-Mar-2026 11:36:43 Africa/Lagos] School ID: 6
[12-Mar-2026 11:36:43 Africa/Lagos] School Name: bitflux wallet
[12-Mar-2026 11:36:43 Africa/Lagos] Authenticated User ID: 1
[12-Mar-2026 11:36:43 Africa/Lagos] Loading autoload from: /home/academixsuite/public_html/tenant/{school-slug}/admin/../../../includes/autoload.php
[12-Mar-2026 11:36:43 Africa/Lagos] Autoload loaded successfully
[12-Mar-2026 11:36:43 Africa/Lagos] Database class found
[12-Mar-2026 11:36:43 Africa/Lagos] NotificationManager loaded successfully
[12-Mar-2026 11:36:43 Africa/Lagos] Attempting to connect to database: school_6
[12-Mar-2026 11:36:43 Africa/Lagos] School database connection successful
[12-Mar-2026 11:36:43 Africa/Lagos] === ASSIGN SUBJECTS PAGE END ===
[12-Mar-2026 11:36:43 Africa/Lagos] ROUTER END: Successfully served /home/academixsuite/public_html/tenant/{school-slug}/admin/assign-subjects.php
[12-Mar-2026 11:37:01 Africa/Lagos] === ASSIGN SUBJECTS PAGE START ===
[12-Mar-2026 11:37:01 Africa/Lagos] Script: /home/academixsuite/public_html/tenant/{school-slug}/admin/assign-subjects.php
[12-Mar-2026 11:37:01 Africa/Lagos] School Slug: bitflux-wallet-1771434696
[12-Mar-2026 11:37:01 Africa/Lagos] School ID: 6
[12-Mar-2026 11:37:01 Africa/Lagos] School Name: bitflux wallet
[12-Mar-2026 11:37:01 Africa/Lagos] Authenticated User ID: 1
[12-Mar-2026 11:37:01 Africa/Lagos] Loading autoload from: /home/academixsuite/public_html/tenant/{school-slug}/admin/../../../includes/autoload.php
[12-Mar-2026 11:37:01 Africa/Lagos] Autoload loaded successfully
[12-Mar-2026 11:37:01 Africa/Lagos] Database class found
[12-Mar-2026 11:37:01 Africa/Lagos] NotificationManager loaded successfully
[12-Mar-2026 11:37:01 Africa/Lagos] Attempting to connect to database: school_6
[12-Mar-2026 11:37:01 Africa/Lagos] School database connection successful
[12-Mar-2026 11:37:01 Africa/Lagos] === ASSIGN SUBJECTS PAGE END ===
[12-Mar-2026 11:37:01 Africa/Lagos] ROUTER END: Successfully served /home/academixsuite/public_html/tenant/{school-slug}/admin/assign-subjects.php
[12-Mar-2026 11:49:38 Africa/Lagos] === ASSIGN SUBJECTS PAGE START ===
[12-Mar-2026 11:49:38 Africa/Lagos] Script: /home/academixsuite/public_html/tenant/{school-slug}/admin/assign-subjects.php
[12-Mar-2026 11:49:38 Africa/Lagos] School Slug: bitflux-wallet-1771434696
[12-Mar-2026 11:49:38 Africa/Lagos] School ID: 6
[12-Mar-2026 11:49:38 Africa/Lagos] School Name: bitflux wallet
[12-Mar-2026 11:49:38 Africa/Lagos] Authenticated User ID: 1
[12-Mar-2026 11:49:38 Africa/Lagos] Loading autoload from: /home/academixsuite/public_html/tenant/{school-slug}/admin/../../../includes/autoload.php
[12-Mar-2026 11:49:38 Africa/Lagos] Autoload loaded successfully
[12-Mar-2026 11:49:38 Africa/Lagos] Database class found
[12-Mar-2026 11:49:38 Africa/Lagos] NotificationManager loaded successfully
[12-Mar-2026 11:49:38 Africa/Lagos] Attempting to connect to database: school_6
[12-Mar-2026 11:49:38 Africa/Lagos] School database connection successful
[12-Mar-2026 11:49:38 Africa/Lagos] === ASSIGN SUBJECTS PAGE END ===
[12-Mar-2026 11:49:38 Africa/Lagos] ROUTER END: Successfully served /home/academixsuite/public_html/tenant/{school-slug}/admin/assign-subjects.php
[12-Mar-2026 11:50:18 Africa/Lagos] === ASSIGN SUBJECTS PAGE START ===
[12-Mar-2026 11:50:18 Africa/Lagos] Script: /home/academixsuite/public_html/tenant/{school-slug}/admin/assign-subjects.php
[12-Mar-2026 11:50:18 Africa/Lagos] School Slug: bitflux-wallet-1771434696
[12-Mar-2026 11:50:18 Africa/Lagos] School ID: 6
[12-Mar-2026 11:50:18 Africa/Lagos] School Name: bitflux wallet
[12-Mar-2026 11:50:18 Africa/Lagos] Authenticated User ID: 1
[12-Mar-2026 11:50:18 Africa/Lagos] Loading autoload from: /home/academixsuite/public_html/tenant/{school-slug}/admin/../../../includes/autoload.php
[12-Mar-2026 11:50:18 Africa/Lagos] Autoload loaded successfully
[12-Mar-2026 11:50:18 Africa/Lagos] Database class found
[12-Mar-2026 11:50:18 Africa/Lagos] NotificationManager loaded successfully
[12-Mar-2026 11:50:18 Africa/Lagos] Attempting to connect to database: school_6
[12-Mar-2026 11:50:18 Africa/Lagos] School database connection successful
[12-Mar-2026 11:50:18 Africa/Lagos] === ASSIGN SUBJECTS PAGE END ===
[12-Mar-2026 11:50:18 Africa/Lagos] ROUTER END: Successfully served /home/academixsuite/public_html/tenant/{school-slug}/admin/assign-subjects.php
[12-Mar-2026 11:50:24 Africa/Lagos] === ASSIGN SUBJECTS PAGE START ===
[12-Mar-2026 11:50:24 Africa/Lagos] Script: /home/academixsuite/public_html/tenant/{school-slug}/admin/assign-subjects.php
[12-Mar-2026 11:50:24 Africa/Lagos] School Slug: bitflux-wallet-1771434696
[12-Mar-2026 11:50:24 Africa/Lagos] School ID: 6
[12-Mar-2026 11:50:24 Africa/Lagos] School Name: bitflux wallet
[12-Mar-2026 11:50:24 Africa/Lagos] Authenticated User ID: 1
[12-Mar-2026 11:50:24 Africa/Lagos] Loading autoload from: /home/academixsuite/public_html/tenant/{school-slug}/admin/../../../includes/autoload.php
[12-Mar-2026 11:50:24 Africa/Lagos] Autoload loaded successfully
[12-Mar-2026 11:50:24 Africa/Lagos] Database class found
[12-Mar-2026 11:50:24 Africa/Lagos] NotificationManager loaded successfully
[12-Mar-2026 11:50:24 Africa/Lagos] Attempting to connect to database: school_6
[12-Mar-2026 11:50:24 Africa/Lagos] School database connection successful
[12-Mar-2026 11:50:24 Africa/Lagos] === ASSIGN SUBJECTS PAGE END ===
[12-Mar-2026 11:50:24 Africa/Lagos] ROUTER END: Successfully served /home/academixsuite/public_html/tenant/{school-slug}/admin/assign-subjects.php
[12-Mar-2026 12:12:39 Africa/Lagos] === ASSIGN SUBJECTS PAGE START ===
[12-Mar-2026 12:12:39 Africa/Lagos] Script: /home/academixsuite/public_html/tenant/{school-slug}/admin/assign-subjects.php
[12-Mar-2026 12:12:39 Africa/Lagos] School Slug: bitflux-wallet-1771434696
[12-Mar-2026 12:12:39 Africa/Lagos] School ID: 6
[12-Mar-2026 12:12:39 Africa/Lagos] School Name: bitflux wallet
[12-Mar-2026 12:12:39 Africa/Lagos] Authenticated User ID: 1
[12-Mar-2026 12:12:39 Africa/Lagos] Loading autoload from: /home/academixsuite/public_html/tenant/{school-slug}/admin/../../../includes/autoload.php
[12-Mar-2026 12:12:39 Africa/Lagos] Autoload loaded successfully
[12-Mar-2026 12:12:39 Africa/Lagos] Database class found
[12-Mar-2026 12:12:39 Africa/Lagos] NotificationManager loaded successfully
[12-Mar-2026 12:12:39 Africa/Lagos] Attempting to connect to database: school_6
[12-Mar-2026 12:12:39 Africa/Lagos] School database connection successful
[12-Mar-2026 12:12:39 Africa/Lagos] === ASSIGN SUBJECTS PAGE END ===
[12-Mar-2026 12:12:39 Africa/Lagos] ROUTER END: Successfully served /home/academixsuite/public_html/tenant/{school-slug}/admin/assign-subjects.php
[12-Mar-2026 12:35:35 Africa/Lagos] === ASSIGN SUBJECTS PAGE START ===
[12-Mar-2026 12:35:35 Africa/Lagos] Script: /home/academixsuite/public_html/tenant/{school-slug}/admin/assign-subjects.php
[12-Mar-2026 12:35:35 Africa/Lagos] School Slug: bitflux-wallet-1771434696
[12-Mar-2026 12:35:35 Africa/Lagos] School ID: 6
[12-Mar-2026 12:35:35 Africa/Lagos] School Name: bitflux wallet
[12-Mar-2026 12:35:35 Africa/Lagos] Authenticated User ID: 1
[12-Mar-2026 12:35:35 Africa/Lagos] Loading autoload from: /home/academixsuite/public_html/tenant/{school-slug}/admin/../../../includes/autoload.php
[12-Mar-2026 12:35:35 Africa/Lagos] Autoload loaded successfully
[12-Mar-2026 12:35:35 Africa/Lagos] Database class found
[12-Mar-2026 12:35:35 Africa/Lagos] NotificationManager loaded successfully
[12-Mar-2026 12:35:35 Africa/Lagos] Attempting to connect to database: school_6
[12-Mar-2026 12:35:35 Africa/Lagos] School database connection successful
[12-Mar-2026 12:35:35 Africa/Lagos] === ASSIGN SUBJECTS PAGE END ===
[12-Mar-2026 12:35:35 Africa/Lagos] ROUTER END: Successfully served /home/academixsuite/public_html/tenant/{school-slug}/admin/assign-subjects.php
[12-Mar-2026 12:39:30 Africa/Lagos] === ASSIGN SUBJECTS PAGE START ===
[12-Mar-2026 12:39:30 Africa/Lagos] Script: /home/academixsuite/public_html/tenant/{school-slug}/admin/assign-subjects.php
[12-Mar-2026 12:39:30 Africa/Lagos] School Slug: bitflux-wallet-1771434696
[12-Mar-2026 12:39:30 Africa/Lagos] School ID: 6
[12-Mar-2026 12:39:30 Africa/Lagos] School Name: bitflux wallet
[12-Mar-2026 12:39:30 Africa/Lagos] Authenticated User ID: 1
[12-Mar-2026 12:39:30 Africa/Lagos] Loading autoload from: /home/academixsuite/public_html/tenant/{school-slug}/admin/../../../includes/autoload.php
[12-Mar-2026 12:39:30 Africa/Lagos] Autoload loaded successfully
[12-Mar-2026 12:39:30 Africa/Lagos] Database class found
[12-Mar-2026 12:39:30 Africa/Lagos] NotificationManager loaded successfully
[12-Mar-2026 12:39:30 Africa/Lagos] Attempting to connect to database: school_6
[12-Mar-2026 12:39:30 Africa/Lagos] School database connection successful
[12-Mar-2026 12:39:30 Africa/Lagos] === ASSIGN SUBJECTS PAGE END ===
[12-Mar-2026 12:39:30 Africa/Lagos] ROUTER END: Successfully served /home/academixsuite/public_html/tenant/{school-slug}/admin/assign-subjects.php
[12-Mar-2026 12:39:35 Africa/Lagos] === ASSIGN SUBJECTS PAGE START ===
[12-Mar-2026 12:39:35 Africa/Lagos] Script: /home/academixsuite/public_html/tenant/{school-slug}/admin/assign-subjects.php
[12-Mar-2026 12:39:35 Africa/Lagos] School Slug: bitflux-wallet-1771434696
[12-Mar-2026 12:39:35 Africa/Lagos] School ID: 6
[12-Mar-2026 12:39:35 Africa/Lagos] School Name: bitflux wallet
[12-Mar-2026 12:39:35 Africa/Lagos] Authenticated User ID: 1
[12-Mar-2026 12:39:35 Africa/Lagos] Loading autoload from: /home/academixsuite/public_html/tenant/{school-slug}/admin/../../../includes/autoload.php
[12-Mar-2026 12:39:35 Africa/Lagos] Autoload loaded successfully
[12-Mar-2026 12:39:35 Africa/Lagos] Database class found
[12-Mar-2026 12:39:35 Africa/Lagos] NotificationManager loaded successfully
[12-Mar-2026 12:39:35 Africa/Lagos] Attempting to connect to database: school_6
[12-Mar-2026 12:39:35 Africa/Lagos] School database connection successful
[12-Mar-2026 12:39:35 Africa/Lagos] === ASSIGN SUBJECTS PAGE END ===
[12-Mar-2026 12:39:35 Africa/Lagos] ROUTER END: Successfully served /home/academixsuite/public_html/tenant/{school-slug}/admin/assign-subjects.php
[14-Mar-2026 17:37:05 Africa/Lagos] === ASSIGN SUBJECTS PAGE START ===
[14-Mar-2026 17:37:05 Africa/Lagos] Script: /home/academixsuite/public_html/tenant/{school-slug}/admin/assign-subjects.php
[14-Mar-2026 17:37:05 Africa/Lagos] School Slug: bitflux-wallet-1771434696
[14-Mar-2026 17:37:05 Africa/Lagos] School ID: 6
[14-Mar-2026 17:37:05 Africa/Lagos] School Name: bitflux wallet
[14-Mar-2026 17:37:05 Africa/Lagos] Authenticated User ID: 1
[14-Mar-2026 17:37:05 Africa/Lagos] Loading autoload from: /home/academixsuite/public_html/tenant/{school-slug}/admin/../../../includes/autoload.php
[14-Mar-2026 17:37:05 Africa/Lagos] Autoload loaded successfully
[14-Mar-2026 17:37:05 Africa/Lagos] Database class found
[14-Mar-2026 17:37:05 Africa/Lagos] NotificationManager loaded successfully
[14-Mar-2026 17:37:05 Africa/Lagos] Attempting to connect to database: school_6
[14-Mar-2026 17:37:05 Africa/Lagos] School database connection successful
[14-Mar-2026 17:37:05 Africa/Lagos] === ASSIGN SUBJECTS PAGE END ===
[14-Mar-2026 17:37:05 Africa/Lagos] ROUTER END: Successfully served /home/academixsuite/public_html/tenant/{school-slug}/admin/assign-subjects.php
[14-Mar-2026 17:37:15 Africa/Lagos] === ASSIGN SUBJECTS PAGE START ===
[14-Mar-2026 17:37:15 Africa/Lagos] Script: /home/academixsuite/public_html/tenant/{school-slug}/admin/assign-subjects.php
[14-Mar-2026 17:37:15 Africa/Lagos] School Slug: bitflux-wallet-1771434696
[14-Mar-2026 17:37:15 Africa/Lagos] School ID: 6
[14-Mar-2026 17:37:15 Africa/Lagos] School Name: bitflux wallet
[14-Mar-2026 17:37:15 Africa/Lagos] Authenticated User ID: 1
[14-Mar-2026 17:37:15 Africa/Lagos] Loading autoload from: /home/academixsuite/public_html/tenant/{school-slug}/admin/../../../includes/autoload.php
[14-Mar-2026 17:37:15 Africa/Lagos] Autoload loaded successfully
[14-Mar-2026 17:37:15 Africa/Lagos] Database class found
[14-Mar-2026 17:37:15 Africa/Lagos] NotificationManager loaded successfully
[14-Mar-2026 17:37:15 Africa/Lagos] Attempting to connect to database: school_6
[14-Mar-2026 17:37:15 Africa/Lagos] School database connection successful
[14-Mar-2026 17:37:15 Africa/Lagos] === ASSIGN SUBJECTS PAGE END ===
[14-Mar-2026 17:37:15 Africa/Lagos] ROUTER END: Successfully served /home/academixsuite/public_html/tenant/{school-slug}/admin/assign-subjects.php
