[05-Mar-2026 20:26:16 Africa/Lagos] === TEACHER DETAILS PAGE START ===
[05-Mar-2026 20:26:16 Africa/Lagos] Request URI: /tenant/bitflux-wallet-1771434696/admin/teacher-details.php?id=3
[05-Mar-2026 20:26:16 Africa/Lagos] Script: /home/academixsuite/public_html/tenant/{school-slug}/admin/teacher-details.php
[05-Mar-2026 20:26:16 Africa/Lagos] School database connection successful
[05-Mar-2026 20:26:16 Africa/Lagos] TeacherManager initialized for school ID: 6
[05-Mar-2026 20:26:16 Africa/Lagos] TeacherManager initialized successfully
[05-Mar-2026 20:26:16 Africa/Lagos] Error getting teacher: SQLSTATE[42S02]: Base table or view not found: 1146 Table 'school_6.teacher_details' doesn't exist
[05-Mar-2026 20:26:16 Africa/Lagos] ERROR: Teacher not found with ID: 3
[05-Mar-2026 20:32:18 Africa/Lagos] === TEACHER DETAILS PAGE START ===
[05-Mar-2026 20:32:18 Africa/Lagos] Request URI: /tenant/bitflux-wallet-1771434696/admin/teacher-details.php?id=3
[05-Mar-2026 20:32:18 Africa/Lagos] Script: /home/academixsuite/public_html/tenant/{school-slug}/admin/teacher-details.php
[05-Mar-2026 20:32:19 Africa/Lagos] School database connection successful
[05-Mar-2026 20:32:19 Africa/Lagos] TeacherManager initialized for school ID: 6
[05-Mar-2026 20:32:19 Africa/Lagos] TeacherManager initialized successfully
[05-Mar-2026 20:32:19 Africa/Lagos] Teacher details loaded for ID: 3
[05-Mar-2026 20:32:19 Africa/Lagos] === TEACHER DETAILS PAGE END ===
[05-Mar-2026 20:32:19 Africa/Lagos] ROUTER END: Successfully served /home/academixsuite/public_html/tenant/{school-slug}/admin/teacher-details.php
[05-Mar-2026 20:58:25 Africa/Lagos] === TEACHER DETAILS PAGE START ===
[05-Mar-2026 20:58:25 Africa/Lagos] Request URI: /tenant/bitflux-wallet-1771434696/admin/teacher-details.php?id=3
[05-Mar-2026 20:58:25 Africa/Lagos] Script: /home/academixsuite/public_html/tenant/{school-slug}/admin/teacher-details.php
[05-Mar-2026 20:58:25 Africa/Lagos] School database connection successful
[05-Mar-2026 20:58:25 Africa/Lagos] TeacherManager initialized for school ID: 6
[05-Mar-2026 20:58:25 Africa/Lagos] TeacherManager initialized successfully
[05-Mar-2026 20:58:25 Africa/Lagos] Teacher details loaded for ID: 3
[05-Mar-2026 20:58:25 Africa/Lagos] === TEACHER DETAILS PAGE END ===
[05-Mar-2026 20:58:25 Africa/Lagos] ROUTER END: Successfully served /home/academixsuite/public_html/tenant/{school-slug}/admin/teacher-details.php
[05-Mar-2026 20:58:34 Africa/Lagos] === TEACHER DETAILS PAGE START ===
[05-Mar-2026 20:58:34 Africa/Lagos] Request URI: /tenant/bitflux-wallet-1771434696/admin/teacher-details.php?id=3
[05-Mar-2026 20:58:34 Africa/Lagos] Script: /home/academixsuite/public_html/tenant/{school-slug}/admin/teacher-details.php
[05-Mar-2026 20:58:34 Africa/Lagos] School database connection successful
[05-Mar-2026 20:58:34 Africa/Lagos] TeacherManager initialized for school ID: 6
[05-Mar-2026 20:58:34 Africa/Lagos] TeacherManager initialized successfully
[05-Mar-2026 20:58:34 Africa/Lagos] Teacher details loaded for ID: 3
[05-Mar-2026 20:58:34 Africa/Lagos] === TEACHER DETAILS PAGE END ===
[05-Mar-2026 20:58:34 Africa/Lagos] ROUTER END: Successfully served /home/academixsuite/public_html/tenant/{school-slug}/admin/teacher-details.php
[05-Mar-2026 20:58:41 Africa/Lagos] === TEACHER DETAILS PAGE START ===
[05-Mar-2026 20:58:41 Africa/Lagos] Request URI: /tenant/bitflux-wallet-1771434696/admin/teacher-details.php?id=3
[05-Mar-2026 20:58:41 Africa/Lagos] Script: /home/academixsuite/public_html/tenant/{school-slug}/admin/teacher-details.php
[05-Mar-2026 20:58:41 Africa/Lagos] School database connection successful
[05-Mar-2026 20:58:41 Africa/Lagos] TeacherManager initialized for school ID: 6
[05-Mar-2026 20:58:41 Africa/Lagos] TeacherManager initialized successfully
[05-Mar-2026 20:58:41 Africa/Lagos] Teacher details loaded for ID: 3
[05-Mar-2026 20:58:41 Africa/Lagos] === TEACHER DETAILS PAGE END ===
[05-Mar-2026 20:58:41 Africa/Lagos] ROUTER END: Successfully served /home/academixsuite/public_html/tenant/{school-slug}/admin/teacher-details.php
[05-Mar-2026 21:08:03 Africa/Lagos] === TEACHER DETAILS PAGE START ===
[05-Mar-2026 21:08:03 Africa/Lagos] Request URI: /tenant/bitflux-wallet-1771434696/admin/teacher-details.php?id=3
[05-Mar-2026 21:08:03 Africa/Lagos] Script: /home/academixsuite/public_html/tenant/{school-slug}/admin/teacher-details.php
[05-Mar-2026 21:08:03 Africa/Lagos] School database connection successful
[05-Mar-2026 21:08:03 Africa/Lagos] TeacherManager initialized for school ID: 6
[05-Mar-2026 21:08:03 Africa/Lagos] TeacherManager initialized successfully
[05-Mar-2026 21:08:03 Africa/Lagos] Teacher details loaded for ID: 3
[05-Mar-2026 21:08:03 Africa/Lagos] === TEACHER DETAILS PAGE END ===
[05-Mar-2026 21:08:03 Africa/Lagos] ROUTER END: Successfully served /home/academixsuite/public_html/tenant/{school-slug}/admin/teacher-details.php
[05-Mar-2026 21:08:11 Africa/Lagos] === TEACHER DETAILS PAGE START ===
[05-Mar-2026 21:08:11 Africa/Lagos] Request URI: /tenant/bitflux-wallet-1771434696/admin/teacher-details.php?id=3
[05-Mar-2026 21:08:11 Africa/Lagos] Script: /home/academixsuite/public_html/tenant/{school-slug}/admin/teacher-details.php
[05-Mar-2026 21:08:11 Africa/Lagos] School database connection successful
[05-Mar-2026 21:08:11 Africa/Lagos] TeacherManager initialized for school ID: 6
[05-Mar-2026 21:08:11 Africa/Lagos] TeacherManager initialized successfully
[05-Mar-2026 21:08:11 Africa/Lagos] Teacher details loaded for ID: 3
[05-Mar-2026 21:08:11 Africa/Lagos] === TEACHER DETAILS PAGE END ===
[05-Mar-2026 21:08:11 Africa/Lagos] ROUTER END: Successfully served /home/academixsuite/public_html/tenant/{school-slug}/admin/teacher-details.php
[05-Mar-2026 21:08:17 Africa/Lagos] === TEACHER DETAILS PAGE START ===
[05-Mar-2026 21:08:17 Africa/Lagos] Request URI: /tenant/bitflux-wallet-1771434696/admin/teacher-details.php?id=3
[05-Mar-2026 21:08:17 Africa/Lagos] Script: /home/academixsuite/public_html/tenant/{school-slug}/admin/teacher-details.php
[05-Mar-2026 21:08:17 Africa/Lagos] School database connection successful
[05-Mar-2026 21:08:17 Africa/Lagos] TeacherManager initialized for school ID: 6
[05-Mar-2026 21:08:17 Africa/Lagos] TeacherManager initialized successfully
[05-Mar-2026 21:08:17 Africa/Lagos] Teacher details loaded for ID: 3
[05-Mar-2026 21:08:17 Africa/Lagos] === TEACHER DETAILS PAGE END ===
[05-Mar-2026 21:08:17 Africa/Lagos] ROUTER END: Successfully served /home/academixsuite/public_html/tenant/{school-slug}/admin/teacher-details.php
[05-Mar-2026 21:19:20 Africa/Lagos] === TEACHER DETAILS PAGE START ===
[05-Mar-2026 21:19:20 Africa/Lagos] Request URI: /tenant/bitflux-wallet-1771434696/admin/teacher-details.php?id=3
[05-Mar-2026 21:19:20 Africa/Lagos] Script: /home/academixsuite/public_html/tenant/{school-slug}/admin/teacher-details.php
[05-Mar-2026 21:19:20 Africa/Lagos] School database connection successful
[05-Mar-2026 21:19:20 Africa/Lagos] TeacherManager initialized for school ID: 6
[05-Mar-2026 21:19:20 Africa/Lagos] TeacherManager initialized successfully
[05-Mar-2026 21:19:20 Africa/Lagos] Teacher details loaded for ID: 3
[05-Mar-2026 21:19:20 Africa/Lagos] === TEACHER DETAILS PAGE END ===
[05-Mar-2026 21:19:20 Africa/Lagos] ROUTER END: Successfully served /home/academixsuite/public_html/tenant/{school-slug}/admin/teacher-details.php
[05-Mar-2026 21:19:27 Africa/Lagos] === TEACHER DETAILS PAGE START ===
[05-Mar-2026 21:19:27 Africa/Lagos] Request URI: /tenant/bitflux-wallet-1771434696/admin/teacher-details.php?id=3
[05-Mar-2026 21:19:27 Africa/Lagos] Script: /home/academixsuite/public_html/tenant/{school-slug}/admin/teacher-details.php
[05-Mar-2026 21:19:27 Africa/Lagos] School database connection successful
[05-Mar-2026 21:19:27 Africa/Lagos] TeacherManager initialized for school ID: 6
[05-Mar-2026 21:19:27 Africa/Lagos] TeacherManager initialized successfully
[05-Mar-2026 21:19:27 Africa/Lagos] Teacher details loaded for ID: 3
[05-Mar-2026 21:19:27 Africa/Lagos] === TEACHER DETAILS PAGE END ===
[05-Mar-2026 21:19:27 Africa/Lagos] ROUTER END: Successfully served /home/academixsuite/public_html/tenant/{school-slug}/admin/teacher-details.php
[06-Mar-2026 09:28:20 Africa/Lagos] === TEACHER DETAILS PAGE START ===
[06-Mar-2026 09:28:20 Africa/Lagos] Request URI: /tenant/bitflux-wallet-1771434696/admin/teacher-details.php?id=4
[06-Mar-2026 09:28:20 Africa/Lagos] Script: /home/academixsuite/public_html/tenant/{school-slug}/admin/teacher-details.php
[06-Mar-2026 09:28:20 Africa/Lagos] School database connection successful
[06-Mar-2026 09:28:20 Africa/Lagos] TeacherManager initialized for school ID: 6
[06-Mar-2026 09:28:20 Africa/Lagos] TeacherManager initialized successfully
[06-Mar-2026 09:28:20 Africa/Lagos] Teacher details loaded for ID: 4
[06-Mar-2026 09:28:20 Africa/Lagos] === TEACHER DETAILS PAGE END ===
[06-Mar-2026 09:28:20 Africa/Lagos] ROUTER END: Successfully served /home/academixsuite/public_html/tenant/{school-slug}/admin/teacher-details.php
[09-Mar-2026 06:20:55 Africa/Lagos] === TEACHER DETAILS PAGE START ===
[09-Mar-2026 06:20:55 Africa/Lagos] Request URI: /tenant/bitflux-wallet-1771434696/admin/teacher-details.php?id=3
[09-Mar-2026 06:20:55 Africa/Lagos] Script: /home/academixsuite/public_html/tenant/{school-slug}/admin/teacher-details.php
[09-Mar-2026 06:20:55 Africa/Lagos] School database connection successful
[09-Mar-2026 06:20:55 Africa/Lagos] TeacherManager initialized for school ID: 6
[09-Mar-2026 06:20:55 Africa/Lagos] TeacherManager initialized successfully
[09-Mar-2026 06:20:55 Africa/Lagos] Teacher details loaded for ID: 3
[09-Mar-2026 06:20:55 Africa/Lagos] === TEACHER DETAILS PAGE END ===
[09-Mar-2026 06:20:55 Africa/Lagos] ROUTER END: Successfully served /home/academixsuite/public_html/tenant/{school-slug}/admin/teacher-details.php
[09-Mar-2026 07:12:02 Africa/Lagos] === TEACHER DETAILS PAGE START ===
[09-Mar-2026 07:12:02 Africa/Lagos] Request URI: /tenant/bitflux-wallet-1771434696/admin/teacher-details.php?id=4
[09-Mar-2026 07:12:02 Africa/Lagos] Script: /home/academixsuite/public_html/tenant/{school-slug}/admin/teacher-details.php
[09-Mar-2026 07:12:02 Africa/Lagos] School database connection successful
[09-Mar-2026 07:12:02 Africa/Lagos] TeacherManager initialized for school ID: 6
[09-Mar-2026 07:12:02 Africa/Lagos] TeacherManager initialized successfully
[09-Mar-2026 07:12:02 Africa/Lagos] Teacher details loaded for ID: 4
[09-Mar-2026 07:12:02 Africa/Lagos] === TEACHER DETAILS PAGE END ===
[09-Mar-2026 07:12:02 Africa/Lagos] ROUTER END: Successfully served /home/academixsuite/public_html/tenant/{school-slug}/admin/teacher-details.php
[09-Mar-2026 12:53:10 Africa/Lagos] === TEACHER DETAILS PAGE START ===
[09-Mar-2026 12:53:10 Africa/Lagos] Request URI: /tenant/bitflux-wallet-1771434696/admin/teacher-details.php?id=5
[09-Mar-2026 12:53:10 Africa/Lagos] Script: /home/academixsuite/public_html/tenant/{school-slug}/admin/teacher-details.php
[09-Mar-2026 12:53:10 Africa/Lagos] School database connection successful
[09-Mar-2026 12:53:10 Africa/Lagos] TeacherManager initialized for school ID: 6
[09-Mar-2026 12:53:10 Africa/Lagos] TeacherManager initialized successfully
[09-Mar-2026 12:53:10 Africa/Lagos] Teacher details loaded for ID: 5
[09-Mar-2026 12:53:10 Africa/Lagos] === TEACHER DETAILS PAGE END ===
[09-Mar-2026 12:53:10 Africa/Lagos] ROUTER END: Successfully served /home/academixsuite/public_html/tenant/{school-slug}/admin/teacher-details.php
[09-Mar-2026 12:55:15 Africa/Lagos] === TEACHER DETAILS PAGE START ===
[09-Mar-2026 12:55:15 Africa/Lagos] Request URI: /tenant/bitflux-wallet-1771434696/admin/teacher-details.php?id=5
[09-Mar-2026 12:55:15 Africa/Lagos] Script: /home/academixsuite/public_html/tenant/{school-slug}/admin/teacher-details.php
[09-Mar-2026 12:55:15 Africa/Lagos] School database connection successful
[09-Mar-2026 12:55:15 Africa/Lagos] TeacherManager initialized for school ID: 6
[09-Mar-2026 12:55:15 Africa/Lagos] TeacherManager initialized successfully
[09-Mar-2026 12:55:15 Africa/Lagos] Teacher details loaded for ID: 5
[09-Mar-2026 12:55:15 Africa/Lagos] === TEACHER DETAILS PAGE END ===
[09-Mar-2026 12:55:15 Africa/Lagos] ROUTER END: Successfully served /home/academixsuite/public_html/tenant/{school-slug}/admin/teacher-details.php
[09-Mar-2026 13:48:25 Africa/Lagos] === TEACHER DETAILS PAGE START ===
[09-Mar-2026 13:48:25 Africa/Lagos] Request URI: /tenant/bitflux-wallet-1771434696/admin/teacher-details.php?id=3
[09-Mar-2026 13:48:25 Africa/Lagos] Script: /home/academixsuite/public_html/tenant/{school-slug}/admin/teacher-details.php
[09-Mar-2026 13:48:25 Africa/Lagos] School database connection successful
[09-Mar-2026 13:48:25 Africa/Lagos] TeacherManager initialized for school ID: 6
[09-Mar-2026 13:48:25 Africa/Lagos] TeacherManager initialized successfully
[09-Mar-2026 13:48:25 Africa/Lagos] Teacher details loaded for ID: 3
[09-Mar-2026 13:48:25 Africa/Lagos] === TEACHER DETAILS PAGE END ===
[09-Mar-2026 13:48:25 Africa/Lagos] ROUTER END: Successfully served /home/academixsuite/public_html/tenant/{school-slug}/admin/teacher-details.php
[09-Mar-2026 13:48:50 Africa/Lagos] === TEACHER DETAILS PAGE START ===
[09-Mar-2026 13:48:50 Africa/Lagos] Request URI: /tenant/bitflux-wallet-1771434696/admin/teacher-details.php?id=3
[09-Mar-2026 13:48:50 Africa/Lagos] Script: /home/academixsuite/public_html/tenant/{school-slug}/admin/teacher-details.php
[09-Mar-2026 13:48:50 Africa/Lagos] School database connection successful
[09-Mar-2026 13:48:50 Africa/Lagos] TeacherManager initialized for school ID: 6
[09-Mar-2026 13:48:50 Africa/Lagos] TeacherManager initialized successfully
[09-Mar-2026 13:48:50 Africa/Lagos] Teacher details loaded for ID: 3
[09-Mar-2026 13:48:50 Africa/Lagos] === TEACHER DETAILS PAGE END ===
[09-Mar-2026 13:48:50 Africa/Lagos] ROUTER END: Successfully served /home/academixsuite/public_html/tenant/{school-slug}/admin/teacher-details.php
[09-Mar-2026 14:10:39 Africa/Lagos] === TEACHER DETAILS PAGE START ===
[09-Mar-2026 14:10:39 Africa/Lagos] Request URI: /tenant/bitflux-wallet-1771434696/admin/teacher-details.php?id=3
[09-Mar-2026 14:10:39 Africa/Lagos] Script: /home/academixsuite/public_html/tenant/{school-slug}/admin/teacher-details.php
[09-Mar-2026 14:10:39 Africa/Lagos] School database connection successful
[09-Mar-2026 14:10:39 Africa/Lagos] TeacherManager initialized for school ID: 6
[09-Mar-2026 14:10:39 Africa/Lagos] TeacherManager initialized successfully
[09-Mar-2026 14:10:39 Africa/Lagos] Teacher details loaded for ID: 3
[09-Mar-2026 14:10:39 Africa/Lagos] === TEACHER DETAILS PAGE END ===
[09-Mar-2026 14:10:39 Africa/Lagos] ROUTER END: Successfully served /home/academixsuite/public_html/tenant/{school-slug}/admin/teacher-details.php
[09-Mar-2026 14:10:42 Africa/Lagos] === TEACHER DETAILS PAGE START ===
[09-Mar-2026 14:10:42 Africa/Lagos] Request URI: /tenant/bitflux-wallet-1771434696/admin/teacher-details.php?id=3
[09-Mar-2026 14:10:42 Africa/Lagos] Script: /home/academixsuite/public_html/tenant/{school-slug}/admin/teacher-details.php
[09-Mar-2026 14:10:42 Africa/Lagos] School database connection successful
[09-Mar-2026 14:10:42 Africa/Lagos] TeacherManager initialized for school ID: 6
[09-Mar-2026 14:10:42 Africa/Lagos] TeacherManager initialized successfully
[09-Mar-2026 14:10:42 Africa/Lagos] Teacher details loaded for ID: 3
[09-Mar-2026 14:10:42 Africa/Lagos] === TEACHER DETAILS PAGE END ===
[09-Mar-2026 14:10:42 Africa/Lagos] ROUTER END: Successfully served /home/academixsuite/public_html/tenant/{school-slug}/admin/teacher-details.php
[09-Mar-2026 21:32:58 Africa/Lagos] === TEACHER DETAILS PAGE START ===
[09-Mar-2026 21:32:58 Africa/Lagos] Request URI: /tenant/bitflux-wallet-1771434696/admin/teacher-details.php?id=3
[09-Mar-2026 21:32:58 Africa/Lagos] Script: /home/academixsuite/public_html/tenant/{school-slug}/admin/teacher-details.php
[09-Mar-2026 21:32:58 Africa/Lagos] School database connection successful
[09-Mar-2026 21:32:58 Africa/Lagos] TeacherManager initialized for school ID: 6
[09-Mar-2026 21:32:58 Africa/Lagos] TeacherManager initialized successfully
[09-Mar-2026 21:32:58 Africa/Lagos] Teacher details loaded for ID: 3
[09-Mar-2026 21:32:58 Africa/Lagos] === TEACHER DETAILS PAGE END ===
[09-Mar-2026 21:32:58 Africa/Lagos] ROUTER END: Successfully served /home/academixsuite/public_html/tenant/{school-slug}/admin/teacher-details.php
[09-Mar-2026 21:33:04 Africa/Lagos] === TEACHER DETAILS PAGE START ===
[09-Mar-2026 21:33:04 Africa/Lagos] Request URI: /tenant/bitflux-wallet-1771434696/admin/teacher-details.php?id=3
[09-Mar-2026 21:33:04 Africa/Lagos] Script: /home/academixsuite/public_html/tenant/{school-slug}/admin/teacher-details.php
[09-Mar-2026 21:33:04 Africa/Lagos] School database connection successful
[09-Mar-2026 21:33:04 Africa/Lagos] TeacherManager initialized for school ID: 6
[09-Mar-2026 21:33:04 Africa/Lagos] TeacherManager initialized successfully
[09-Mar-2026 21:33:04 Africa/Lagos] Teacher details loaded for ID: 3
[09-Mar-2026 21:33:04 Africa/Lagos] === TEACHER DETAILS PAGE END ===
[09-Mar-2026 21:33:04 Africa/Lagos] ROUTER END: Successfully served /home/academixsuite/public_html/tenant/{school-slug}/admin/teacher-details.php
[09-Mar-2026 21:33:12 Africa/Lagos] === TEACHER DETAILS PAGE START ===
[09-Mar-2026 21:33:12 Africa/Lagos] Request URI: /tenant/bitflux-wallet-1771434696/admin/teacher-details.php?id=3
[09-Mar-2026 21:33:12 Africa/Lagos] Script: /home/academixsuite/public_html/tenant/{school-slug}/admin/teacher-details.php
[09-Mar-2026 21:33:12 Africa/Lagos] School database connection successful
[09-Mar-2026 21:33:12 Africa/Lagos] TeacherManager initialized for school ID: 6
[09-Mar-2026 21:33:12 Africa/Lagos] TeacherManager initialized successfully
[09-Mar-2026 21:33:12 Africa/Lagos] Teacher details loaded for ID: 3
[09-Mar-2026 21:33:12 Africa/Lagos] === TEACHER DETAILS PAGE END ===
[09-Mar-2026 21:33:12 Africa/Lagos] ROUTER END: Successfully served /home/academixsuite/public_html/tenant/{school-slug}/admin/teacher-details.php
[11-Mar-2026 19:10:15 Africa/Lagos] === TEACHER DETAILS PAGE START ===
[11-Mar-2026 19:10:15 Africa/Lagos] Request URI: /tenant/bitflux-wallet-1771434696/admin/teacher-details.php?id=9
[11-Mar-2026 19:10:15 Africa/Lagos] Script: /home/academixsuite/public_html/tenant/{school-slug}/admin/teacher-details.php
[11-Mar-2026 19:10:15 Africa/Lagos] School database connection successful
[11-Mar-2026 19:10:15 Africa/Lagos] TeacherManager initialized for school ID: 6
[11-Mar-2026 19:10:15 Africa/Lagos] TeacherManager initialized successfully
[11-Mar-2026 19:10:15 Africa/Lagos] Teacher details loaded for ID: 9
[11-Mar-2026 19:10:15 Africa/Lagos] === TEACHER DETAILS PAGE END ===
[11-Mar-2026 19:10:15 Africa/Lagos] ROUTER END: Successfully served /home/academixsuite/public_html/tenant/{school-slug}/admin/teacher-details.php
[11-Mar-2026 19:10:39 Africa/Lagos] === TEACHER DETAILS PAGE START ===
[11-Mar-2026 19:10:39 Africa/Lagos] Request URI: /tenant/bitflux-wallet-1771434696/admin/teacher-details.php?id=9
[11-Mar-2026 19:10:39 Africa/Lagos] Script: /home/academixsuite/public_html/tenant/{school-slug}/admin/teacher-details.php
[11-Mar-2026 19:10:39 Africa/Lagos] School database connection successful
[11-Mar-2026 19:10:39 Africa/Lagos] TeacherManager initialized for school ID: 6
[11-Mar-2026 19:10:39 Africa/Lagos] TeacherManager initialized successfully
[11-Mar-2026 19:10:39 Africa/Lagos] Teacher details loaded for ID: 9
[11-Mar-2026 19:10:39 Africa/Lagos] === TEACHER DETAILS PAGE END ===
[11-Mar-2026 19:10:39 Africa/Lagos] ROUTER END: Successfully served /home/academixsuite/public_html/tenant/{school-slug}/admin/teacher-details.php
[12-Mar-2026 10:52:58 Africa/Lagos] === TEACHER DETAILS PAGE START ===
[12-Mar-2026 10:52:58 Africa/Lagos] Request URI: /tenant/bitflux-wallet-1771434696/admin/teacher-details.php?id=6
[12-Mar-2026 10:52:58 Africa/Lagos] Script: /home/academixsuite/public_html/tenant/{school-slug}/admin/teacher-details.php
[12-Mar-2026 10:52:58 Africa/Lagos] School database connection successful
[12-Mar-2026 10:52:58 Africa/Lagos] TeacherManager initialized for school ID: 6
[12-Mar-2026 10:52:58 Africa/Lagos] TeacherManager initialized successfully
[12-Mar-2026 10:52:58 Africa/Lagos] Teacher details loaded for ID: 6
[12-Mar-2026 10:52:58 Africa/Lagos] === TEACHER DETAILS PAGE END ===
[12-Mar-2026 10:52:58 Africa/Lagos] ROUTER END: Successfully served /home/academixsuite/public_html/tenant/{school-slug}/admin/teacher-details.php
[12-Mar-2026 14:12:42 Africa/Lagos] === TEACHER DETAILS PAGE START ===
[12-Mar-2026 14:12:42 Africa/Lagos] Request URI: /tenant/bitflux-wallet-1771434696/admin/teacher-details.php?id=4
[12-Mar-2026 14:12:42 Africa/Lagos] Script: /home/academixsuite/public_html/tenant/{school-slug}/admin/teacher-details.php
[12-Mar-2026 14:12:42 Africa/Lagos] School database connection successful
[12-Mar-2026 14:12:42 Africa/Lagos] TeacherManager initialized for school ID: 6
[12-Mar-2026 14:12:42 Africa/Lagos] TeacherManager initialized successfully
[12-Mar-2026 14:12:42 Africa/Lagos] Teacher details loaded for ID: 4
[12-Mar-2026 14:12:42 Africa/Lagos] === TEACHER DETAILS PAGE END ===
[12-Mar-2026 14:12:42 Africa/Lagos] ROUTER END: Successfully served /home/academixsuite/public_html/tenant/{school-slug}/admin/teacher-details.php
[14-Mar-2026 17:34:44 Africa/Lagos] === TEACHER DETAILS PAGE START ===
[14-Mar-2026 17:34:44 Africa/Lagos] Request URI: /tenant/bitflux-wallet-1771434696/admin/teacher-details.php?id=11
[14-Mar-2026 17:34:44 Africa/Lagos] Script: /home/academixsuite/public_html/tenant/{school-slug}/admin/teacher-details.php
[14-Mar-2026 17:34:44 Africa/Lagos] School database connection successful
[14-Mar-2026 17:34:44 Africa/Lagos] TeacherManager initialized for school ID: 6
[14-Mar-2026 17:34:44 Africa/Lagos] TeacherManager initialized successfully
[14-Mar-2026 17:34:44 Africa/Lagos] Teacher details loaded for ID: 11
[14-Mar-2026 17:34:44 Africa/Lagos] === TEACHER DETAILS PAGE END ===
[14-Mar-2026 17:34:44 Africa/Lagos] ROUTER END: Successfully served /home/academixsuite/public_html/tenant/{school-slug}/admin/teacher-details.php
[29-Mar-2026 09:52:46 Africa/Lagos] === TEACHER DETAILS PAGE START ===
[29-Mar-2026 09:52:46 Africa/Lagos] Request URI: /tenant/bitflux-wallet-1771434696/admin/teacher-details.php?id=13
[29-Mar-2026 09:52:46 Africa/Lagos] Script: /home/academixsuite/public_html/tenant/{school-slug}/admin/teacher-details.php
[29-Mar-2026 09:52:46 Africa/Lagos] School database connection successful
[29-Mar-2026 09:52:46 Africa/Lagos] TeacherManager initialized for school ID: 6
[29-Mar-2026 09:52:46 Africa/Lagos] TeacherManager initialized successfully
[29-Mar-2026 09:52:46 Africa/Lagos] Teacher details loaded for ID: 13
[29-Mar-2026 09:52:46 Africa/Lagos] === TEACHER DETAILS PAGE END ===
[29-Mar-2026 09:52:46 Africa/Lagos] ROUTER END: Successfully served /home/academixsuite/public_html/tenant/{school-slug}/admin/teacher-details.php
