[05-Mar-2026 22:59:45 Africa/Lagos] === SCHOOL ADMIN PROFILE PAGE START ===
[05-Mar-2026 22:59:45 Africa/Lagos] Request URI: /tenant/bitflux-wallet-1771434696/admin/profile.php
[05-Mar-2026 22:59:45 Africa/Lagos] Script: /home/academixsuite/public_html/tenant/{school-slug}/admin/profile.php
[05-Mar-2026 22:59:45 Africa/Lagos] Platform database connection successful
[05-Mar-2026 22:59:45 Africa/Lagos] School database connection successful
[05-Mar-2026 22:59:45 Africa/Lagos] === SCHOOL ADMIN PROFILE PAGE END ===
[05-Mar-2026 22:59:45 Africa/Lagos] ROUTER END: Successfully served /home/academixsuite/public_html/tenant/{school-slug}/admin/profile.php
[05-Mar-2026 22:59:59 Africa/Lagos] === SCHOOL ADMIN PROFILE PAGE START ===
[05-Mar-2026 22:59:59 Africa/Lagos] Request URI: /tenant/bitflux-wallet-1771434696/admin/profile.php
[05-Mar-2026 22:59:59 Africa/Lagos] Script: /home/academixsuite/public_html/tenant/{school-slug}/admin/profile.php
[05-Mar-2026 22:59:59 Africa/Lagos] Platform database connection successful
[05-Mar-2026 22:59:59 Africa/Lagos] School database connection successful
[05-Mar-2026 22:59:59 Africa/Lagos] === SCHOOL ADMIN PROFILE PAGE END ===
[05-Mar-2026 22:59:59 Africa/Lagos] ROUTER END: Successfully served /home/academixsuite/public_html/tenant/{school-slug}/admin/profile.php
[05-Mar-2026 23:00:46 Africa/Lagos] === SCHOOL ADMIN PROFILE PAGE START ===
[05-Mar-2026 23:00:46 Africa/Lagos] Request URI: /tenant/bitflux-wallet-1771434696/admin/profile.php
[05-Mar-2026 23:00:46 Africa/Lagos] Script: /home/academixsuite/public_html/tenant/{school-slug}/admin/profile.php
[05-Mar-2026 23:00:46 Africa/Lagos] Platform database connection successful
[05-Mar-2026 23:00:46 Africa/Lagos] School database connection successful
[05-Mar-2026 23:00:46 Africa/Lagos] === SCHOOL ADMIN PROFILE PAGE END ===
[05-Mar-2026 23:00:46 Africa/Lagos] ROUTER END: Successfully served /home/academixsuite/public_html/tenant/{school-slug}/admin/profile.php
[06-Mar-2026 00:34:22 Africa/Lagos] === SCHOOL ADMIN PROFILE PAGE START ===
[06-Mar-2026 00:34:22 Africa/Lagos] Request URI: /tenant/bitflux-wallet-1771434696/admin/profile.php
[06-Mar-2026 00:34:22 Africa/Lagos] Script: /home/academixsuite/public_html/tenant/{school-slug}/admin/profile.php
[06-Mar-2026 00:34:22 Africa/Lagos] Platform database connection successful
[06-Mar-2026 00:34:22 Africa/Lagos] School database connection successful
[06-Mar-2026 00:34:22 Africa/Lagos] === SCHOOL ADMIN PROFILE PAGE END ===
[06-Mar-2026 00:34:22 Africa/Lagos] ROUTER END: Successfully served /home/academixsuite/public_html/tenant/{school-slug}/admin/profile.php
[06-Mar-2026 09:23:33 Africa/Lagos] === SCHOOL ADMIN PROFILE PAGE START ===
[06-Mar-2026 09:23:33 Africa/Lagos] Request URI: /tenant/bitflux-wallet-1771434696/admin/profile.php
[06-Mar-2026 09:23:33 Africa/Lagos] Script: /home/academixsuite/public_html/tenant/{school-slug}/admin/profile.php
[06-Mar-2026 09:23:33 Africa/Lagos] Platform database connection successful
[06-Mar-2026 09:23:33 Africa/Lagos] School database connection successful
[06-Mar-2026 09:23:33 Africa/Lagos] === SCHOOL ADMIN PROFILE PAGE END ===
[06-Mar-2026 09:23:33 Africa/Lagos] ROUTER END: Successfully served /home/academixsuite/public_html/tenant/{school-slug}/admin/profile.php
[06-Mar-2026 10:40:15 Africa/Lagos] === SCHOOL ADMIN PROFILE PAGE START ===
[06-Mar-2026 10:40:15 Africa/Lagos] Request URI: /tenant/bitflux-wallet-1771434696/admin/profile.php
[06-Mar-2026 10:40:15 Africa/Lagos] Script: /home/academixsuite/public_html/tenant/{school-slug}/admin/profile.php
[06-Mar-2026 10:40:15 Africa/Lagos] Platform database connection successful
[06-Mar-2026 10:40:15 Africa/Lagos] School database connection successful
[06-Mar-2026 10:40:15 Africa/Lagos] === SCHOOL ADMIN PROFILE PAGE END ===
[06-Mar-2026 10:40:15 Africa/Lagos] ROUTER END: Successfully served /home/academixsuite/public_html/tenant/{school-slug}/admin/profile.php
[10-Mar-2026 00:35:13 Africa/Lagos] === SCHOOL ADMIN PROFILE PAGE START ===
[10-Mar-2026 00:35:13 Africa/Lagos] Request URI: /tenant/bitflux-wallet-1771434696/admin/profile.php
[10-Mar-2026 00:35:13 Africa/Lagos] Script: /home/academixsuite/public_html/tenant/{school-slug}/admin/profile.php
[10-Mar-2026 00:35:13 Africa/Lagos] Platform database connection successful
[10-Mar-2026 00:35:13 Africa/Lagos] School database connection successful
[10-Mar-2026 00:35:13 Africa/Lagos] === SCHOOL ADMIN PROFILE PAGE END ===
[10-Mar-2026 00:35:13 Africa/Lagos] ROUTER END: Successfully served /home/academixsuite/public_html/tenant/{school-slug}/admin/profile.php
[10-Mar-2026 00:36:28 Africa/Lagos] === SCHOOL ADMIN PROFILE PAGE START ===
[10-Mar-2026 00:36:28 Africa/Lagos] Request URI: /tenant/bitflux-wallet-1771434696/admin/profile.php
[10-Mar-2026 00:36:28 Africa/Lagos] Script: /home/academixsuite/public_html/tenant/{school-slug}/admin/profile.php
[10-Mar-2026 00:36:28 Africa/Lagos] Platform database connection successful
[10-Mar-2026 00:36:28 Africa/Lagos] School database connection successful
[10-Mar-2026 00:36:28 Africa/Lagos] === SCHOOL ADMIN PROFILE PAGE END ===
[10-Mar-2026 00:36:28 Africa/Lagos] ROUTER END: Successfully served /home/academixsuite/public_html/tenant/{school-slug}/admin/profile.php
[10-Mar-2026 00:57:25 Africa/Lagos] === SCHOOL ADMIN PROFILE PAGE START ===
[10-Mar-2026 00:57:25 Africa/Lagos] Request URI: /tenant/bitflux-wallet-1771434696/admin/profile.php
[10-Mar-2026 00:57:25 Africa/Lagos] Script: /home/academixsuite/public_html/tenant/{school-slug}/admin/profile.php
[10-Mar-2026 00:57:25 Africa/Lagos] Platform database connection successful
[10-Mar-2026 00:57:25 Africa/Lagos] School database connection successful
[10-Mar-2026 00:57:25 Africa/Lagos] === SCHOOL ADMIN PROFILE PAGE END ===
[10-Mar-2026 00:57:25 Africa/Lagos] ROUTER END: Successfully served /home/academixsuite/public_html/tenant/{school-slug}/admin/profile.php
[10-Mar-2026 01:00:37 Africa/Lagos] === SCHOOL ADMIN PROFILE PAGE START ===
[10-Mar-2026 01:00:37 Africa/Lagos] Request URI: /tenant/bitflux-wallet-1771434696/admin/profile.php
[10-Mar-2026 01:00:37 Africa/Lagos] Script: /home/academixsuite/public_html/tenant/{school-slug}/admin/profile.php
[10-Mar-2026 01:00:37 Africa/Lagos] Platform database connection successful
[10-Mar-2026 01:00:37 Africa/Lagos] School database connection successful
[10-Mar-2026 01:00:37 Africa/Lagos] === SCHOOL ADMIN PROFILE PAGE END ===
[10-Mar-2026 01:00:37 Africa/Lagos] ROUTER END: Successfully served /home/academixsuite/public_html/tenant/{school-slug}/admin/profile.php
[10-Mar-2026 01:07:20 Africa/Lagos] === SCHOOL ADMIN PROFILE PAGE START ===
[10-Mar-2026 01:07:20 Africa/Lagos] Request URI: /tenant/bitflux-wallet-1771434696/admin/profile.php
[10-Mar-2026 01:07:20 Africa/Lagos] Script: /home/academixsuite/public_html/tenant/{school-slug}/admin/profile.php
[10-Mar-2026 01:07:20 Africa/Lagos] Platform database connection successful
[10-Mar-2026 01:07:20 Africa/Lagos] School database connection successful
[10-Mar-2026 01:07:20 Africa/Lagos] === SCHOOL ADMIN PROFILE PAGE END ===
[10-Mar-2026 01:07:20 Africa/Lagos] ROUTER END: Successfully served /home/academixsuite/public_html/tenant/{school-slug}/admin/profile.php
