[12-Mar-2026 11:45:51 Africa/Lagos] === CLASS DETAILS PAGE START ===
[12-Mar-2026 11:45:51 Africa/Lagos] Script: /home/academixsuite/public_html/tenant/{school-slug}/admin/class-details.php
[12-Mar-2026 11:45:51 Africa/Lagos] School Slug: bitflux-wallet-1771434696
[12-Mar-2026 11:45:51 Africa/Lagos] School ID: 6
[12-Mar-2026 11:45:51 Africa/Lagos] School Name: bitflux wallet
[12-Mar-2026 11:45:51 Africa/Lagos] Authenticated User ID: 1
[12-Mar-2026 11:45:51 Africa/Lagos] Loading autoload from: /home/academixsuite/public_html/tenant/{school-slug}/admin/../../../includes/autoload.php
[12-Mar-2026 11:45:51 Africa/Lagos] Autoload loaded successfully
[12-Mar-2026 11:45:51 Africa/Lagos] Database class found
[12-Mar-2026 11:45:51 Africa/Lagos] NotificationManager loaded successfully
[12-Mar-2026 11:45:51 Africa/Lagos] Attempting to connect to database: school_6
[12-Mar-2026 11:45:51 Africa/Lagos] School database connection successful
[12-Mar-2026 11:45:51 Africa/Lagos] === CLASS DETAILS PAGE END ===
[12-Mar-2026 11:45:51 Africa/Lagos] ROUTER END: Successfully served /home/academixsuite/public_html/tenant/{school-slug}/admin/class-details.php
[12-Mar-2026 11:47:00 Africa/Lagos] === CLASS DETAILS PAGE START ===
[12-Mar-2026 11:47:00 Africa/Lagos] Script: /home/academixsuite/public_html/tenant/{school-slug}/admin/class-details.php
[12-Mar-2026 11:47:00 Africa/Lagos] School Slug: bitflux-wallet-1771434696
[12-Mar-2026 11:47:00 Africa/Lagos] School ID: 6
[12-Mar-2026 11:47:00 Africa/Lagos] School Name: bitflux wallet
[12-Mar-2026 11:47:00 Africa/Lagos] Authenticated User ID: 1
[12-Mar-2026 11:47:00 Africa/Lagos] Loading autoload from: /home/academixsuite/public_html/tenant/{school-slug}/admin/../../../includes/autoload.php
[12-Mar-2026 11:47:00 Africa/Lagos] Autoload loaded successfully
[12-Mar-2026 11:47:00 Africa/Lagos] Database class found
[12-Mar-2026 11:47:00 Africa/Lagos] NotificationManager loaded successfully
[12-Mar-2026 11:47:00 Africa/Lagos] Attempting to connect to database: school_6
[12-Mar-2026 11:47:00 Africa/Lagos] School database connection successful
[12-Mar-2026 11:47:00 Africa/Lagos] === CLASS DETAILS PAGE END ===
[12-Mar-2026 11:47:00 Africa/Lagos] ROUTER END: Successfully served /home/academixsuite/public_html/tenant/{school-slug}/admin/class-details.php
[12-Mar-2026 11:47:19 Africa/Lagos] === CLASS DETAILS PAGE START ===
[12-Mar-2026 11:47:19 Africa/Lagos] Script: /home/academixsuite/public_html/tenant/{school-slug}/admin/class-details.php
[12-Mar-2026 11:47:19 Africa/Lagos] School Slug: bitflux-wallet-1771434696
[12-Mar-2026 11:47:19 Africa/Lagos] School ID: 6
[12-Mar-2026 11:47:19 Africa/Lagos] School Name: bitflux wallet
[12-Mar-2026 11:47:19 Africa/Lagos] Authenticated User ID: 1
[12-Mar-2026 11:47:19 Africa/Lagos] Loading autoload from: /home/academixsuite/public_html/tenant/{school-slug}/admin/../../../includes/autoload.php
[12-Mar-2026 11:47:19 Africa/Lagos] Autoload loaded successfully
[12-Mar-2026 11:47:19 Africa/Lagos] Database class found
[12-Mar-2026 11:47:19 Africa/Lagos] NotificationManager loaded successfully
[12-Mar-2026 11:47:19 Africa/Lagos] Attempting to connect to database: school_6
[12-Mar-2026 11:47:19 Africa/Lagos] School database connection successful
[12-Mar-2026 11:47:19 Africa/Lagos] === CLASS DETAILS PAGE END ===
[12-Mar-2026 11:47:19 Africa/Lagos] ROUTER END: Successfully served /home/academixsuite/public_html/tenant/{school-slug}/admin/class-details.php
[12-Mar-2026 11:50:26 Africa/Lagos] === CLASS DETAILS PAGE START ===
[12-Mar-2026 11:50:26 Africa/Lagos] Script: /home/academixsuite/public_html/tenant/{school-slug}/admin/class-details.php
[12-Mar-2026 11:50:26 Africa/Lagos] School Slug: bitflux-wallet-1771434696
[12-Mar-2026 11:50:26 Africa/Lagos] School ID: 6
[12-Mar-2026 11:50:26 Africa/Lagos] School Name: bitflux wallet
[12-Mar-2026 11:50:26 Africa/Lagos] Authenticated User ID: 1
[12-Mar-2026 11:50:26 Africa/Lagos] Loading autoload from: /home/academixsuite/public_html/tenant/{school-slug}/admin/../../../includes/autoload.php
[12-Mar-2026 11:50:26 Africa/Lagos] Autoload loaded successfully
[12-Mar-2026 11:50:26 Africa/Lagos] Database class found
[12-Mar-2026 11:50:26 Africa/Lagos] NotificationManager loaded successfully
[12-Mar-2026 11:50:26 Africa/Lagos] Attempting to connect to database: school_6
[12-Mar-2026 11:50:26 Africa/Lagos] School database connection successful
[12-Mar-2026 11:50:26 Africa/Lagos] === CLASS DETAILS PAGE END ===
[12-Mar-2026 11:50:26 Africa/Lagos] ROUTER END: Successfully served /home/academixsuite/public_html/tenant/{school-slug}/admin/class-details.php
[12-Mar-2026 11:56:08 Africa/Lagos] === CLASS DETAILS PAGE START ===
[12-Mar-2026 11:56:08 Africa/Lagos] Script: /home/academixsuite/public_html/tenant/{school-slug}/admin/class-details.php
[12-Mar-2026 11:56:08 Africa/Lagos] School Slug: bitflux-wallet-1771434696
[12-Mar-2026 11:56:08 Africa/Lagos] School ID: 6
[12-Mar-2026 11:56:08 Africa/Lagos] School Name: bitflux wallet
[12-Mar-2026 11:56:08 Africa/Lagos] Authenticated User ID: 1
[12-Mar-2026 11:56:08 Africa/Lagos] Loading autoload from: /home/academixsuite/public_html/tenant/{school-slug}/admin/../../../includes/autoload.php
[12-Mar-2026 11:56:08 Africa/Lagos] Autoload loaded successfully
[12-Mar-2026 11:56:08 Africa/Lagos] Database class found
[12-Mar-2026 11:56:08 Africa/Lagos] NotificationManager loaded successfully
[12-Mar-2026 11:56:08 Africa/Lagos] Attempting to connect to database: school_6
[12-Mar-2026 11:56:08 Africa/Lagos] School database connection successful
[12-Mar-2026 11:56:08 Africa/Lagos] === CLASS DETAILS PAGE END ===
[12-Mar-2026 11:56:08 Africa/Lagos] ROUTER END: Successfully served /home/academixsuite/public_html/tenant/{school-slug}/admin/class-details.php
[12-Mar-2026 12:06:46 Africa/Lagos] === CLASS DETAILS PAGE START ===
[12-Mar-2026 12:06:46 Africa/Lagos] Script: /home/academixsuite/public_html/tenant/{school-slug}/admin/class-details.php
[12-Mar-2026 12:06:46 Africa/Lagos] School Slug: bitflux-wallet-1771434696
[12-Mar-2026 12:06:46 Africa/Lagos] School ID: 6
[12-Mar-2026 12:06:46 Africa/Lagos] School Name: bitflux wallet
[12-Mar-2026 12:06:46 Africa/Lagos] Authenticated User ID: 1
[12-Mar-2026 12:06:46 Africa/Lagos] Loading autoload from: /home/academixsuite/public_html/tenant/{school-slug}/admin/../../../includes/autoload.php
[12-Mar-2026 12:06:46 Africa/Lagos] Autoload loaded successfully
[12-Mar-2026 12:06:46 Africa/Lagos] Database class found
[12-Mar-2026 12:06:46 Africa/Lagos] NotificationManager loaded successfully
[12-Mar-2026 12:06:46 Africa/Lagos] Attempting to connect to database: school_6
[12-Mar-2026 12:06:46 Africa/Lagos] School database connection successful
[12-Mar-2026 12:06:46 Africa/Lagos] === CLASS DETAILS PAGE END ===
[12-Mar-2026 12:06:46 Africa/Lagos] ROUTER END: Successfully served /home/academixsuite/public_html/tenant/{school-slug}/admin/class-details.php
[12-Mar-2026 12:12:34 Africa/Lagos] === CLASS DETAILS PAGE START ===
[12-Mar-2026 12:12:34 Africa/Lagos] Script: /home/academixsuite/public_html/tenant/{school-slug}/admin/class-details.php
[12-Mar-2026 12:12:34 Africa/Lagos] School Slug: bitflux-wallet-1771434696
[12-Mar-2026 12:12:34 Africa/Lagos] School ID: 6
[12-Mar-2026 12:12:34 Africa/Lagos] School Name: bitflux wallet
[12-Mar-2026 12:12:34 Africa/Lagos] Authenticated User ID: 1
[12-Mar-2026 12:12:34 Africa/Lagos] Loading autoload from: /home/academixsuite/public_html/tenant/{school-slug}/admin/../../../includes/autoload.php
[12-Mar-2026 12:12:34 Africa/Lagos] Autoload loaded successfully
[12-Mar-2026 12:12:34 Africa/Lagos] Database class found
[12-Mar-2026 12:12:34 Africa/Lagos] NotificationManager loaded successfully
[12-Mar-2026 12:12:34 Africa/Lagos] Attempting to connect to database: school_6
[12-Mar-2026 12:12:34 Africa/Lagos] School database connection successful
[12-Mar-2026 12:12:34 Africa/Lagos] === CLASS DETAILS PAGE END ===
[12-Mar-2026 12:12:34 Africa/Lagos] ROUTER END: Successfully served /home/academixsuite/public_html/tenant/{school-slug}/admin/class-details.php
[12-Mar-2026 12:13:02 Africa/Lagos] === CLASS DETAILS PAGE START ===
[12-Mar-2026 12:13:02 Africa/Lagos] Script: /home/academixsuite/public_html/tenant/{school-slug}/admin/class-details.php
[12-Mar-2026 12:13:02 Africa/Lagos] School Slug: bitflux-wallet-1771434696
[12-Mar-2026 12:13:02 Africa/Lagos] School ID: 6
[12-Mar-2026 12:13:02 Africa/Lagos] School Name: bitflux wallet
[12-Mar-2026 12:13:02 Africa/Lagos] Authenticated User ID: 1
[12-Mar-2026 12:13:02 Africa/Lagos] Loading autoload from: /home/academixsuite/public_html/tenant/{school-slug}/admin/../../../includes/autoload.php
[12-Mar-2026 12:13:02 Africa/Lagos] Autoload loaded successfully
[12-Mar-2026 12:13:02 Africa/Lagos] Database class found
[12-Mar-2026 12:13:02 Africa/Lagos] NotificationManager loaded successfully
[12-Mar-2026 12:13:02 Africa/Lagos] Attempting to connect to database: school_6
[12-Mar-2026 12:13:02 Africa/Lagos] School database connection successful
[12-Mar-2026 12:13:02 Africa/Lagos] === CLASS DETAILS PAGE END ===
[12-Mar-2026 12:13:02 Africa/Lagos] ROUTER END: Successfully served /home/academixsuite/public_html/tenant/{school-slug}/admin/class-details.php
[12-Mar-2026 12:13:22 Africa/Lagos] === CLASS DETAILS PAGE START ===
[12-Mar-2026 12:13:22 Africa/Lagos] Script: /home/academixsuite/public_html/tenant/{school-slug}/admin/class-details.php
[12-Mar-2026 12:13:22 Africa/Lagos] School Slug: bitflux-wallet-1771434696
[12-Mar-2026 12:13:22 Africa/Lagos] School ID: 6
[12-Mar-2026 12:13:22 Africa/Lagos] School Name: bitflux wallet
[12-Mar-2026 12:13:22 Africa/Lagos] Authenticated User ID: 1
[12-Mar-2026 12:13:22 Africa/Lagos] Loading autoload from: /home/academixsuite/public_html/tenant/{school-slug}/admin/../../../includes/autoload.php
[12-Mar-2026 12:13:22 Africa/Lagos] Autoload loaded successfully
[12-Mar-2026 12:13:22 Africa/Lagos] Database class found
[12-Mar-2026 12:13:22 Africa/Lagos] NotificationManager loaded successfully
[12-Mar-2026 12:13:22 Africa/Lagos] Attempting to connect to database: school_6
[12-Mar-2026 12:13:22 Africa/Lagos] School database connection successful
[12-Mar-2026 12:13:22 Africa/Lagos] === CLASS DETAILS PAGE END ===
[12-Mar-2026 12:13:22 Africa/Lagos] ROUTER END: Successfully served /home/academixsuite/public_html/tenant/{school-slug}/admin/class-details.php
[12-Mar-2026 12:32:18 Africa/Lagos] === CLASS DETAILS PAGE START ===
[12-Mar-2026 12:32:18 Africa/Lagos] Script: /home/academixsuite/public_html/tenant/{school-slug}/admin/class-details.php
[12-Mar-2026 12:32:18 Africa/Lagos] School Slug: bitflux-wallet-1771434696
[12-Mar-2026 12:32:18 Africa/Lagos] School ID: 6
[12-Mar-2026 12:32:18 Africa/Lagos] School Name: bitflux wallet
[12-Mar-2026 12:32:18 Africa/Lagos] Authenticated User ID: 1
[12-Mar-2026 12:32:18 Africa/Lagos] Loading autoload from: /home/academixsuite/public_html/tenant/{school-slug}/admin/../../../includes/autoload.php
[12-Mar-2026 12:32:18 Africa/Lagos] Autoload loaded successfully
[12-Mar-2026 12:32:18 Africa/Lagos] Database class found
[12-Mar-2026 12:32:18 Africa/Lagos] NotificationManager loaded successfully
[12-Mar-2026 12:32:18 Africa/Lagos] Attempting to connect to database: school_6
[12-Mar-2026 12:32:18 Africa/Lagos] School database connection successful
[12-Mar-2026 12:32:18 Africa/Lagos] === CLASS DETAILS PAGE END ===
[12-Mar-2026 12:32:18 Africa/Lagos] ROUTER END: Successfully served /home/academixsuite/public_html/tenant/{school-slug}/admin/class-details.php
[12-Mar-2026 12:35:42 Africa/Lagos] === CLASS DETAILS PAGE START ===
[12-Mar-2026 12:35:42 Africa/Lagos] Script: /home/academixsuite/public_html/tenant/{school-slug}/admin/class-details.php
[12-Mar-2026 12:35:42 Africa/Lagos] School Slug: bitflux-wallet-1771434696
[12-Mar-2026 12:35:42 Africa/Lagos] School ID: 6
[12-Mar-2026 12:35:42 Africa/Lagos] School Name: bitflux wallet
[12-Mar-2026 12:35:42 Africa/Lagos] Authenticated User ID: 1
[12-Mar-2026 12:35:42 Africa/Lagos] Loading autoload from: /home/academixsuite/public_html/tenant/{school-slug}/admin/../../../includes/autoload.php
[12-Mar-2026 12:35:42 Africa/Lagos] Autoload loaded successfully
[12-Mar-2026 12:35:42 Africa/Lagos] Database class found
[12-Mar-2026 12:35:42 Africa/Lagos] NotificationManager loaded successfully
[12-Mar-2026 12:35:42 Africa/Lagos] Attempting to connect to database: school_6
[12-Mar-2026 12:35:42 Africa/Lagos] School database connection successful
[12-Mar-2026 12:35:42 Africa/Lagos] === CLASS DETAILS PAGE END ===
[12-Mar-2026 12:35:42 Africa/Lagos] ROUTER END: Successfully served /home/academixsuite/public_html/tenant/{school-slug}/admin/class-details.php
[12-Mar-2026 12:39:49 Africa/Lagos] === CLASS DETAILS PAGE START ===
[12-Mar-2026 12:39:49 Africa/Lagos] Script: /home/academixsuite/public_html/tenant/{school-slug}/admin/class-details.php
[12-Mar-2026 12:39:49 Africa/Lagos] School Slug: bitflux-wallet-1771434696
[12-Mar-2026 12:39:49 Africa/Lagos] School ID: 6
[12-Mar-2026 12:39:49 Africa/Lagos] School Name: bitflux wallet
[12-Mar-2026 12:39:49 Africa/Lagos] Authenticated User ID: 1
[12-Mar-2026 12:39:49 Africa/Lagos] Loading autoload from: /home/academixsuite/public_html/tenant/{school-slug}/admin/../../../includes/autoload.php
[12-Mar-2026 12:39:49 Africa/Lagos] Autoload loaded successfully
[12-Mar-2026 12:39:49 Africa/Lagos] Database class found
[12-Mar-2026 12:39:49 Africa/Lagos] NotificationManager loaded successfully
[12-Mar-2026 12:39:49 Africa/Lagos] Attempting to connect to database: school_6
[12-Mar-2026 12:39:49 Africa/Lagos] School database connection successful
[12-Mar-2026 12:39:49 Africa/Lagos] === CLASS DETAILS PAGE END ===
[12-Mar-2026 12:39:49 Africa/Lagos] ROUTER END: Successfully served /home/academixsuite/public_html/tenant/{school-slug}/admin/class-details.php
[12-Mar-2026 12:40:24 Africa/Lagos] === CLASS DETAILS PAGE START ===
[12-Mar-2026 12:40:24 Africa/Lagos] Script: /home/academixsuite/public_html/tenant/{school-slug}/admin/class-details.php
[12-Mar-2026 12:40:24 Africa/Lagos] School Slug: bitflux-wallet-1771434696
[12-Mar-2026 12:40:24 Africa/Lagos] School ID: 6
[12-Mar-2026 12:40:24 Africa/Lagos] School Name: bitflux wallet
[12-Mar-2026 12:40:24 Africa/Lagos] Authenticated User ID: 1
[12-Mar-2026 12:40:24 Africa/Lagos] Loading autoload from: /home/academixsuite/public_html/tenant/{school-slug}/admin/../../../includes/autoload.php
[12-Mar-2026 12:40:24 Africa/Lagos] Autoload loaded successfully
[12-Mar-2026 12:40:24 Africa/Lagos] Database class found
[12-Mar-2026 12:40:24 Africa/Lagos] NotificationManager loaded successfully
[12-Mar-2026 12:40:24 Africa/Lagos] Attempting to connect to database: school_6
[12-Mar-2026 12:40:24 Africa/Lagos] School database connection successful
[12-Mar-2026 12:40:24 Africa/Lagos] === CLASS DETAILS PAGE END ===
[12-Mar-2026 12:40:24 Africa/Lagos] ROUTER END: Successfully served /home/academixsuite/public_html/tenant/{school-slug}/admin/class-details.php
[12-Mar-2026 12:41:28 Africa/Lagos] === CLASS DETAILS PAGE START ===
[12-Mar-2026 12:41:28 Africa/Lagos] Script: /home/academixsuite/public_html/tenant/{school-slug}/admin/class-details.php
[12-Mar-2026 12:41:28 Africa/Lagos] School Slug: bitflux-wallet-1771434696
[12-Mar-2026 12:41:28 Africa/Lagos] School ID: 6
[12-Mar-2026 12:41:28 Africa/Lagos] School Name: bitflux wallet
[12-Mar-2026 12:41:28 Africa/Lagos] Authenticated User ID: 1
[12-Mar-2026 12:41:28 Africa/Lagos] Loading autoload from: /home/academixsuite/public_html/tenant/{school-slug}/admin/../../../includes/autoload.php
[12-Mar-2026 12:41:28 Africa/Lagos] Autoload loaded successfully
[12-Mar-2026 12:41:28 Africa/Lagos] Database class found
[12-Mar-2026 12:41:28 Africa/Lagos] NotificationManager loaded successfully
[12-Mar-2026 12:41:28 Africa/Lagos] Attempting to connect to database: school_6
[12-Mar-2026 12:41:28 Africa/Lagos] School database connection successful
[12-Mar-2026 12:41:28 Africa/Lagos] === CLASS DETAILS PAGE END ===
[12-Mar-2026 12:41:28 Africa/Lagos] ROUTER END: Successfully served /home/academixsuite/public_html/tenant/{school-slug}/admin/class-details.php
[12-Mar-2026 12:45:16 Africa/Lagos] === CLASS DETAILS PAGE START ===
[12-Mar-2026 12:45:16 Africa/Lagos] Script: /home/academixsuite/public_html/tenant/{school-slug}/admin/class-details.php
[12-Mar-2026 12:45:16 Africa/Lagos] School Slug: bitflux-wallet-1771434696
[12-Mar-2026 12:45:16 Africa/Lagos] School ID: 6
[12-Mar-2026 12:45:16 Africa/Lagos] School Name: bitflux wallet
[12-Mar-2026 12:45:16 Africa/Lagos] Authenticated User ID: 1
[12-Mar-2026 12:45:16 Africa/Lagos] Loading autoload from: /home/academixsuite/public_html/tenant/{school-slug}/admin/../../../includes/autoload.php
[12-Mar-2026 12:45:16 Africa/Lagos] Autoload loaded successfully
[12-Mar-2026 12:45:16 Africa/Lagos] Database class found
[12-Mar-2026 12:45:16 Africa/Lagos] NotificationManager loaded successfully
[12-Mar-2026 12:45:16 Africa/Lagos] Attempting to connect to database: school_6
[12-Mar-2026 12:45:16 Africa/Lagos] School database connection successful
[12-Mar-2026 12:45:16 Africa/Lagos] === CLASS DETAILS PAGE END ===
[12-Mar-2026 12:45:16 Africa/Lagos] ROUTER END: Successfully served /home/academixsuite/public_html/tenant/{school-slug}/admin/class-details.php
[12-Mar-2026 12:45:56 Africa/Lagos] === CLASS DETAILS PAGE START ===
[12-Mar-2026 12:45:56 Africa/Lagos] Script: /home/academixsuite/public_html/tenant/{school-slug}/admin/class-details.php
[12-Mar-2026 12:45:56 Africa/Lagos] School Slug: bitflux-wallet-1771434696
[12-Mar-2026 12:45:56 Africa/Lagos] School ID: 6
[12-Mar-2026 12:45:56 Africa/Lagos] School Name: bitflux wallet
[12-Mar-2026 12:45:56 Africa/Lagos] Authenticated User ID: 1
[12-Mar-2026 12:45:56 Africa/Lagos] Loading autoload from: /home/academixsuite/public_html/tenant/{school-slug}/admin/../../../includes/autoload.php
[12-Mar-2026 12:45:56 Africa/Lagos] Autoload loaded successfully
[12-Mar-2026 12:45:56 Africa/Lagos] Database class found
[12-Mar-2026 12:45:56 Africa/Lagos] NotificationManager loaded successfully
[12-Mar-2026 12:45:56 Africa/Lagos] Attempting to connect to database: school_6
[12-Mar-2026 12:45:56 Africa/Lagos] School database connection successful
[12-Mar-2026 12:45:56 Africa/Lagos] === CLASS DETAILS PAGE END ===
[12-Mar-2026 12:45:56 Africa/Lagos] ROUTER END: Successfully served /home/academixsuite/public_html/tenant/{school-slug}/admin/class-details.php
[12-Mar-2026 13:16:57 Africa/Lagos] === CLASS DETAILS PAGE START ===
[12-Mar-2026 13:16:57 Africa/Lagos] Script: /home/academixsuite/public_html/tenant/{school-slug}/admin/class-details.php
[12-Mar-2026 13:16:57 Africa/Lagos] School Slug: bitflux-wallet-1771434696
[12-Mar-2026 13:16:57 Africa/Lagos] School ID: 6
[12-Mar-2026 13:16:57 Africa/Lagos] School Name: bitflux wallet
[12-Mar-2026 13:16:57 Africa/Lagos] Authenticated User ID: 1
[12-Mar-2026 13:16:57 Africa/Lagos] Loading autoload from: /home/academixsuite/public_html/tenant/{school-slug}/admin/../../../includes/autoload.php
[12-Mar-2026 13:16:57 Africa/Lagos] Autoload loaded successfully
[12-Mar-2026 13:16:57 Africa/Lagos] Database class found
[12-Mar-2026 13:16:57 Africa/Lagos] NotificationManager loaded successfully
[12-Mar-2026 13:16:57 Africa/Lagos] Attempting to connect to database: school_6
[12-Mar-2026 13:16:57 Africa/Lagos] School database connection successful
[12-Mar-2026 13:16:57 Africa/Lagos] === CLASS DETAILS PAGE END ===
[12-Mar-2026 13:16:57 Africa/Lagos] ROUTER END: Successfully served /home/academixsuite/public_html/tenant/{school-slug}/admin/class-details.php
[12-Mar-2026 13:17:39 Africa/Lagos] === CLASS DETAILS PAGE START ===
[12-Mar-2026 13:17:39 Africa/Lagos] Script: /home/academixsuite/public_html/tenant/{school-slug}/admin/class-details.php
[12-Mar-2026 13:17:39 Africa/Lagos] School Slug: bitflux-wallet-1771434696
[12-Mar-2026 13:17:39 Africa/Lagos] School ID: 6
[12-Mar-2026 13:17:39 Africa/Lagos] School Name: bitflux wallet
[12-Mar-2026 13:17:39 Africa/Lagos] Authenticated User ID: 1
[12-Mar-2026 13:17:39 Africa/Lagos] Loading autoload from: /home/academixsuite/public_html/tenant/{school-slug}/admin/../../../includes/autoload.php
[12-Mar-2026 13:17:39 Africa/Lagos] Autoload loaded successfully
[12-Mar-2026 13:17:39 Africa/Lagos] Database class found
[12-Mar-2026 13:17:39 Africa/Lagos] NotificationManager loaded successfully
[12-Mar-2026 13:17:39 Africa/Lagos] Attempting to connect to database: school_6
[12-Mar-2026 13:17:39 Africa/Lagos] School database connection successful
[12-Mar-2026 13:17:39 Africa/Lagos] === CLASS DETAILS PAGE END ===
[12-Mar-2026 13:17:39 Africa/Lagos] ROUTER END: Successfully served /home/academixsuite/public_html/tenant/{school-slug}/admin/class-details.php
[12-Mar-2026 14:19:19 Africa/Lagos] === CLASS DETAILS PAGE START ===
[12-Mar-2026 14:19:19 Africa/Lagos] Script: /home/academixsuite/public_html/tenant/{school-slug}/admin/class-details.php
[12-Mar-2026 14:19:19 Africa/Lagos] School Slug: bitflux-wallet-1771434696
[12-Mar-2026 14:19:19 Africa/Lagos] School ID: 6
[12-Mar-2026 14:19:19 Africa/Lagos] School Name: bitflux wallet
[12-Mar-2026 14:19:19 Africa/Lagos] Authenticated User ID: 1
[12-Mar-2026 14:19:19 Africa/Lagos] Loading autoload from: /home/academixsuite/public_html/tenant/{school-slug}/admin/../../../includes/autoload.php
[12-Mar-2026 14:19:19 Africa/Lagos] Autoload loaded successfully
[12-Mar-2026 14:19:19 Africa/Lagos] Database class found
[12-Mar-2026 14:19:19 Africa/Lagos] NotificationManager loaded successfully
[12-Mar-2026 14:19:19 Africa/Lagos] Attempting to connect to database: school_6
[12-Mar-2026 14:19:19 Africa/Lagos] School database connection successful
[12-Mar-2026 14:19:19 Africa/Lagos] === CLASS DETAILS PAGE END ===
[12-Mar-2026 14:19:19 Africa/Lagos] ROUTER END: Successfully served /home/academixsuite/public_html/tenant/{school-slug}/admin/class-details.php
[14-Mar-2026 17:36:45 Africa/Lagos] === CLASS DETAILS PAGE START ===
[14-Mar-2026 17:36:45 Africa/Lagos] Script: /home/academixsuite/public_html/tenant/{school-slug}/admin/class-details.php
[14-Mar-2026 17:36:45 Africa/Lagos] School Slug: bitflux-wallet-1771434696
[14-Mar-2026 17:36:45 Africa/Lagos] School ID: 6
[14-Mar-2026 17:36:45 Africa/Lagos] School Name: bitflux wallet
[14-Mar-2026 17:36:45 Africa/Lagos] Authenticated User ID: 1
[14-Mar-2026 17:36:45 Africa/Lagos] Loading autoload from: /home/academixsuite/public_html/tenant/{school-slug}/admin/../../../includes/autoload.php
[14-Mar-2026 17:36:45 Africa/Lagos] Autoload loaded successfully
[14-Mar-2026 17:36:45 Africa/Lagos] Database class found
[14-Mar-2026 17:36:45 Africa/Lagos] NotificationManager loaded successfully
[14-Mar-2026 17:36:45 Africa/Lagos] Attempting to connect to database: school_6
[14-Mar-2026 17:36:45 Africa/Lagos] School database connection successful
[14-Mar-2026 17:36:45 Africa/Lagos] === CLASS DETAILS PAGE END ===
[14-Mar-2026 17:36:45 Africa/Lagos] ROUTER END: Successfully served /home/academixsuite/public_html/tenant/{school-slug}/admin/class-details.php
[24-Mar-2026 09:27:47 Africa/Lagos] === CLASS DETAILS PAGE START ===
[24-Mar-2026 09:27:47 Africa/Lagos] Script: /home/academixsuite/public_html/tenant/{school-slug}/admin/class-details.php
[24-Mar-2026 09:27:47 Africa/Lagos] School Slug: bitflux-wallet-1771434696
[24-Mar-2026 09:27:47 Africa/Lagos] School ID: 6
[24-Mar-2026 09:27:47 Africa/Lagos] School Name: bitflux wallet
[24-Mar-2026 09:27:47 Africa/Lagos] Authenticated User ID: 1
[24-Mar-2026 09:27:47 Africa/Lagos] Loading autoload from: /home/academixsuite/public_html/tenant/{school-slug}/admin/../../../includes/autoload.php
[24-Mar-2026 09:27:47 Africa/Lagos] Autoload loaded successfully
[24-Mar-2026 09:27:47 Africa/Lagos] Database class found
[24-Mar-2026 09:27:47 Africa/Lagos] NotificationManager loaded successfully
[24-Mar-2026 09:27:47 Africa/Lagos] Attempting to connect to database: school_6
[24-Mar-2026 09:27:47 Africa/Lagos] School database connection successful
[24-Mar-2026 09:27:47 Africa/Lagos] === CLASS DETAILS PAGE END ===
[24-Mar-2026 09:27:47 Africa/Lagos] ROUTER END: Successfully served /home/academixsuite/public_html/tenant/{school-slug}/admin/class-details.php
[24-Mar-2026 09:30:03 Africa/Lagos] === CLASS DETAILS PAGE START ===
[24-Mar-2026 09:30:03 Africa/Lagos] Script: /home/academixsuite/public_html/tenant/{school-slug}/admin/class-details.php
[24-Mar-2026 09:30:03 Africa/Lagos] School Slug: bitflux-wallet-1771434696
[24-Mar-2026 09:30:03 Africa/Lagos] School ID: 6
[24-Mar-2026 09:30:03 Africa/Lagos] School Name: bitflux wallet
[24-Mar-2026 09:30:03 Africa/Lagos] Authenticated User ID: 1
[24-Mar-2026 09:30:03 Africa/Lagos] Loading autoload from: /home/academixsuite/public_html/tenant/{school-slug}/admin/../../../includes/autoload.php
[24-Mar-2026 09:30:03 Africa/Lagos] Autoload loaded successfully
[24-Mar-2026 09:30:03 Africa/Lagos] Database class found
[24-Mar-2026 09:30:03 Africa/Lagos] NotificationManager loaded successfully
[24-Mar-2026 09:30:03 Africa/Lagos] Attempting to connect to database: school_6
[24-Mar-2026 09:30:03 Africa/Lagos] School database connection successful
[24-Mar-2026 09:30:03 Africa/Lagos] === CLASS DETAILS PAGE END ===
[24-Mar-2026 09:30:03 Africa/Lagos] ROUTER END: Successfully served /home/academixsuite/public_html/tenant/{school-slug}/admin/class-details.php
[24-Mar-2026 09:49:52 Africa/Lagos] === CLASS DETAILS PAGE START ===
[24-Mar-2026 09:49:52 Africa/Lagos] Script: /home/academixsuite/public_html/tenant/{school-slug}/admin/class-details.php
[24-Mar-2026 09:49:52 Africa/Lagos] School Slug: bitflux-wallet-1771434696
[24-Mar-2026 09:49:52 Africa/Lagos] School ID: 6
[24-Mar-2026 09:49:52 Africa/Lagos] School Name: bitflux wallet
[24-Mar-2026 09:49:52 Africa/Lagos] Authenticated User ID: 1
[24-Mar-2026 09:49:52 Africa/Lagos] Loading autoload from: /home/academixsuite/public_html/tenant/{school-slug}/admin/../../../includes/autoload.php
[24-Mar-2026 09:49:52 Africa/Lagos] Autoload loaded successfully
[24-Mar-2026 09:49:52 Africa/Lagos] Database class found
[24-Mar-2026 09:49:52 Africa/Lagos] NotificationManager loaded successfully
[24-Mar-2026 09:49:52 Africa/Lagos] Attempting to connect to database: school_6
[24-Mar-2026 09:49:52 Africa/Lagos] School database connection successful
[24-Mar-2026 09:49:52 Africa/Lagos] === CLASS DETAILS PAGE END ===
[24-Mar-2026 09:49:52 Africa/Lagos] ROUTER END: Successfully served /home/academixsuite/public_html/tenant/{school-slug}/admin/class-details.php
