[12-Mar-2026 12:12:15 Africa/Lagos] === EDIT CLASS PAGE START ===
[12-Mar-2026 12:12:15 Africa/Lagos] Script: /home/academixsuite/public_html/tenant/{school-slug}/admin/edit-class.php
[12-Mar-2026 12:12:15 Africa/Lagos] School Slug: bitflux-wallet-1771434696
[12-Mar-2026 12:12:15 Africa/Lagos] School ID: 6
[12-Mar-2026 12:12:15 Africa/Lagos] School Name: bitflux wallet
[12-Mar-2026 12:12:15 Africa/Lagos] Authenticated User ID: 1
[12-Mar-2026 12:12:15 Africa/Lagos] Loading autoload from: /home/academixsuite/public_html/tenant/{school-slug}/admin/../../../includes/autoload.php
[12-Mar-2026 12:12:15 Africa/Lagos] Autoload loaded successfully
[12-Mar-2026 12:12:15 Africa/Lagos] Database class found
[12-Mar-2026 12:12:15 Africa/Lagos] NotificationManager loaded successfully
[12-Mar-2026 12:12:15 Africa/Lagos] Attempting to connect to database: school_6
[12-Mar-2026 12:12:15 Africa/Lagos] School database connection successful
[12-Mar-2026 12:12:15 Africa/Lagos] === EDIT CLASS PAGE END ===
[12-Mar-2026 12:12:15 Africa/Lagos] ROUTER END: Successfully served /home/academixsuite/public_html/tenant/{school-slug}/admin/edit-class.php
[12-Mar-2026 12:12:53 Africa/Lagos] === EDIT CLASS PAGE START ===
[12-Mar-2026 12:12:53 Africa/Lagos] Script: /home/academixsuite/public_html/tenant/{school-slug}/admin/edit-class.php
[12-Mar-2026 12:12:53 Africa/Lagos] School Slug: bitflux-wallet-1771434696
[12-Mar-2026 12:12:53 Africa/Lagos] School ID: 6
[12-Mar-2026 12:12:53 Africa/Lagos] School Name: bitflux wallet
[12-Mar-2026 12:12:53 Africa/Lagos] Authenticated User ID: 1
[12-Mar-2026 12:12:53 Africa/Lagos] Loading autoload from: /home/academixsuite/public_html/tenant/{school-slug}/admin/../../../includes/autoload.php
[12-Mar-2026 12:12:53 Africa/Lagos] Autoload loaded successfully
[12-Mar-2026 12:12:53 Africa/Lagos] Database class found
[12-Mar-2026 12:12:53 Africa/Lagos] NotificationManager loaded successfully
[12-Mar-2026 12:12:53 Africa/Lagos] Attempting to connect to database: school_6
[12-Mar-2026 12:12:53 Africa/Lagos] School database connection successful
[12-Mar-2026 12:12:53 Africa/Lagos] === EDIT CLASS PAGE END ===
[12-Mar-2026 12:12:53 Africa/Lagos] ROUTER END: Successfully served /home/academixsuite/public_html/tenant/{school-slug}/admin/edit-class.php
[12-Mar-2026 12:13:24 Africa/Lagos] === EDIT CLASS PAGE START ===
[12-Mar-2026 12:13:24 Africa/Lagos] Script: /home/academixsuite/public_html/tenant/{school-slug}/admin/edit-class.php
[12-Mar-2026 12:13:24 Africa/Lagos] School Slug: bitflux-wallet-1771434696
[12-Mar-2026 12:13:24 Africa/Lagos] School ID: 6
[12-Mar-2026 12:13:24 Africa/Lagos] School Name: bitflux wallet
[12-Mar-2026 12:13:24 Africa/Lagos] Authenticated User ID: 1
[12-Mar-2026 12:13:24 Africa/Lagos] Loading autoload from: /home/academixsuite/public_html/tenant/{school-slug}/admin/../../../includes/autoload.php
[12-Mar-2026 12:13:24 Africa/Lagos] Autoload loaded successfully
[12-Mar-2026 12:13:24 Africa/Lagos] Database class found
[12-Mar-2026 12:13:24 Africa/Lagos] NotificationManager loaded successfully
[12-Mar-2026 12:13:24 Africa/Lagos] Attempting to connect to database: school_6
[12-Mar-2026 12:13:24 Africa/Lagos] School database connection successful
[12-Mar-2026 12:13:24 Africa/Lagos] === EDIT CLASS PAGE END ===
[12-Mar-2026 12:13:24 Africa/Lagos] ROUTER END: Successfully served /home/academixsuite/public_html/tenant/{school-slug}/admin/edit-class.php
[12-Mar-2026 12:14:06 Africa/Lagos] === EDIT CLASS PAGE START ===
[12-Mar-2026 12:14:06 Africa/Lagos] Script: /home/academixsuite/public_html/tenant/{school-slug}/admin/edit-class.php
[12-Mar-2026 12:14:06 Africa/Lagos] School Slug: bitflux-wallet-1771434696
[12-Mar-2026 12:14:06 Africa/Lagos] School ID: 6
[12-Mar-2026 12:14:06 Africa/Lagos] School Name: bitflux wallet
[12-Mar-2026 12:14:06 Africa/Lagos] Authenticated User ID: 1
[12-Mar-2026 12:14:06 Africa/Lagos] Loading autoload from: /home/academixsuite/public_html/tenant/{school-slug}/admin/../../../includes/autoload.php
[12-Mar-2026 12:14:06 Africa/Lagos] Autoload loaded successfully
[12-Mar-2026 12:14:06 Africa/Lagos] Database class found
[12-Mar-2026 12:14:06 Africa/Lagos] NotificationManager loaded successfully
[12-Mar-2026 12:14:06 Africa/Lagos] Attempting to connect to database: school_6
[12-Mar-2026 12:14:06 Africa/Lagos] School database connection successful
[12-Mar-2026 12:14:06 Africa/Lagos] === EDIT CLASS PAGE END ===
[12-Mar-2026 12:14:06 Africa/Lagos] ROUTER END: Successfully served /home/academixsuite/public_html/tenant/{school-slug}/admin/edit-class.php
[12-Mar-2026 12:14:17 Africa/Lagos] === EDIT CLASS PAGE START ===
[12-Mar-2026 12:14:17 Africa/Lagos] Script: /home/academixsuite/public_html/tenant/{school-slug}/admin/edit-class.php
[12-Mar-2026 12:14:17 Africa/Lagos] School Slug: bitflux-wallet-1771434696
[12-Mar-2026 12:14:17 Africa/Lagos] School ID: 6
[12-Mar-2026 12:14:17 Africa/Lagos] School Name: bitflux wallet
[12-Mar-2026 12:14:17 Africa/Lagos] Authenticated User ID: 1
[12-Mar-2026 12:14:17 Africa/Lagos] Loading autoload from: /home/academixsuite/public_html/tenant/{school-slug}/admin/../../../includes/autoload.php
[12-Mar-2026 12:14:17 Africa/Lagos] Autoload loaded successfully
[12-Mar-2026 12:14:17 Africa/Lagos] Database class found
[12-Mar-2026 12:14:17 Africa/Lagos] NotificationManager loaded successfully
[12-Mar-2026 12:14:17 Africa/Lagos] Attempting to connect to database: school_6
[12-Mar-2026 12:14:17 Africa/Lagos] School database connection successful
[12-Mar-2026 12:14:17 Africa/Lagos] === EDIT CLASS PAGE END ===
[12-Mar-2026 12:14:17 Africa/Lagos] ROUTER END: Successfully served /home/academixsuite/public_html/tenant/{school-slug}/admin/edit-class.php
[12-Mar-2026 12:31:26 Africa/Lagos] === EDIT CLASS PAGE START ===
[12-Mar-2026 12:31:26 Africa/Lagos] Script: /home/academixsuite/public_html/tenant/{school-slug}/admin/edit-class.php
[12-Mar-2026 12:31:26 Africa/Lagos] School Slug: bitflux-wallet-1771434696
[12-Mar-2026 12:31:26 Africa/Lagos] School ID: 6
[12-Mar-2026 12:31:26 Africa/Lagos] School Name: bitflux wallet
[12-Mar-2026 12:31:26 Africa/Lagos] Authenticated User ID: 1
[12-Mar-2026 12:31:26 Africa/Lagos] Loading autoload from: /home/academixsuite/public_html/tenant/{school-slug}/admin/../../../includes/autoload.php
[12-Mar-2026 12:31:26 Africa/Lagos] Autoload loaded successfully
[12-Mar-2026 12:31:26 Africa/Lagos] Database class found
[12-Mar-2026 12:31:26 Africa/Lagos] NotificationManager loaded successfully
[12-Mar-2026 12:31:26 Africa/Lagos] Attempting to connect to database: school_6
[12-Mar-2026 12:31:26 Africa/Lagos] School database connection successful
[12-Mar-2026 12:31:26 Africa/Lagos] === EDIT CLASS PAGE END ===
[12-Mar-2026 12:31:26 Africa/Lagos] ROUTER END: Successfully served /home/academixsuite/public_html/tenant/{school-slug}/admin/edit-class.php
[12-Mar-2026 12:32:38 Africa/Lagos] === EDIT CLASS PAGE START ===
[12-Mar-2026 12:32:38 Africa/Lagos] Script: /home/academixsuite/public_html/tenant/{school-slug}/admin/edit-class.php
[12-Mar-2026 12:32:38 Africa/Lagos] School Slug: bitflux-wallet-1771434696
[12-Mar-2026 12:32:38 Africa/Lagos] School ID: 6
[12-Mar-2026 12:32:38 Africa/Lagos] School Name: bitflux wallet
[12-Mar-2026 12:32:38 Africa/Lagos] Authenticated User ID: 1
[12-Mar-2026 12:32:38 Africa/Lagos] Loading autoload from: /home/academixsuite/public_html/tenant/{school-slug}/admin/../../../includes/autoload.php
[12-Mar-2026 12:32:38 Africa/Lagos] Autoload loaded successfully
[12-Mar-2026 12:32:38 Africa/Lagos] Database class found
[12-Mar-2026 12:32:38 Africa/Lagos] NotificationManager loaded successfully
[12-Mar-2026 12:32:38 Africa/Lagos] Attempting to connect to database: school_6
[12-Mar-2026 12:32:38 Africa/Lagos] School database connection successful
[12-Mar-2026 12:32:38 Africa/Lagos] === EDIT CLASS PAGE END ===
[12-Mar-2026 12:32:38 Africa/Lagos] ROUTER END: Successfully served /home/academixsuite/public_html/tenant/{school-slug}/admin/edit-class.php
[12-Mar-2026 12:32:53 Africa/Lagos] === EDIT CLASS PAGE START ===
[12-Mar-2026 12:32:53 Africa/Lagos] Script: /home/academixsuite/public_html/tenant/{school-slug}/admin/edit-class.php
[12-Mar-2026 12:32:53 Africa/Lagos] School Slug: bitflux-wallet-1771434696
[12-Mar-2026 12:32:53 Africa/Lagos] School ID: 6
[12-Mar-2026 12:32:53 Africa/Lagos] School Name: bitflux wallet
[12-Mar-2026 12:32:53 Africa/Lagos] Authenticated User ID: 1
[12-Mar-2026 12:32:53 Africa/Lagos] Loading autoload from: /home/academixsuite/public_html/tenant/{school-slug}/admin/../../../includes/autoload.php
[12-Mar-2026 12:32:53 Africa/Lagos] Autoload loaded successfully
[12-Mar-2026 12:32:53 Africa/Lagos] Database class found
[12-Mar-2026 12:32:53 Africa/Lagos] NotificationManager loaded successfully
[12-Mar-2026 12:32:53 Africa/Lagos] Attempting to connect to database: school_6
[12-Mar-2026 12:32:53 Africa/Lagos] School database connection successful
[12-Mar-2026 12:32:53 Africa/Lagos] Error processing action: SQLSTATE[42S22]: Column not found: 1054 Unknown column 'updated_at' in 'SET'
[12-Mar-2026 12:32:53 Africa/Lagos] === EDIT CLASS PAGE END ===
[12-Mar-2026 12:32:53 Africa/Lagos] ROUTER END: Successfully served /home/academixsuite/public_html/tenant/{school-slug}/admin/edit-class.php
[12-Mar-2026 13:17:49 Africa/Lagos] === EDIT CLASS PAGE START ===
[12-Mar-2026 13:17:49 Africa/Lagos] Script: /home/academixsuite/public_html/tenant/{school-slug}/admin/edit-class.php
[12-Mar-2026 13:17:49 Africa/Lagos] School Slug: bitflux-wallet-1771434696
[12-Mar-2026 13:17:49 Africa/Lagos] School ID: 6
[12-Mar-2026 13:17:49 Africa/Lagos] School Name: bitflux wallet
[12-Mar-2026 13:17:49 Africa/Lagos] Authenticated User ID: 1
[12-Mar-2026 13:17:49 Africa/Lagos] Loading autoload from: /home/academixsuite/public_html/tenant/{school-slug}/admin/../../../includes/autoload.php
[12-Mar-2026 13:17:49 Africa/Lagos] Autoload loaded successfully
[12-Mar-2026 13:17:49 Africa/Lagos] Database class found
[12-Mar-2026 13:17:49 Africa/Lagos] NotificationManager loaded successfully
[12-Mar-2026 13:17:49 Africa/Lagos] Attempting to connect to database: school_6
[12-Mar-2026 13:17:49 Africa/Lagos] School database connection successful
[12-Mar-2026 13:17:49 Africa/Lagos] === EDIT CLASS PAGE END ===
[12-Mar-2026 13:17:49 Africa/Lagos] ROUTER END: Successfully served /home/academixsuite/public_html/tenant/{school-slug}/admin/edit-class.php
[12-Mar-2026 14:19:24 Africa/Lagos] === EDIT CLASS PAGE START ===
[12-Mar-2026 14:19:24 Africa/Lagos] Script: /home/academixsuite/public_html/tenant/{school-slug}/admin/edit-class.php
[12-Mar-2026 14:19:24 Africa/Lagos] School Slug: bitflux-wallet-1771434696
[12-Mar-2026 14:19:24 Africa/Lagos] School ID: 6
[12-Mar-2026 14:19:24 Africa/Lagos] School Name: bitflux wallet
[12-Mar-2026 14:19:24 Africa/Lagos] Authenticated User ID: 1
[12-Mar-2026 14:19:24 Africa/Lagos] Loading autoload from: /home/academixsuite/public_html/tenant/{school-slug}/admin/../../../includes/autoload.php
[12-Mar-2026 14:19:24 Africa/Lagos] Autoload loaded successfully
[12-Mar-2026 14:19:24 Africa/Lagos] Database class found
[12-Mar-2026 14:19:24 Africa/Lagos] NotificationManager loaded successfully
[12-Mar-2026 14:19:24 Africa/Lagos] Attempting to connect to database: school_6
[12-Mar-2026 14:19:24 Africa/Lagos] School database connection successful
[12-Mar-2026 14:19:24 Africa/Lagos] === EDIT CLASS PAGE END ===
[12-Mar-2026 14:19:24 Africa/Lagos] ROUTER END: Successfully served /home/academixsuite/public_html/tenant/{school-slug}/admin/edit-class.php
[12-Mar-2026 14:20:21 Africa/Lagos] === EDIT CLASS PAGE START ===
[12-Mar-2026 14:20:21 Africa/Lagos] Script: /home/academixsuite/public_html/tenant/{school-slug}/admin/edit-class.php
[12-Mar-2026 14:20:21 Africa/Lagos] School Slug: bitflux-wallet-1771434696
[12-Mar-2026 14:20:21 Africa/Lagos] School ID: 6
[12-Mar-2026 14:20:21 Africa/Lagos] School Name: bitflux wallet
[12-Mar-2026 14:20:21 Africa/Lagos] Authenticated User ID: 1
[12-Mar-2026 14:20:21 Africa/Lagos] Loading autoload from: /home/academixsuite/public_html/tenant/{school-slug}/admin/../../../includes/autoload.php
[12-Mar-2026 14:20:21 Africa/Lagos] Autoload loaded successfully
[12-Mar-2026 14:20:21 Africa/Lagos] Database class found
[12-Mar-2026 14:20:21 Africa/Lagos] NotificationManager loaded successfully
[12-Mar-2026 14:20:21 Africa/Lagos] Attempting to connect to database: school_6
[12-Mar-2026 14:20:21 Africa/Lagos] School database connection successful
[12-Mar-2026 14:20:21 Africa/Lagos] Error processing action: SQLSTATE[42S22]: Column not found: 1054 Unknown column 'updated_at' in 'SET'
[12-Mar-2026 14:20:21 Africa/Lagos] === EDIT CLASS PAGE END ===
[12-Mar-2026 14:20:21 Africa/Lagos] ROUTER END: Successfully served /home/academixsuite/public_html/tenant/{school-slug}/admin/edit-class.php
[24-Mar-2026 09:27:55 Africa/Lagos] === EDIT CLASS PAGE START ===
[24-Mar-2026 09:27:55 Africa/Lagos] Script: /home/academixsuite/public_html/tenant/{school-slug}/admin/edit-class.php
[24-Mar-2026 09:27:55 Africa/Lagos] School Slug: bitflux-wallet-1771434696
[24-Mar-2026 09:27:55 Africa/Lagos] School ID: 6
[24-Mar-2026 09:27:55 Africa/Lagos] School Name: bitflux wallet
[24-Mar-2026 09:27:55 Africa/Lagos] Authenticated User ID: 1
[24-Mar-2026 09:27:55 Africa/Lagos] Loading autoload from: /home/academixsuite/public_html/tenant/{school-slug}/admin/../../../includes/autoload.php
[24-Mar-2026 09:27:55 Africa/Lagos] Autoload loaded successfully
[24-Mar-2026 09:27:55 Africa/Lagos] Database class found
[24-Mar-2026 09:27:55 Africa/Lagos] NotificationManager loaded successfully
[24-Mar-2026 09:27:55 Africa/Lagos] Attempting to connect to database: school_6
[24-Mar-2026 09:27:55 Africa/Lagos] School database connection successful
[24-Mar-2026 09:27:55 Africa/Lagos] === EDIT CLASS PAGE END ===
[24-Mar-2026 09:27:55 Africa/Lagos] ROUTER END: Successfully served /home/academixsuite/public_html/tenant/{school-slug}/admin/edit-class.php
